job 215259  host vll3  Mon 21 Sep 2026 01:36:44 AM KST
config /data/hyuntak/project/2026/2027_cvpr/vjepa2/configs/analysis/intphys2/bench_intphys2_main_vjepa21g.yaml
/data2/local_datasets/world/Benchmark/IntPhys2/Main
W0921 01:36:48.653000 948181 site-packages/torch/distributed/run.py:862] 
W0921 01:36:48.653000 948181 site-packages/torch/distributed/run.py:862] *****************************************
W0921 01:36:48.653000 948181 site-packages/torch/distributed/run.py:862] Setting OMP_NUM_THREADS environment variable for each process to be 1 in default, to avoid your system being overloaded, please further tune the variable for optimal performance in your application as needed. 
W0921 01:36:48.653000 948181 site-packages/torch/distributed/run.py:862] *****************************************
/data/hyuntak/anaconda3/envs/vjepa2/lib/python3.12/site-packages/timm/models/layers/__init__.py:49: FutureWarning: Importing from timm.models.layers is deprecated, please import via timm.layers
  warnings.warn(f"Importing from {__name__} is deprecated, please import via timm.layers", FutureWarning)
/data/hyuntak/anaconda3/envs/vjepa2/lib/python3.12/site-packages/timm/models/layers/__init__.py:49: FutureWarning: Importing from timm.models.layers is deprecated, please import via timm.layers
  warnings.warn(f"Importing from {__name__} is deprecated, please import via timm.layers", FutureWarning)
/data/hyuntak/anaconda3/envs/vjepa2/lib/python3.12/site-packages/timm/models/layers/__init__.py:49: FutureWarning: Importing from timm.models.layers is deprecated, please import via timm.layers
  warnings.warn(f"Importing from {__name__} is deprecated, please import via timm.layers", FutureWarning)
/data/hyuntak/anaconda3/envs/vjepa2/lib/python3.12/site-packages/timm/models/layers/__init__.py:49: FutureWarning: Importing from timm.models.layers is deprecated, please import via timm.layers
  warnings.warn(f"Importing from {__name__} is deprecated, please import via timm.layers", FutureWarning)
/data/hyuntak/anaconda3/envs/vjepa2/lib/python3.12/site-packages/timm/models/layers/__init__.py:49: FutureWarning: Importing from timm.models.layers is deprecated, please import via timm.layers
  warnings.warn(f"Importing from {__name__} is deprecated, please import via timm.layers", FutureWarning)
/data/hyuntak/anaconda3/envs/vjepa2/lib/python3.12/site-packages/timm/models/layers/__init__.py:49: FutureWarning: Importing from timm.models.layers is deprecated, please import via timm.layers
  warnings.warn(f"Importing from {__name__} is deprecated, please import via timm.layers", FutureWarning)
/data/hyuntak/anaconda3/envs/vjepa2/lib/python3.12/site-packages/timm/models/layers/__init__.py:49: FutureWarning: Importing from timm.models.layers is deprecated, please import via timm.layers
  warnings.warn(f"Importing from {__name__} is deprecated, please import via timm.layers", FutureWarning)
/data/hyuntak/anaconda3/envs/vjepa2/lib/python3.12/site-packages/timm/models/layers/__init__.py:49: FutureWarning: Importing from timm.models.layers is deprecated, please import via timm.layers
  warnings.warn(f"Importing from {__name__} is deprecated, please import via timm.layers", FutureWarning)
[rank0] 2026-09-21 01:36:58,814 INFO analysis.intphys2.eval :: rank 0/8 (ddp=True)
[rank0] 2026-09-21 01:36:58,814 INFO analysis.intphys2.eval :: config: /data/hyuntak/project/2026/2027_cvpr/vjepa2/configs/analysis/intphys2/bench_intphys2_main_vjepa21g.yaml
[rank0] 2026-09-21 01:36:58,814 INFO analysis.intphys2.eval :: {
  "tag": "bench_intphys2_main_vjepa21g",
  "folder": "/data/hyuntak/project/2026/2027_cvpr/vjepa2/z_research/Benchmarks/exp_results/intphys2",
  "data": {
    "root": "/data2/local_datasets/world/Benchmark/IntPhys2",
    "dataset_variant": "intphys2",
    "split": "Main",
    "target_fps": 6.0,
    "min_frames": 8,
    "img_size": 256,
    "decord_threads": 2,
    "frame_step": 10,
    "crop_margin_ratio": 1.0
  },
  "surprise": {
    "window_size": 48,
    "context_length": 12,
    "context_length_sweep": [
      4,
      6,
      8,
      10,
      12,
      14,
      18,
      24,
      30,
      36,
      42
    ],
    "stride": 2,
    "distance": "l1",
    "loss_exp": 1.0,
    "target_layer_norm": false,
    "aggregation": "avg",
    "protocol": "growing",
    "max_window_batch": 2,
    "mask_index": 0,
    "context_forward_mode": "masked"
  },
  "evaluation": {
    "compute_pairwise": true,
    "compute_auroc": true,
    "breakdown_by": [
      "condition",
      "difficulty",
      "camera"
    ],
    "ddp": true,
    "num_workers": 6,
    "prefetch_factor": 2,
    "pin_memory": true,
    "verbose": true,
    "log_every_videos": 25,
    "limit_videos": null,
    "pairing": "type_matched"
  },
  "output": {
    "save_per_video": true,
    "save_per_window": true,
    "save_config": true,
    "plot_breakdowns": true,
    "plot_context_sweep": true,
    "plot_scene_curves": false,
    "scene_curve_indices": null
  }
}
[rank0] 2026-09-21 01:36:58,827 INFO analysis.model_loaders :: [loader vjepa2_1] /data2/local_datasets/world/Benchmark/ckpt/vjepa2_1_vitg_384.pt
[rank6] 2026-09-21 01:36:58,922 INFO analysis.intphys2.eval :: rank 6/8 (ddp=True)
[rank6] 2026-09-21 01:36:58,922 INFO analysis.intphys2.eval :: config: /data/hyuntak/project/2026/2027_cvpr/vjepa2/configs/analysis/intphys2/bench_intphys2_main_vjepa21g.yaml
[rank6] 2026-09-21 01:36:58,928 INFO analysis.model_loaders :: [loader vjepa2_1] /data2/local_datasets/world/Benchmark/ckpt/vjepa2_1_vitg_384.pt
[rank2] 2026-09-21 01:36:58,936 INFO analysis.intphys2.eval :: rank 2/8 (ddp=True)
[rank2] 2026-09-21 01:36:58,937 INFO analysis.intphys2.eval :: config: /data/hyuntak/project/2026/2027_cvpr/vjepa2/configs/analysis/intphys2/bench_intphys2_main_vjepa21g.yaml
[rank2] 2026-09-21 01:36:58,943 INFO analysis.model_loaders :: [loader vjepa2_1] /data2/local_datasets/world/Benchmark/ckpt/vjepa2_1_vitg_384.pt
[rank5] 2026-09-21 01:36:58,957 INFO analysis.intphys2.eval :: rank 5/8 (ddp=True)
[rank5] 2026-09-21 01:36:58,957 INFO analysis.intphys2.eval :: config: /data/hyuntak/project/2026/2027_cvpr/vjepa2/configs/analysis/intphys2/bench_intphys2_main_vjepa21g.yaml
[rank5] 2026-09-21 01:36:58,963 INFO analysis.model_loaders :: [loader vjepa2_1] /data2/local_datasets/world/Benchmark/ckpt/vjepa2_1_vitg_384.pt
[rank3] 2026-09-21 01:36:58,968 INFO analysis.intphys2.eval :: rank 3/8 (ddp=True)
[rank3] 2026-09-21 01:36:58,968 INFO analysis.intphys2.eval :: config: /data/hyuntak/project/2026/2027_cvpr/vjepa2/configs/analysis/intphys2/bench_intphys2_main_vjepa21g.yaml
[rank7] 2026-09-21 01:36:58,972 INFO analysis.intphys2.eval :: rank 7/8 (ddp=True)
[rank7] 2026-09-21 01:36:58,973 INFO analysis.intphys2.eval :: config: /data/hyuntak/project/2026/2027_cvpr/vjepa2/configs/analysis/intphys2/bench_intphys2_main_vjepa21g.yaml
[rank3] 2026-09-21 01:36:58,974 INFO analysis.model_loaders :: [loader vjepa2_1] /data2/local_datasets/world/Benchmark/ckpt/vjepa2_1_vitg_384.pt
[rank7] 2026-09-21 01:36:58,978 INFO analysis.model_loaders :: [loader vjepa2_1] /data2/local_datasets/world/Benchmark/ckpt/vjepa2_1_vitg_384.pt
[rank4] 2026-09-21 01:36:59,000 INFO analysis.intphys2.eval :: rank 4/8 (ddp=True)
[rank4] 2026-09-21 01:36:59,000 INFO analysis.intphys2.eval :: config: /data/hyuntak/project/2026/2027_cvpr/vjepa2/configs/analysis/intphys2/bench_intphys2_main_vjepa21g.yaml
[rank4] 2026-09-21 01:36:59,007 INFO analysis.model_loaders :: [loader vjepa2_1] /data2/local_datasets/world/Benchmark/ckpt/vjepa2_1_vitg_384.pt
[rank1] 2026-09-21 01:36:59,013 INFO analysis.intphys2.eval :: rank 1/8 (ddp=True)
[rank1] 2026-09-21 01:36:59,013 INFO analysis.intphys2.eval :: config: /data/hyuntak/project/2026/2027_cvpr/vjepa2/configs/analysis/intphys2/bench_intphys2_main_vjepa21g.yaml
[rank1] 2026-09-21 01:36:59,021 INFO analysis.model_loaders :: [loader vjepa2_1] /data2/local_datasets/world/Benchmark/ckpt/vjepa2_1_vitg_384.pt
[rank2] 2026-09-21 01:37:53,246 INFO analysis.intphys2.dataset :: IntPhys2 [Main] loaded 1012 videos from /data2/local_datasets/world/Benchmark/IntPhys2/Main/metadata.csv
[rank2] 2026-09-21 01:37:53,247 INFO analysis.intphys2.eval :: intphys2 dataset: 1012 videos
[rank2] 2026-09-21 01:37:53,248 INFO analysis.intphys2.eval :: scoring 127/1012 videos (rank 2/8) across 11 context length(s): [4, 6, 8, 10, 12, 14, 18, 24, 30, 36, 42]  (num_workers=6)
[rank4] 2026-09-21 01:37:53,349 INFO analysis.intphys2.dataset :: IntPhys2 [Main] loaded 1012 videos from /data2/local_datasets/world/Benchmark/IntPhys2/Main/metadata.csv
[rank4] 2026-09-21 01:37:53,350 INFO analysis.intphys2.eval :: intphys2 dataset: 1012 videos
[rank4] 2026-09-21 01:37:53,350 INFO analysis.intphys2.eval :: scoring 126/1012 videos (rank 4/8) across 11 context length(s): [4, 6, 8, 10, 12, 14, 18, 24, 30, 36, 42]  (num_workers=6)
[rank3] 2026-09-21 01:37:53,425 INFO analysis.intphys2.dataset :: IntPhys2 [Main] loaded 1012 videos from /data2/local_datasets/world/Benchmark/IntPhys2/Main/metadata.csv
[rank3] 2026-09-21 01:37:53,426 INFO analysis.intphys2.eval :: intphys2 dataset: 1012 videos
[rank3] 2026-09-21 01:37:53,427 INFO analysis.intphys2.eval :: scoring 127/1012 videos (rank 3/8) across 11 context length(s): [4, 6, 8, 10, 12, 14, 18, 24, 30, 36, 42]  (num_workers=6)
[rank7] 2026-09-21 01:37:53,578 INFO analysis.intphys2.dataset :: IntPhys2 [Main] loaded 1012 videos from /data2/local_datasets/world/Benchmark/IntPhys2/Main/metadata.csv
[rank7] 2026-09-21 01:37:53,579 INFO analysis.intphys2.eval :: intphys2 dataset: 1012 videos
[rank7] 2026-09-21 01:37:53,580 INFO analysis.intphys2.eval :: scoring 126/1012 videos (rank 7/8) across 11 context length(s): [4, 6, 8, 10, 12, 14, 18, 24, 30, 36, 42]  (num_workers=6)
[rank5] 2026-09-21 01:37:53,783 INFO analysis.intphys2.dataset :: IntPhys2 [Main] loaded 1012 videos from /data2/local_datasets/world/Benchmark/IntPhys2/Main/metadata.csv
[rank5] 2026-09-21 01:37:53,784 INFO analysis.intphys2.eval :: intphys2 dataset: 1012 videos
[rank5] 2026-09-21 01:37:53,785 INFO analysis.intphys2.eval :: scoring 126/1012 videos (rank 5/8) across 11 context length(s): [4, 6, 8, 10, 12, 14, 18, 24, 30, 36, 42]  (num_workers=6)
[rank0] 2026-09-21 01:37:53,925 INFO analysis.intphys2.dataset :: IntPhys2 [Main] loaded 1012 videos from /data2/local_datasets/world/Benchmark/IntPhys2/Main/metadata.csv
[rank0] 2026-09-21 01:37:53,926 INFO analysis.intphys2.eval :: intphys2 dataset: 1012 videos
[rank0] 2026-09-21 01:37:53,926 INFO analysis.intphys2.eval :: scoring 127/1012 videos (rank 0/8) across 11 context length(s): [4, 6, 8, 10, 12, 14, 18, 24, 30, 36, 42]  (num_workers=6)
[rank1] 2026-09-21 01:37:54,211 INFO analysis.intphys2.dataset :: IntPhys2 [Main] loaded 1012 videos from /data2/local_datasets/world/Benchmark/IntPhys2/Main/metadata.csv
[rank1] 2026-09-21 01:37:54,212 INFO analysis.intphys2.eval :: intphys2 dataset: 1012 videos
[rank1] 2026-09-21 01:37:54,213 INFO analysis.intphys2.eval :: scoring 127/1012 videos (rank 1/8) across 11 context length(s): [4, 6, 8, 10, 12, 14, 18, 24, 30, 36, 42]  (num_workers=6)
[rank6] 2026-09-21 01:37:54,749 INFO analysis.intphys2.dataset :: IntPhys2 [Main] loaded 1012 videos from /data2/local_datasets/world/Benchmark/IntPhys2/Main/metadata.csv
[rank6] 2026-09-21 01:37:54,750 INFO analysis.intphys2.eval :: intphys2 dataset: 1012 videos
[rank6] 2026-09-21 01:37:54,752 INFO analysis.intphys2.eval :: scoring 126/1012 videos (rank 6/8) across 11 context length(s): [4, 6, 8, 10, 12, 14, 18, 24, 30, 36, 42]  (num_workers=6)
/data/hyuntak/anaconda3/envs/vjepa2/lib/python3.12/contextlib.py:105: FutureWarning: `torch.backends.cuda.sdp_kernel()` is deprecated. In the future, this context manager will be removed. Please see `torch.nn.attention.sdpa_kernel()` for the new context manager, with updated signature.
  self.gen = func(*args, **kwds)
/data/hyuntak/anaconda3/envs/vjepa2/lib/python3.12/contextlib.py:105: FutureWarning: `torch.backends.cuda.sdp_kernel()` is deprecated. In the future, this context manager will be removed. Please see `torch.nn.attention.sdpa_kernel()` for the new context manager, with updated signature.
  self.gen = func(*args, **kwds)
/data/hyuntak/anaconda3/envs/vjepa2/lib/python3.12/contextlib.py:105: FutureWarning: `torch.backends.cuda.sdp_kernel()` is deprecated. In the future, this context manager will be removed. Please see `torch.nn.attention.sdpa_kernel()` for the new context manager, with updated signature.
  self.gen = func(*args, **kwds)
/data/hyuntak/anaconda3/envs/vjepa2/lib/python3.12/contextlib.py:105: FutureWarning: `torch.backends.cuda.sdp_kernel()` is deprecated. In the future, this context manager will be removed. Please see `torch.nn.attention.sdpa_kernel()` for the new context manager, with updated signature.
  self.gen = func(*args, **kwds)
/data/hyuntak/anaconda3/envs/vjepa2/lib/python3.12/contextlib.py:105: FutureWarning: `torch.backends.cuda.sdp_kernel()` is deprecated. In the future, this context manager will be removed. Please see `torch.nn.attention.sdpa_kernel()` for the new context manager, with updated signature.
  self.gen = func(*args, **kwds)
/data/hyuntak/anaconda3/envs/vjepa2/lib/python3.12/contextlib.py:105: FutureWarning: `torch.backends.cuda.sdp_kernel()` is deprecated. In the future, this context manager will be removed. Please see `torch.nn.attention.sdpa_kernel()` for the new context manager, with updated signature.
  self.gen = func(*args, **kwds)
/data/hyuntak/anaconda3/envs/vjepa2/lib/python3.12/contextlib.py:105: FutureWarning: `torch.backends.cuda.sdp_kernel()` is deprecated. In the future, this context manager will be removed. Please see `torch.nn.attention.sdpa_kernel()` for the new context manager, with updated signature.
  self.gen = func(*args, **kwds)
/data/hyuntak/anaconda3/envs/vjepa2/lib/python3.12/contextlib.py:105: FutureWarning: `torch.backends.cuda.sdp_kernel()` is deprecated. In the future, this context manager will be removed. Please see `torch.nn.attention.sdpa_kernel()` for the new context manager, with updated signature.
  self.gen = func(*args, **kwds)
[rank4] 2026-09-21 01:52:29,437 INFO analysis.intphys2.eval :: [25/126] rate=0.03 v/s elapsed=876.1s ETA=3539.4s
[rank5] 2026-09-21 01:52:41,818 INFO analysis.intphys2.eval :: [25/126] rate=0.03 v/s elapsed=888.0s ETA=3587.7s
[rank3] 2026-09-21 01:52:51,119 INFO analysis.intphys2.eval :: [25/127] rate=0.03 v/s elapsed=897.7s ETA=3662.6s
[rank2] 2026-09-21 01:53:12,939 INFO analysis.intphys2.eval :: [25/127] rate=0.03 v/s elapsed=919.7s ETA=3752.3s
[rank1] 2026-09-21 02:06:58,495 INFO analysis.intphys2.eval :: [25/127] rate=0.01 v/s elapsed=1744.3s ETA=7116.7s
[rank3] 2026-09-21 02:06:59,895 INFO analysis.intphys2.eval :: [50/127] rate=0.03 v/s elapsed=1746.5s ETA=2689.6s
[rank7] 2026-09-21 02:07:02,180 INFO analysis.intphys2.eval :: [25/126] rate=0.01 v/s elapsed=1748.6s ETA=7064.3s
[rank2] 2026-09-21 02:07:46,129 INFO analysis.intphys2.eval :: [50/127] rate=0.03 v/s elapsed=1792.9s ETA=2761.0s
[rank4] 2026-09-21 02:08:11,871 INFO analysis.intphys2.eval :: [50/126] rate=0.03 v/s elapsed=1818.5s ETA=2764.2s
[rank5] 2026-09-21 02:08:30,706 INFO analysis.intphys2.eval :: [50/126] rate=0.03 v/s elapsed=1836.9s ETA=2792.1s
[rank6] 2026-09-21 02:08:42,727 INFO analysis.intphys2.eval :: [25/126] rate=0.01 v/s elapsed=1848.0s ETA=7465.8s
[rank0] 2026-09-21 02:08:53,899 INFO analysis.intphys2.eval :: [25/127] rate=0.01 v/s elapsed=1860.0s ETA=7588.7s
[rank3] 2026-09-21 02:21:19,974 INFO analysis.intphys2.eval :: [75/127] rate=0.03 v/s elapsed=2606.5s ETA=1807.2s
[rank2] 2026-09-21 02:22:28,391 INFO analysis.intphys2.eval :: [75/127] rate=0.03 v/s elapsed=2675.1s ETA=1854.8s
[rank4] 2026-09-21 02:22:58,650 INFO analysis.intphys2.eval :: [75/126] rate=0.03 v/s elapsed=2705.3s ETA=1839.6s
[rank5] 2026-09-21 02:23:29,852 INFO analysis.intphys2.eval :: [75/126] rate=0.03 v/s elapsed=2736.1s ETA=1860.5s
[rank1] 2026-09-21 02:34:25,773 INFO analysis.intphys2.eval :: [50/127] rate=0.01 v/s elapsed=3391.6s ETA=5223.0s
[rank3] 2026-09-21 02:36:02,243 INFO analysis.intphys2.eval :: [100/127] rate=0.03 v/s elapsed=3488.8s ETA=942.0s
[rank2] 2026-09-21 02:37:28,894 INFO analysis.intphys2.eval :: [100/127] rate=0.03 v/s elapsed=3575.6s ETA=965.4s
[rank4] 2026-09-21 02:38:00,640 INFO analysis.intphys2.eval :: [100/126] rate=0.03 v/s elapsed=3607.3s ETA=937.9s
[rank0] 2026-09-21 02:38:10,793 INFO analysis.intphys2.eval :: [50/127] rate=0.01 v/s elapsed=3616.9s ETA=5570.0s
[rank7] 2026-09-21 02:38:35,557 INFO analysis.intphys2.eval :: [50/126] rate=0.01 v/s elapsed=3642.0s ETA=5535.8s
[rank5] 2026-09-21 02:38:56,945 INFO analysis.intphys2.eval :: [100/126] rate=0.03 v/s elapsed=3663.2s ETA=952.4s
[rank6] 2026-09-21 02:42:06,706 INFO analysis.intphys2.eval :: [50/126] rate=0.01 v/s elapsed=3852.0s ETA=5855.0s
[rank3] 2026-09-21 02:50:18,657 INFO analysis.intphys2.eval :: [125/127] rate=0.03 v/s elapsed=4345.2s ETA=69.5s
[rank2] 2026-09-21 02:51:55,199 INFO analysis.intphys2.eval :: [125/127] rate=0.03 v/s elapsed=4442.0s ETA=71.1s
[rank4] 2026-09-21 02:51:59,033 INFO analysis.intphys2.eval :: [125/126] rate=0.03 v/s elapsed=4445.7s ETA=35.6s
[rank5] 2026-09-21 02:53:02,386 INFO analysis.intphys2.eval :: [125/126] rate=0.03 v/s elapsed=4508.6s ETA=36.1s
[rank3]:[W921 03:01:27.936758502 socket.cpp:469] [c10d] waitForInput: poll for socket SocketImpl(fd=4, addr=[::ffff:127.0.0.1]:58300, remote=[::ffff:127.0.0.1]:24855) returned 0, likely a timeout
[rank3]:[W921 03:01:27.938095062 socket.cpp:494] [c10d] waitForInput: socket SocketImpl(fd=4, addr=[::ffff:127.0.0.1]:58300, remote=[::ffff:127.0.0.1]:24855) timed out after 600000ms
[rank3]: Traceback (most recent call last):
[rank3]:   File "<frozen runpy>", line 198, in _run_module_as_main
[rank3]:   File "<frozen runpy>", line 88, in _run_code
[rank3]:   File "/data/hyuntak/project/2026/2027_cvpr/vjepa2/analysis/intphys2/eval.py", line 621, in <module>
[rank3]:     _cli()
[rank3]:   File "/data/hyuntak/project/2026/2027_cvpr/vjepa2/analysis/intphys2/eval.py", line 617, in _cli
[rank3]:     return main(args.config, override_device=args.device, verbose=not args.quiet)
[rank3]:            ^^^^^^^^^^^^^^^^^^^^^^^^^^^^^^^^^^^^^^^^^^^^^^^^^^^^^^^^^^^^^^^^^^^^^^
[rank3]:   File "/data/hyuntak/project/2026/2027_cvpr/vjepa2/analysis/intphys2/eval.py", line 593, in main
[rank3]:     records = _all_gather_records(records, world_size)
[rank3]:               ^^^^^^^^^^^^^^^^^^^^^^^^^^^^^^^^^^^^^^^^
[rank3]:   File "/data/hyuntak/project/2026/2027_cvpr/vjepa2/analysis/intphys2/eval.py", line 120, in _all_gather_records
[rank3]:     dist.all_gather_object(gathered, records)
[rank3]:   File "/data/hyuntak/anaconda3/envs/vjepa2/lib/python3.12/site-packages/torch/distributed/c10d_logger.py", line 83, in wrapper
[rank3]:     return func(*args, **kwargs)
[rank3]:            ^^^^^^^^^^^^^^^^^^^^^
[rank3]:   File "/data/hyuntak/anaconda3/envs/vjepa2/lib/python3.12/site-packages/torch/distributed/distributed_c10d.py", line 3442, in all_gather_object
[rank3]:     all_gather(object_size_list, local_size, group=group)
[rank3]:   File "/data/hyuntak/anaconda3/envs/vjepa2/lib/python3.12/site-packages/torch/distributed/c10d_logger.py", line 83, in wrapper
[rank3]:     return func(*args, **kwargs)
[rank3]:            ^^^^^^^^^^^^^^^^^^^^^
[rank3]:   File "/data/hyuntak/anaconda3/envs/vjepa2/lib/python3.12/site-packages/torch/distributed/distributed_c10d.py", line 4209, in all_gather
[rank3]:     work = group.allgather([tensor_list], [tensor], opts)
[rank3]:            ^^^^^^^^^^^^^^^^^^^^^^^^^^^^^^^^^^^^^^^^^^^^^^
[rank3]: torch.distributed.DistBackendError: [3] is setting up NCCL communicator and retrieving ncclUniqueId from [0] via c10d key-value store by key '0', but store->get('0') got error: wait timeout after 600000ms, keys: /default_pg/0//cuda//0
[rank3]: Exception raised from doWait at /pytorch/torch/csrc/distributed/c10d/TCPStore.cpp:603 (most recent call first):
[rank3]: frame #0: c10::Error::Error(c10::SourceLocation, std::__cxx11::basic_string<char, std::char_traits<char>, std::allocator<char> >) + 0x9d (0x7f06c7899fad in /data/hyuntak/anaconda3/envs/vjepa2/lib/python3.12/site-packages/torch/lib/libc10.so)
[rank3]: frame #1: <unknown function> + 0x1679d67 (0x7f0704420d67 in /data/hyuntak/anaconda3/envs/vjepa2/lib/python3.12/site-packages/torch/lib/libtorch_cpu.so)
[rank3]: frame #2: c10d::TCPStore::doGet(std::__cxx11::basic_string<char, std::char_traits<char>, std::allocator<char> > const&) + 0x2a (0x7f070969730a in /data/hyuntak/anaconda3/envs/vjepa2/lib/python3.12/site-packages/torch/lib/libtorch_cpu.so)
[rank3]: frame #3: c10d::TCPStore::get(std::__cxx11::basic_string<char, std::char_traits<char>, std::allocator<char> > const&) + 0x8e (0x7f070969741e in /data/hyuntak/anaconda3/envs/vjepa2/lib/python3.12/site-packages/torch/lib/libtorch_cpu.so)
[rank3]: frame #4: c10d::PrefixStore::get(std::__cxx11::basic_string<char, std::char_traits<char>, std::allocator<char> > const&) + 0x36e (0x7f0709624e8e in /data/hyuntak/anaconda3/envs/vjepa2/lib/python3.12/site-packages/torch/lib/libtorch_cpu.so)
[rank3]: frame #5: c10d::ProcessGroupNCCL::broadcastUniqueNCCLID(ncclUniqueId*, bool, std::__cxx11::basic_string<char, std::char_traits<char>, std::allocator<char> > const&, int) + 0x67c (0x7f06c8e4789c in /data/hyuntak/anaconda3/envs/vjepa2/lib/python3.12/site-packages/torch/lib/libtorch_cuda.so)
[rank3]: frame #6: c10d::ProcessGroupNCCL::initNCCLComm(std::__cxx11::basic_string<char, std::char_traits<char>, std::allocator<char> > const&, c10::Device&, c10d::OpType, int, bool) + 0x833 (0x7f06c8e495d3 in /data/hyuntak/anaconda3/envs/vjepa2/lib/python3.12/site-packages/torch/lib/libtorch_cuda.so)
[rank3]: frame #7: c10d::ProcessGroupNCCL::allgather(std::vector<std::vector<at::Tensor, std::allocator<at::Tensor> >, std::allocator<std::vector<at::Tensor, std::allocator<at::Tensor> > > >&, std::vector<at::Tensor, std::allocator<at::Tensor> >&, c10d::AllgatherOptions const&) + 0x18f5 (0x7f06c8e57b25 in /data/hyuntak/anaconda3/envs/vjepa2/lib/python3.12/site-packages/torch/lib/libtorch_cuda.so)
[rank3]: frame #8: <unknown function> + 0x6870106 (0x7f0709617106 in /data/hyuntak/anaconda3/envs/vjepa2/lib/python3.12/site-packages/torch/lib/libtorch_cpu.so)
[rank3]: frame #9: <unknown function> + 0x6878b84 (0x7f070961fb84 in /data/hyuntak/anaconda3/envs/vjepa2/lib/python3.12/site-packages/torch/lib/libtorch_cpu.so)
[rank3]: frame #10: <unknown function> + 0x5dce714 (0x7f0708b75714 in /data/hyuntak/anaconda3/envs/vjepa2/lib/python3.12/site-packages/torch/lib/libtorch_cpu.so)
[rank3]: frame #11: <unknown function> + 0x689177a (0x7f070963877a in /data/hyuntak/anaconda3/envs/vjepa2/lib/python3.12/site-packages/torch/lib/libtorch_cpu.so)
[rank3]: frame #12: <unknown function> + 0x689d306 (0x7f0709644306 in /data/hyuntak/anaconda3/envs/vjepa2/lib/python3.12/site-packages/torch/lib/libtorch_cpu.so)
[rank3]: frame #13: <unknown function> + 0xf89223 (0x7f07190f1223 in /data/hyuntak/anaconda3/envs/vjepa2/lib/python3.12/site-packages/torch/lib/libtorch_python.so)
[rank3]: frame #14: <unknown function> + 0x408114 (0x7f0718570114 in /data/hyuntak/anaconda3/envs/vjepa2/lib/python3.12/site-packages/torch/lib/libtorch_python.so)
[rank3]: frame #15: <unknown function> + 0x21ea68 (0x555f63c87a68 in /data/hyuntak/anaconda3/envs/vjepa2/bin/python3.12)
[rank3]: frame #16: _PyObject_MakeTpCall + 0x2bc (0x555f63c5e55c in /data/hyuntak/anaconda3/envs/vjepa2/bin/python3.12)
[rank3]: frame #17: _PyEval_EvalFrameDefault + 0xa45 (0x555f63c68875 in /data/hyuntak/anaconda3/envs/vjepa2/bin/python3.12)
[rank3]: frame #18: PyEval_EvalCode + 0x9f (0x555f63d213df in /data/hyuntak/anaconda3/envs/vjepa2/bin/python3.12)
[rank3]: frame #19: <unknown function> + 0x2d6eaa (0x555f63d3feaa in /data/hyuntak/anaconda3/envs/vjepa2/bin/python3.12)
[rank3]: frame #20: <unknown function> + 0x214deb (0x555f63c7ddeb in /data/hyuntak/anaconda3/envs/vjepa2/bin/python3.12)
[rank3]: frame #21: PyObject_Vectorcall + 0x2e (0x555f63c7dcbe in /data/hyuntak/anaconda3/envs/vjepa2/bin/python3.12)
[rank3]: frame #22: _PyEval_EvalFrameDefault + 0xa45 (0x555f63c68875 in /data/hyuntak/anaconda3/envs/vjepa2/bin/python3.12)
[rank3]: frame #23: <unknown function> + 0x2e8d33 (0x555f63d51d33 in /data/hyuntak/anaconda3/envs/vjepa2/bin/python3.12)
[rank3]: frame #24: Py_RunMain + 0x1de (0x555f63d50f1e in /data/hyuntak/anaconda3/envs/vjepa2/bin/python3.12)
[rank3]: frame #25: Py_BytesMain + 0x37 (0x555f63d090b7 in /data/hyuntak/anaconda3/envs/vjepa2/bin/python3.12)
[rank3]: frame #26: __libc_start_main + 0xf3 (0x7f07c10a2083 in /lib/x86_64-linux-gnu/libc.so.6)
[rank3]: frame #27: _start + 0x2e (0x555f63d08f2e in /data/hyuntak/anaconda3/envs/vjepa2/bin/python3.12)
[rank3]: . This may indicate a possible application crash on rank 0 or a network set up issue.
W0921 03:01:28.845000 948181 site-packages/torch/distributed/elastic/multiprocessing/api.py:1014] Sending process 948257 closing signal SIGTERM
W0921 03:01:28.849000 948181 site-packages/torch/distributed/elastic/multiprocessing/api.py:1014] Sending process 948258 closing signal SIGTERM
W0921 03:01:28.849000 948181 site-packages/torch/distributed/elastic/multiprocessing/api.py:1014] Sending process 948259 closing signal SIGTERM
W0921 03:01:28.850000 948181 site-packages/torch/distributed/elastic/multiprocessing/api.py:1014] Sending process 948261 closing signal SIGTERM
W0921 03:01:28.850000 948181 site-packages/torch/distributed/elastic/multiprocessing/api.py:1014] Sending process 948262 closing signal SIGTERM
W0921 03:01:28.850000 948181 site-packages/torch/distributed/elastic/multiprocessing/api.py:1014] Sending process 948263 closing signal SIGTERM
W0921 03:01:28.851000 948181 site-packages/torch/distributed/elastic/multiprocessing/api.py:1014] Sending process 948264 closing signal SIGTERM
E0921 03:01:31.169000 948181 site-packages/torch/distributed/elastic/multiprocessing/api.py:988] failed (exitcode: 1) local_rank: 3 (pid: 948260) of binary: /data/hyuntak/anaconda3/envs/vjepa2/bin/python3.12
Traceback (most recent call last):
  File "/data/hyuntak/anaconda3/envs/vjepa2/bin/torchrun", line 6, in <module>
    sys.exit(main())
             ^^^^^^
  File "/data/hyuntak/anaconda3/envs/vjepa2/lib/python3.12/site-packages/torch/distributed/elastic/multiprocessing/errors/__init__.py", line 367, in wrapper
    return f(*args, **kwargs)
           ^^^^^^^^^^^^^^^^^^
  File "/data/hyuntak/anaconda3/envs/vjepa2/lib/python3.12/site-packages/torch/distributed/run.py", line 1016, in main
    run(args)
  File "/data/hyuntak/anaconda3/envs/vjepa2/lib/python3.12/site-packages/torch/distributed/run.py", line 1007, in run
    elastic_launch(
  File "/data/hyuntak/anaconda3/envs/vjepa2/lib/python3.12/site-packages/torch/distributed/launcher/api.py", line 191, in __call__
    return launch_agent(self._config, self._entrypoint, list(args))
           ^^^^^^^^^^^^^^^^^^^^^^^^^^^^^^^^^^^^^^^^^^^^^^^^^^^^^^^^
  File "/data/hyuntak/anaconda3/envs/vjepa2/lib/python3.12/site-packages/torch/distributed/launcher/api.py", line 371, in launch_agent
    raise ChildFailedError(
torch.distributed.elastic.multiprocessing.errors.ChildFailedError: 
============================================================
analysis.intphys2.eval FAILED
------------------------------------------------------------
Failures:
[1]:
  time      : 2026-09-21_03:01:31
  host      : vll3
  rank      : 0 (local_rank: 0)
  exitcode  : -15 (pid: 948257)  (SIGTERM)
  error_file: <N/A>
  traceback : Signal 15 (SIGTERM) received by PID 948257
[2]:
  time      : 2026-09-21_03:01:31
  host      : vll3
  rank      : 1 (local_rank: 1)
  exitcode  : -15 (pid: 948258)  (SIGTERM)
  error_file: <N/A>
  traceback : Signal 15 (SIGTERM) received by PID 948258
[3]:
  time      : 2026-09-21_03:01:31
  host      : vll3
  rank      : 2 (local_rank: 2)
  exitcode  : -15 (pid: 948259)  (SIGTERM)
  error_file: <N/A>
  traceback : Signal 15 (SIGTERM) received by PID 948259
[4]:
  time      : 2026-09-21_03:01:31
  host      : vll3
  rank      : 4 (local_rank: 4)
  exitcode  : -15 (pid: 948261)  (SIGTERM)
  error_file: <N/A>
  traceback : Signal 15 (SIGTERM) received by PID 948261
[5]:
  time      : 2026-09-21_03:01:31
  host      : vll3
  rank      : 5 (local_rank: 5)
  exitcode  : -15 (pid: 948262)  (SIGTERM)
  error_file: <N/A>
  traceback : Signal 15 (SIGTERM) received by PID 948262
[6]:
  time      : 2026-09-21_03:01:31
  host      : vll3
  rank      : 6 (local_rank: 6)
  exitcode  : -15 (pid: 948263)  (SIGTERM)
  error_file: <N/A>
  traceback : Signal 15 (SIGTERM) received by PID 948263
[7]:
  time      : 2026-09-21_03:01:31
  host      : vll3
  rank      : 7 (local_rank: 7)
  exitcode  : -15 (pid: 948264)  (SIGTERM)
  error_file: <N/A>
  traceback : Signal 15 (SIGTERM) received by PID 948264
------------------------------------------------------------
Root Cause (first observed failure):
[0]:
  time      : 2026-09-21_03:01:28
  host      : vll3
  rank      : 3 (local_rank: 3)
  exitcode  : 1 (pid: 948260) 
  error_file: <N/A>
  traceback : To enable traceback see: https://pytorch.org/docs/stable/elastic/errors.html
============================================================
exit=1  Mon 21 Sep 2026 03:01:31 AM KST
