job 215310  host vll3  Mon 21 Sep 2026 09:55:01 AM KST
config /data/hyuntak/project/2026/2027_cvpr/vjepa2/configs/analysis/intphys2/bench_intphys2_main_vjepa21g.yaml
/data2/local_datasets/world/Benchmark/IntPhys2/Main
W0921 09:55:04.382000 968328 site-packages/torch/distributed/run.py:862] 
W0921 09:55:04.382000 968328 site-packages/torch/distributed/run.py:862] *****************************************
W0921 09:55:04.382000 968328 site-packages/torch/distributed/run.py:862] Setting OMP_NUM_THREADS environment variable for each process to be 1 in default, to avoid your system being overloaded, please further tune the variable for optimal performance in your application as needed. 
W0921 09:55:04.382000 968328 site-packages/torch/distributed/run.py:862] *****************************************
/data/hyuntak/anaconda3/envs/vjepa2/lib/python3.12/site-packages/timm/models/layers/__init__.py:49: FutureWarning: Importing from timm.models.layers is deprecated, please import via timm.layers
  warnings.warn(f"Importing from {__name__} is deprecated, please import via timm.layers", FutureWarning)
/data/hyuntak/anaconda3/envs/vjepa2/lib/python3.12/site-packages/timm/models/layers/__init__.py:49: FutureWarning: Importing from timm.models.layers is deprecated, please import via timm.layers
  warnings.warn(f"Importing from {__name__} is deprecated, please import via timm.layers", FutureWarning)
/data/hyuntak/anaconda3/envs/vjepa2/lib/python3.12/site-packages/timm/models/layers/__init__.py:49: FutureWarning: Importing from timm.models.layers is deprecated, please import via timm.layers
  warnings.warn(f"Importing from {__name__} is deprecated, please import via timm.layers", FutureWarning)
/data/hyuntak/anaconda3/envs/vjepa2/lib/python3.12/site-packages/timm/models/layers/__init__.py:49: FutureWarning: Importing from timm.models.layers is deprecated, please import via timm.layers
  warnings.warn(f"Importing from {__name__} is deprecated, please import via timm.layers", FutureWarning)
/data/hyuntak/anaconda3/envs/vjepa2/lib/python3.12/site-packages/timm/models/layers/__init__.py:49: FutureWarning: Importing from timm.models.layers is deprecated, please import via timm.layers
  warnings.warn(f"Importing from {__name__} is deprecated, please import via timm.layers", FutureWarning)
/data/hyuntak/anaconda3/envs/vjepa2/lib/python3.12/site-packages/timm/models/layers/__init__.py:49: FutureWarning: Importing from timm.models.layers is deprecated, please import via timm.layers
  warnings.warn(f"Importing from {__name__} is deprecated, please import via timm.layers", FutureWarning)
/data/hyuntak/anaconda3/envs/vjepa2/lib/python3.12/site-packages/timm/models/layers/__init__.py:49: FutureWarning: Importing from timm.models.layers is deprecated, please import via timm.layers
  warnings.warn(f"Importing from {__name__} is deprecated, please import via timm.layers", FutureWarning)
/data/hyuntak/anaconda3/envs/vjepa2/lib/python3.12/site-packages/timm/models/layers/__init__.py:49: FutureWarning: Importing from timm.models.layers is deprecated, please import via timm.layers
  warnings.warn(f"Importing from {__name__} is deprecated, please import via timm.layers", FutureWarning)
[rank0] 2026-09-21 09:55:14,746 INFO analysis.intphys2.eval :: rank 0/8 (ddp=True)
[rank0] 2026-09-21 09:55:14,746 INFO analysis.intphys2.eval :: config: /data/hyuntak/project/2026/2027_cvpr/vjepa2/configs/analysis/intphys2/bench_intphys2_main_vjepa21g.yaml
[rank0] 2026-09-21 09:55:14,746 INFO analysis.intphys2.eval :: {
  "tag": "bench_intphys2_main_vjepa21g",
  "folder": "/data/hyuntak/project/2026/2027_cvpr/vjepa2/z_research/Benchmarks/exp_results/intphys2",
  "data": {
    "root": "/data2/local_datasets/world/Benchmark/IntPhys2",
    "dataset_variant": "intphys2",
    "split": "Main",
    "target_fps": 6.0,
    "min_frames": 8,
    "img_size": 256,
    "decord_threads": 2,
    "frame_step": 10,
    "crop_margin_ratio": 1.0
  },
  "surprise": {
    "window_size": 48,
    "context_length": 12,
    "context_length_sweep": [
      4,
      6,
      8,
      10,
      12,
      14,
      18,
      24,
      30,
      36,
      42
    ],
    "stride": 2,
    "distance": "l1",
    "loss_exp": 1.0,
    "target_layer_norm": false,
    "aggregation": "avg",
    "protocol": "growing",
    "max_window_batch": 2,
    "mask_index": 0,
    "context_forward_mode": "masked"
  },
  "evaluation": {
    "compute_pairwise": true,
    "compute_auroc": true,
    "breakdown_by": [
      "condition",
      "difficulty",
      "camera"
    ],
    "ddp": true,
    "num_workers": 6,
    "prefetch_factor": 2,
    "pin_memory": true,
    "verbose": true,
    "log_every_videos": 25,
    "limit_videos": null,
    "pairing": "type_matched"
  },
  "output": {
    "save_per_video": true,
    "save_per_window": true,
    "save_config": true,
    "plot_breakdowns": true,
    "plot_context_sweep": true,
    "plot_scene_curves": false,
    "scene_curve_indices": null
  }
}
[rank0] 2026-09-21 09:55:14,757 INFO analysis.model_loaders :: [loader vjepa2_1] /data2/local_datasets/world/Benchmark/ckpt/vjepa2_1_vitg_384.pt
[rank1] 2026-09-21 09:55:14,856 INFO analysis.intphys2.eval :: rank 1/8 (ddp=True)
[rank1] 2026-09-21 09:55:14,857 INFO analysis.intphys2.eval :: config: /data/hyuntak/project/2026/2027_cvpr/vjepa2/configs/analysis/intphys2/bench_intphys2_main_vjepa21g.yaml
[rank1] 2026-09-21 09:55:14,863 INFO analysis.model_loaders :: [loader vjepa2_1] /data2/local_datasets/world/Benchmark/ckpt/vjepa2_1_vitg_384.pt
[rank6] 2026-09-21 09:55:14,889 INFO analysis.intphys2.eval :: rank 6/8 (ddp=True)
[rank6] 2026-09-21 09:55:14,889 INFO analysis.intphys2.eval :: config: /data/hyuntak/project/2026/2027_cvpr/vjepa2/configs/analysis/intphys2/bench_intphys2_main_vjepa21g.yaml
[rank6] 2026-09-21 09:55:14,896 INFO analysis.model_loaders :: [loader vjepa2_1] /data2/local_datasets/world/Benchmark/ckpt/vjepa2_1_vitg_384.pt
[rank4] 2026-09-21 09:55:14,900 INFO analysis.intphys2.eval :: rank 4/8 (ddp=True)
[rank4] 2026-09-21 09:55:14,901 INFO analysis.intphys2.eval :: config: /data/hyuntak/project/2026/2027_cvpr/vjepa2/configs/analysis/intphys2/bench_intphys2_main_vjepa21g.yaml
[rank4] 2026-09-21 09:55:14,907 INFO analysis.model_loaders :: [loader vjepa2_1] /data2/local_datasets/world/Benchmark/ckpt/vjepa2_1_vitg_384.pt
[rank3] 2026-09-21 09:55:14,945 INFO analysis.intphys2.eval :: rank 3/8 (ddp=True)
[rank3] 2026-09-21 09:55:14,945 INFO analysis.intphys2.eval :: config: /data/hyuntak/project/2026/2027_cvpr/vjepa2/configs/analysis/intphys2/bench_intphys2_main_vjepa21g.yaml
[rank3] 2026-09-21 09:55:14,951 INFO analysis.model_loaders :: [loader vjepa2_1] /data2/local_datasets/world/Benchmark/ckpt/vjepa2_1_vitg_384.pt
[rank2] 2026-09-21 09:55:14,960 INFO analysis.intphys2.eval :: rank 2/8 (ddp=True)
[rank2] 2026-09-21 09:55:14,960 INFO analysis.intphys2.eval :: config: /data/hyuntak/project/2026/2027_cvpr/vjepa2/configs/analysis/intphys2/bench_intphys2_main_vjepa21g.yaml
[rank5] 2026-09-21 09:55:14,961 INFO analysis.intphys2.eval :: rank 5/8 (ddp=True)
[rank5] 2026-09-21 09:55:14,961 INFO analysis.intphys2.eval :: config: /data/hyuntak/project/2026/2027_cvpr/vjepa2/configs/analysis/intphys2/bench_intphys2_main_vjepa21g.yaml
[rank5] 2026-09-21 09:55:14,967 INFO analysis.model_loaders :: [loader vjepa2_1] /data2/local_datasets/world/Benchmark/ckpt/vjepa2_1_vitg_384.pt
[rank2] 2026-09-21 09:55:14,967 INFO analysis.model_loaders :: [loader vjepa2_1] /data2/local_datasets/world/Benchmark/ckpt/vjepa2_1_vitg_384.pt
[rank7] 2026-09-21 09:55:14,980 INFO analysis.intphys2.eval :: rank 7/8 (ddp=True)
[rank7] 2026-09-21 09:55:14,981 INFO analysis.intphys2.eval :: config: /data/hyuntak/project/2026/2027_cvpr/vjepa2/configs/analysis/intphys2/bench_intphys2_main_vjepa21g.yaml
[rank7] 2026-09-21 09:55:14,987 INFO analysis.model_loaders :: [loader vjepa2_1] /data2/local_datasets/world/Benchmark/ckpt/vjepa2_1_vitg_384.pt
[rank3] 2026-09-21 09:56:05,840 INFO analysis.intphys2.dataset :: IntPhys2 [Main] loaded 1012 videos from /data2/local_datasets/world/Benchmark/IntPhys2/Main/metadata.csv
[rank3] 2026-09-21 09:56:05,841 INFO analysis.intphys2.eval :: intphys2 dataset: 1012 videos
[rank3] 2026-09-21 09:56:05,841 INFO analysis.intphys2.eval :: scoring 127/1012 videos (rank 3/8) across 11 context length(s): [4, 6, 8, 10, 12, 14, 18, 24, 30, 36, 42]  (num_workers=6)
[rank6] 2026-09-21 09:56:06,007 INFO analysis.intphys2.dataset :: IntPhys2 [Main] loaded 1012 videos from /data2/local_datasets/world/Benchmark/IntPhys2/Main/metadata.csv
[rank6] 2026-09-21 09:56:06,007 INFO analysis.intphys2.eval :: intphys2 dataset: 1012 videos
[rank6] 2026-09-21 09:56:06,008 INFO analysis.intphys2.eval :: scoring 126/1012 videos (rank 6/8) across 11 context length(s): [4, 6, 8, 10, 12, 14, 18, 24, 30, 36, 42]  (num_workers=6)
[rank2] 2026-09-21 09:56:06,128 INFO analysis.intphys2.dataset :: IntPhys2 [Main] loaded 1012 videos from /data2/local_datasets/world/Benchmark/IntPhys2/Main/metadata.csv
[rank2] 2026-09-21 09:56:06,128 INFO analysis.intphys2.eval :: intphys2 dataset: 1012 videos
[rank2] 2026-09-21 09:56:06,129 INFO analysis.intphys2.eval :: scoring 127/1012 videos (rank 2/8) across 11 context length(s): [4, 6, 8, 10, 12, 14, 18, 24, 30, 36, 42]  (num_workers=6)
[rank4] 2026-09-21 09:56:06,166 INFO analysis.intphys2.dataset :: IntPhys2 [Main] loaded 1012 videos from /data2/local_datasets/world/Benchmark/IntPhys2/Main/metadata.csv
[rank4] 2026-09-21 09:56:06,166 INFO analysis.intphys2.eval :: intphys2 dataset: 1012 videos
[rank4] 2026-09-21 09:56:06,167 INFO analysis.intphys2.eval :: scoring 126/1012 videos (rank 4/8) across 11 context length(s): [4, 6, 8, 10, 12, 14, 18, 24, 30, 36, 42]  (num_workers=6)
[rank7] 2026-09-21 09:56:06,206 INFO analysis.intphys2.dataset :: IntPhys2 [Main] loaded 1012 videos from /data2/local_datasets/world/Benchmark/IntPhys2/Main/metadata.csv
[rank7] 2026-09-21 09:56:06,206 INFO analysis.intphys2.eval :: intphys2 dataset: 1012 videos
[rank7] 2026-09-21 09:56:06,206 INFO analysis.intphys2.eval :: scoring 126/1012 videos (rank 7/8) across 11 context length(s): [4, 6, 8, 10, 12, 14, 18, 24, 30, 36, 42]  (num_workers=6)
[rank0] 2026-09-21 09:56:06,797 INFO analysis.intphys2.dataset :: IntPhys2 [Main] loaded 1012 videos from /data2/local_datasets/world/Benchmark/IntPhys2/Main/metadata.csv
[rank0] 2026-09-21 09:56:06,798 INFO analysis.intphys2.eval :: intphys2 dataset: 1012 videos
[rank0] 2026-09-21 09:56:06,799 INFO analysis.intphys2.eval :: scoring 127/1012 videos (rank 0/8) across 11 context length(s): [4, 6, 8, 10, 12, 14, 18, 24, 30, 36, 42]  (num_workers=6)
[rank5] 2026-09-21 09:56:07,196 INFO analysis.intphys2.dataset :: IntPhys2 [Main] loaded 1012 videos from /data2/local_datasets/world/Benchmark/IntPhys2/Main/metadata.csv
[rank5] 2026-09-21 09:56:07,196 INFO analysis.intphys2.eval :: intphys2 dataset: 1012 videos
[rank5] 2026-09-21 09:56:07,197 INFO analysis.intphys2.eval :: scoring 126/1012 videos (rank 5/8) across 11 context length(s): [4, 6, 8, 10, 12, 14, 18, 24, 30, 36, 42]  (num_workers=6)
/data/hyuntak/anaconda3/envs/vjepa2/lib/python3.12/contextlib.py:105: FutureWarning: `torch.backends.cuda.sdp_kernel()` is deprecated. In the future, this context manager will be removed. Please see `torch.nn.attention.sdpa_kernel()` for the new context manager, with updated signature.
  self.gen = func(*args, **kwds)
[rank1] 2026-09-21 09:56:08,354 INFO analysis.intphys2.dataset :: IntPhys2 [Main] loaded 1012 videos from /data2/local_datasets/world/Benchmark/IntPhys2/Main/metadata.csv
[rank1] 2026-09-21 09:56:08,355 INFO analysis.intphys2.eval :: intphys2 dataset: 1012 videos
[rank1] 2026-09-21 09:56:08,356 INFO analysis.intphys2.eval :: scoring 127/1012 videos (rank 1/8) across 11 context length(s): [4, 6, 8, 10, 12, 14, 18, 24, 30, 36, 42]  (num_workers=6)
/data/hyuntak/anaconda3/envs/vjepa2/lib/python3.12/contextlib.py:105: FutureWarning: `torch.backends.cuda.sdp_kernel()` is deprecated. In the future, this context manager will be removed. Please see `torch.nn.attention.sdpa_kernel()` for the new context manager, with updated signature.
  self.gen = func(*args, **kwds)
/data/hyuntak/anaconda3/envs/vjepa2/lib/python3.12/contextlib.py:105: FutureWarning: `torch.backends.cuda.sdp_kernel()` is deprecated. In the future, this context manager will be removed. Please see `torch.nn.attention.sdpa_kernel()` for the new context manager, with updated signature.
  self.gen = func(*args, **kwds)
/data/hyuntak/anaconda3/envs/vjepa2/lib/python3.12/contextlib.py:105: FutureWarning: `torch.backends.cuda.sdp_kernel()` is deprecated. In the future, this context manager will be removed. Please see `torch.nn.attention.sdpa_kernel()` for the new context manager, with updated signature.
  self.gen = func(*args, **kwds)
/data/hyuntak/anaconda3/envs/vjepa2/lib/python3.12/contextlib.py:105: FutureWarning: `torch.backends.cuda.sdp_kernel()` is deprecated. In the future, this context manager will be removed. Please see `torch.nn.attention.sdpa_kernel()` for the new context manager, with updated signature.
  self.gen = func(*args, **kwds)
/data/hyuntak/anaconda3/envs/vjepa2/lib/python3.12/contextlib.py:105: FutureWarning: `torch.backends.cuda.sdp_kernel()` is deprecated. In the future, this context manager will be removed. Please see `torch.nn.attention.sdpa_kernel()` for the new context manager, with updated signature.
  self.gen = func(*args, **kwds)
/data/hyuntak/anaconda3/envs/vjepa2/lib/python3.12/contextlib.py:105: FutureWarning: `torch.backends.cuda.sdp_kernel()` is deprecated. In the future, this context manager will be removed. Please see `torch.nn.attention.sdpa_kernel()` for the new context manager, with updated signature.
  self.gen = func(*args, **kwds)
/data/hyuntak/anaconda3/envs/vjepa2/lib/python3.12/contextlib.py:105: FutureWarning: `torch.backends.cuda.sdp_kernel()` is deprecated. In the future, this context manager will be removed. Please see `torch.nn.attention.sdpa_kernel()` for the new context manager, with updated signature.
  self.gen = func(*args, **kwds)
[rank5] 2026-09-21 10:10:41,594 INFO analysis.intphys2.eval :: [25/126] rate=0.03 v/s elapsed=874.4s ETA=3532.6s
[rank6] 2026-09-21 10:10:51,978 INFO analysis.intphys2.eval :: [25/126] rate=0.03 v/s elapsed=886.0s ETA=3579.3s
[rank3] 2026-09-21 10:10:56,666 INFO analysis.intphys2.eval :: [25/127] rate=0.03 v/s elapsed=890.8s ETA=3634.6s
[rank4] 2026-09-21 10:10:56,837 INFO analysis.intphys2.eval :: [25/126] rate=0.03 v/s elapsed=890.7s ETA=3598.3s
[rank1] 2026-09-21 10:10:58,954 INFO analysis.intphys2.eval :: [25/127] rate=0.03 v/s elapsed=890.6s ETA=3633.6s
[rank7] 2026-09-21 10:10:59,380 INFO analysis.intphys2.eval :: [25/126] rate=0.03 v/s elapsed=893.2s ETA=3608.4s
[rank2] 2026-09-21 10:11:04,921 INFO analysis.intphys2.eval :: [25/127] rate=0.03 v/s elapsed=898.8s ETA=3667.1s
[rank0] 2026-09-21 10:11:17,630 INFO analysis.intphys2.eval :: [25/127] rate=0.03 v/s elapsed=910.8s ETA=3716.2s
[rank3] 2026-09-21 10:25:00,844 INFO analysis.intphys2.eval :: [50/127] rate=0.03 v/s elapsed=1735.0s ETA=2671.9s
[rank1] 2026-09-21 10:25:02,470 INFO analysis.intphys2.eval :: [50/127] rate=0.03 v/s elapsed=1734.1s ETA=2670.5s
[rank2] 2026-09-21 10:25:16,128 INFO analysis.intphys2.eval :: [50/127] rate=0.03 v/s elapsed=1750.0s ETA=2695.0s
[rank0] 2026-09-21 10:25:41,522 INFO analysis.intphys2.eval :: [50/127] rate=0.03 v/s elapsed=1774.7s ETA=2733.1s
[rank5] 2026-09-21 10:26:25,994 INFO analysis.intphys2.eval :: [50/126] rate=0.03 v/s elapsed=1818.8s ETA=2764.6s
[rank6] 2026-09-21 10:26:47,006 INFO analysis.intphys2.eval :: [50/126] rate=0.03 v/s elapsed=1841.0s ETA=2798.3s
[rank4] 2026-09-21 10:26:55,928 INFO analysis.intphys2.eval :: [50/126] rate=0.03 v/s elapsed=1849.8s ETA=2811.6s
[rank7] 2026-09-21 10:26:57,929 INFO analysis.intphys2.eval :: [50/126] rate=0.03 v/s elapsed=1851.7s ETA=2814.6s
[rank3] 2026-09-21 10:39:15,041 INFO analysis.intphys2.eval :: [75/127] rate=0.03 v/s elapsed=2589.2s ETA=1795.2s
[rank1] 2026-09-21 10:39:21,536 INFO analysis.intphys2.eval :: [75/127] rate=0.03 v/s elapsed=2593.2s ETA=1797.9s
[rank2] 2026-09-21 10:39:42,476 INFO analysis.intphys2.eval :: [75/127] rate=0.03 v/s elapsed=2616.3s ETA=1814.0s
[rank0] 2026-09-21 10:40:19,319 INFO analysis.intphys2.eval :: [75/127] rate=0.03 v/s elapsed=2652.5s ETA=1839.1s
[rank5] 2026-09-21 10:41:13,439 INFO analysis.intphys2.eval :: [75/126] rate=0.03 v/s elapsed=2706.2s ETA=1840.2s
[rank6] 2026-09-21 10:41:44,359 INFO analysis.intphys2.eval :: [75/126] rate=0.03 v/s elapsed=2738.4s ETA=1862.1s
[rank7] 2026-09-21 10:41:51,394 INFO analysis.intphys2.eval :: [75/126] rate=0.03 v/s elapsed=2745.2s ETA=1866.7s
[rank4] 2026-09-21 10:41:55,011 INFO analysis.intphys2.eval :: [75/126] rate=0.03 v/s elapsed=2748.8s ETA=1869.2s
[rank3] 2026-09-21 10:53:51,255 INFO analysis.intphys2.eval :: [100/127] rate=0.03 v/s elapsed=3465.4s ETA=935.7s
[rank1] 2026-09-21 10:53:59,737 INFO analysis.intphys2.eval :: [100/127] rate=0.03 v/s elapsed=3471.4s ETA=937.3s
[rank2] 2026-09-21 10:54:28,772 INFO analysis.intphys2.eval :: [100/127] rate=0.03 v/s elapsed=3502.6s ETA=945.7s
[rank0] 2026-09-21 10:55:19,023 INFO analysis.intphys2.eval :: [100/127] rate=0.03 v/s elapsed=3552.2s ETA=959.1s
[rank5] 2026-09-21 10:56:27,928 INFO analysis.intphys2.eval :: [100/126] rate=0.03 v/s elapsed=3620.7s ETA=941.4s
[rank6] 2026-09-21 10:57:05,605 INFO analysis.intphys2.eval :: [100/126] rate=0.03 v/s elapsed=3659.6s ETA=951.5s
[rank4] 2026-09-21 10:57:10,203 INFO analysis.intphys2.eval :: [100/126] rate=0.03 v/s elapsed=3664.0s ETA=952.6s
[rank7] 2026-09-21 10:57:15,422 INFO analysis.intphys2.eval :: [100/126] rate=0.03 v/s elapsed=3669.2s ETA=954.0s
[rank3] 2026-09-21 11:07:58,197 INFO analysis.intphys2.eval :: [125/127] rate=0.03 v/s elapsed=4312.4s ETA=69.0s
[rank1] 2026-09-21 11:08:02,092 INFO analysis.intphys2.eval :: [125/127] rate=0.03 v/s elapsed=4313.7s ETA=69.0s
[rank2] 2026-09-21 11:08:44,225 INFO analysis.intphys2.eval :: [125/127] rate=0.03 v/s elapsed=4358.1s ETA=69.7s
[rank0] 2026-09-21 11:09:41,931 INFO analysis.intphys2.eval :: [125/127] rate=0.03 v/s elapsed=4415.1s ETA=70.6s
[rank5] 2026-09-21 11:10:26,215 INFO analysis.intphys2.eval :: [125/126] rate=0.03 v/s elapsed=4459.0s ETA=35.7s
[rank6] 2026-09-21 11:11:16,844 INFO analysis.intphys2.eval :: [125/126] rate=0.03 v/s elapsed=4510.8s ETA=36.1s
[rank4] 2026-09-21 11:11:19,653 INFO analysis.intphys2.eval :: [125/126] rate=0.03 v/s elapsed=4513.5s ETA=36.1s
[rank7] 2026-09-21 11:11:28,846 INFO analysis.intphys2.eval :: [125/126] rate=0.03 v/s elapsed=4522.6s ETA=36.2s
[rank0] 2026-09-21 11:12:21,354 INFO analysis.intphys2.eval :: 
===== IntPhys2 pairwise-surprise summary =====
tag: bench_intphys2_main_vjepa21g
split: Main   root: /data2/local_datasets/world/Benchmark/IntPhys2
model.checkpoint: /data/hyuntak/project/2026/2027_cvpr/vjepa2/checkpoint/v_jepa2.1/vjepa2_1_vitg_384.pt
surprise: window=48 stride=2 C=[4, 6, 8, 10, 12, 14, 18, 24, 30, 36, 42] dist=l1 agg=avg
context_lengths evaluated: [4, 6, 8, 10, 12, 14, 18, 24, 30, 36, 42]
best_context_length (max pairwise): C=6
  [overall (pairwise)]
    pairwise_accuracy=55.14%  (correct=279/506, ties=0)
  [single-video (AUROC)]
    auroc=0.5025  (n_pos=506, n_neg=506)
  breakdowns:
    [condition=continuity|difficulty=Easy|camera=Fixed]
      pairwise_accuracy=50.00%  (correct=3/6, ties=0)
    [condition=continuity|difficulty=Easy|camera=Moving]
      pairwise_accuracy=66.67%  (correct=4/6, ties=0)
    [condition=continuity|difficulty=Hard|camera=Fixed]
      pairwise_accuracy=61.11%  (correct=11/18, ties=0)
    [condition=continuity|difficulty=Hard|camera=Moving]
      pairwise_accuracy=55.56%  (correct=10/18, ties=0)
    [condition=continuity|difficulty=Medium|camera=Fixed]
      pairwise_accuracy=54.55%  (correct=12/22, ties=0)
    [condition=continuity|difficulty=Medium|camera=Moving]
      pairwise_accuracy=50.00%  (correct=12/24, ties=0)
    [condition=continuity|difficulty=Unknown|camera=Fixed]
      pairwise_accuracy=66.67%  (correct=4/6, ties=0)
    [condition=continuity|difficulty=Unknown|camera=Moving]
      pairwise_accuracy=40.00%  (correct=8/20, ties=0)
    [condition=immutability|difficulty=Easy|camera=Fixed]
      pairwise_accuracy=83.33%  (correct=5/6, ties=0)
    [condition=immutability|difficulty=Easy|camera=Moving]
      pairwise_accuracy=50.00%  (correct=3/6, ties=0)
    [condition=immutability|difficulty=Hard|camera=Fixed]
      pairwise_accuracy=61.11%  (correct=11/18, ties=0)
    [condition=immutability|difficulty=Hard|camera=Moving]
      pairwise_accuracy=55.56%  (correct=10/18, ties=0)
    [condition=immutability|difficulty=Medium|camera=Fixed]
      pairwise_accuracy=50.00%  (correct=11/22, ties=0)
    [condition=immutability|difficulty=Medium|camera=Moving]
      pairwise_accuracy=66.67%  (correct=16/24, ties=0)
    [condition=immutability|difficulty=Unknown|camera=Fixed]
      pairwise_accuracy=66.67%  (correct=4/6, ties=0)
    [condition=immutability|difficulty=Unknown|camera=Moving]
      pairwise_accuracy=75.00%  (correct=15/20, ties=0)
    [condition=permanence|difficulty=Easy|camera=Fixed]
      pairwise_accuracy=50.00%  (correct=3/6, ties=0)
    [condition=permanence|difficulty=Easy|camera=Moving]
      pairwise_accuracy=50.00%  (correct=3/6, ties=0)
    [condition=permanence|difficulty=Hard|camera=Fixed]
      pairwise_accuracy=61.11%  (correct=11/18, ties=0)
    [condition=permanence|difficulty=Hard|camera=Moving]
      pairwise_accuracy=66.67%  (correct=12/18, ties=0)
    [condition=permanence|difficulty=Medium|camera=Fixed]
      pairwise_accuracy=68.18%  (correct=15/22, ties=0)
    [condition=permanence|difficulty=Medium|camera=Moving]
      pairwise_accuracy=41.67%  (correct=10/24, ties=0)
    [condition=permanence|difficulty=Unknown|camera=Fixed]
      pairwise_accuracy=66.67%  (correct=4/6, ties=0)
    [condition=permanence|difficulty=Unknown|camera=Moving]
      pairwise_accuracy=50.00%  (correct=10/20, ties=0)
    [condition=solidity|difficulty=Easy|camera=Fixed]
      pairwise_accuracy=50.00%  (correct=3/6, ties=0)
    [condition=solidity|difficulty=Easy|camera=Moving]
      pairwise_accuracy=50.00%  (correct=5/10, ties=0)
    [condition=solidity|difficulty=Hard|camera=Fixed]
      pairwise_accuracy=45.45%  (correct=10/22, ties=0)
    [condition=solidity|difficulty=Hard|camera=Moving]
      pairwise_accuracy=47.37%  (correct=18/38, ties=0)
    [condition=solidity|difficulty=Medium|camera=Fixed]
      pairwise_accuracy=50.00%  (correct=12/24, ties=0)
    [condition=solidity|difficulty=Medium|camera=Moving]
      pairwise_accuracy=50.00%  (correct=19/38, ties=0)
    [condition=solidity|difficulty=Unknown|camera=Moving]
      pairwise_accuracy=62.50%  (correct=5/8, ties=0)
[rank0] 2026-09-21 11:12:21,354 INFO analysis.intphys2.eval :: outputs written to /data/hyuntak/project/2026/2027_cvpr/vjepa2/z_research/Benchmarks/exp_results/intphys2/bench_intphys2_main_vjepa21g
[rank0]:[W921 11:12:22.094368808 ProcessGroupNCCL.cpp:1647] Warning: WARNING: destroy_process_group() was not called before program exit, which can leak resources. For more info, please see https://pytorch.org/docs/stable/distributed.html#shutdown (function operator())
exit=0  Mon 21 Sep 2026 11:12:25 AM KST
