job 215210  host vll3  Sun 20 Sep 2026 07:35:16 PM KST
config /data/hyuntak/project/2026/2027_cvpr/vjepa2/configs/analysis/intphys2/bench_intphys2_main_vith.yaml
/data2/local_datasets/world/Benchmark/IntPhys2/Main
W0920 19:35:21.499000 740954 site-packages/torch/distributed/run.py:862] 
W0920 19:35:21.499000 740954 site-packages/torch/distributed/run.py:862] *****************************************
W0920 19:35:21.499000 740954 site-packages/torch/distributed/run.py:862] Setting OMP_NUM_THREADS environment variable for each process to be 1 in default, to avoid your system being overloaded, please further tune the variable for optimal performance in your application as needed. 
W0920 19:35:21.499000 740954 site-packages/torch/distributed/run.py:862] *****************************************
/data/hyuntak/anaconda3/envs/vjepa2/lib/python3.12/site-packages/timm/models/layers/__init__.py:49: FutureWarning: Importing from timm.models.layers is deprecated, please import via timm.layers
  warnings.warn(f"Importing from {__name__} is deprecated, please import via timm.layers", FutureWarning)
/data/hyuntak/anaconda3/envs/vjepa2/lib/python3.12/site-packages/timm/models/layers/__init__.py:49: FutureWarning: Importing from timm.models.layers is deprecated, please import via timm.layers
  warnings.warn(f"Importing from {__name__} is deprecated, please import via timm.layers", FutureWarning)
/data/hyuntak/anaconda3/envs/vjepa2/lib/python3.12/site-packages/timm/models/layers/__init__.py:49: FutureWarning: Importing from timm.models.layers is deprecated, please import via timm.layers
  warnings.warn(f"Importing from {__name__} is deprecated, please import via timm.layers", FutureWarning)
/data/hyuntak/anaconda3/envs/vjepa2/lib/python3.12/site-packages/timm/models/layers/__init__.py:49: FutureWarning: Importing from timm.models.layers is deprecated, please import via timm.layers
  warnings.warn(f"Importing from {__name__} is deprecated, please import via timm.layers", FutureWarning)
/data/hyuntak/anaconda3/envs/vjepa2/lib/python3.12/site-packages/timm/models/layers/__init__.py:49: FutureWarning: Importing from timm.models.layers is deprecated, please import via timm.layers
  warnings.warn(f"Importing from {__name__} is deprecated, please import via timm.layers", FutureWarning)
/data/hyuntak/anaconda3/envs/vjepa2/lib/python3.12/site-packages/timm/models/layers/__init__.py:49: FutureWarning: Importing from timm.models.layers is deprecated, please import via timm.layers
  warnings.warn(f"Importing from {__name__} is deprecated, please import via timm.layers", FutureWarning)
/data/hyuntak/anaconda3/envs/vjepa2/lib/python3.12/site-packages/timm/models/layers/__init__.py:49: FutureWarning: Importing from timm.models.layers is deprecated, please import via timm.layers
  warnings.warn(f"Importing from {__name__} is deprecated, please import via timm.layers", FutureWarning)
/data/hyuntak/anaconda3/envs/vjepa2/lib/python3.12/site-packages/timm/models/layers/__init__.py:49: FutureWarning: Importing from timm.models.layers is deprecated, please import via timm.layers
  warnings.warn(f"Importing from {__name__} is deprecated, please import via timm.layers", FutureWarning)
[rank4] 2026-09-20 19:35:34,698 INFO analysis.intphys2.eval :: rank 4/8 (ddp=True)
[rank4] 2026-09-20 19:35:34,699 INFO analysis.intphys2.eval :: config: /data/hyuntak/project/2026/2027_cvpr/vjepa2/configs/analysis/intphys2/bench_intphys2_main_vith.yaml
[rank4] 2026-09-20 19:35:34,699 INFO analysis.intphys2.model :: Loading V-JEPA 2 checkpoint from /data/hyuntak/project/2026/2027_cvpr/vjepa2/checkpoint/models--facebook--vjepa2-vith-fpc64-256/snapshots/b5eac8703e3efdc1547fbb6ddfbeb133dc0bdee5/original/model.pth
[rank3] 2026-09-20 19:35:35,159 INFO analysis.intphys2.eval :: rank 3/8 (ddp=True)
[rank3] 2026-09-20 19:35:35,160 INFO analysis.intphys2.eval :: config: /data/hyuntak/project/2026/2027_cvpr/vjepa2/configs/analysis/intphys2/bench_intphys2_main_vith.yaml
[rank3] 2026-09-20 19:35:35,160 INFO analysis.intphys2.model :: Loading V-JEPA 2 checkpoint from /data/hyuntak/project/2026/2027_cvpr/vjepa2/checkpoint/models--facebook--vjepa2-vith-fpc64-256/snapshots/b5eac8703e3efdc1547fbb6ddfbeb133dc0bdee5/original/model.pth
[rank0] 2026-09-20 19:35:35,191 INFO analysis.intphys2.eval :: rank 0/8 (ddp=True)
[rank0] 2026-09-20 19:35:35,191 INFO analysis.intphys2.eval :: config: /data/hyuntak/project/2026/2027_cvpr/vjepa2/configs/analysis/intphys2/bench_intphys2_main_vith.yaml
[rank0] 2026-09-20 19:35:35,191 INFO analysis.intphys2.eval :: {
  "tag": "bench_intphys2_main_vith",
  "folder": "/data/hyuntak/project/2026/2027_cvpr/vjepa2/z_research/Benchmarks/exp_results/intphys2",
  "data": {
    "root": "/data2/local_datasets/world/Benchmark/IntPhys2",
    "dataset_variant": "intphys2",
    "split": "Main",
    "target_fps": 6.0,
    "min_frames": 8,
    "img_size": 256,
    "decord_threads": 2,
    "frame_step": 10,
    "crop_margin_ratio": 1.0
  },
  "surprise": {
    "window_size": 48,
    "context_length": 12,
    "context_length_sweep": [
      4,
      6,
      8,
      10,
      12,
      14,
      18,
      24,
      30,
      36,
      42
    ],
    "stride": 2,
    "distance": "l1",
    "loss_exp": 1.0,
    "target_layer_norm": true,
    "aggregation": "avg",
    "protocol": "growing",
    "max_window_batch": 4,
    "mask_index": 0,
    "context_forward_mode": "masked"
  },
  "evaluation": {
    "compute_pairwise": true,
    "compute_auroc": true,
    "breakdown_by": [
      "condition",
      "difficulty",
      "camera"
    ],
    "ddp": true,
    "num_workers": 6,
    "prefetch_factor": 2,
    "pin_memory": true,
    "verbose": true,
    "log_every_videos": 25,
    "limit_videos": null,
    "pairing": "type_matched"
  },
  "output": {
    "save_per_video": true,
    "save_per_window": true,
    "save_config": true,
    "plot_breakdowns": true,
    "plot_context_sweep": true,
    "plot_scene_curves": false,
    "scene_curve_indices": null
  }
}
[rank0] 2026-09-20 19:35:35,191 INFO analysis.intphys2.model :: Loading V-JEPA 2 checkpoint from /data/hyuntak/project/2026/2027_cvpr/vjepa2/checkpoint/models--facebook--vjepa2-vith-fpc64-256/snapshots/b5eac8703e3efdc1547fbb6ddfbeb133dc0bdee5/original/model.pth
[rank5] 2026-09-20 19:35:35,197 INFO analysis.intphys2.eval :: rank 5/8 (ddp=True)
[rank5] 2026-09-20 19:35:35,197 INFO analysis.intphys2.eval :: config: /data/hyuntak/project/2026/2027_cvpr/vjepa2/configs/analysis/intphys2/bench_intphys2_main_vith.yaml
[rank5] 2026-09-20 19:35:35,197 INFO analysis.intphys2.model :: Loading V-JEPA 2 checkpoint from /data/hyuntak/project/2026/2027_cvpr/vjepa2/checkpoint/models--facebook--vjepa2-vith-fpc64-256/snapshots/b5eac8703e3efdc1547fbb6ddfbeb133dc0bdee5/original/model.pth
[rank6] 2026-09-20 19:35:35,227 INFO analysis.intphys2.eval :: rank 6/8 (ddp=True)
[rank6] 2026-09-20 19:35:35,227 INFO analysis.intphys2.eval :: config: /data/hyuntak/project/2026/2027_cvpr/vjepa2/configs/analysis/intphys2/bench_intphys2_main_vith.yaml
[rank6] 2026-09-20 19:35:35,228 INFO analysis.intphys2.model :: Loading V-JEPA 2 checkpoint from /data/hyuntak/project/2026/2027_cvpr/vjepa2/checkpoint/models--facebook--vjepa2-vith-fpc64-256/snapshots/b5eac8703e3efdc1547fbb6ddfbeb133dc0bdee5/original/model.pth
[rank1] 2026-09-20 19:35:35,229 INFO analysis.intphys2.eval :: rank 1/8 (ddp=True)
[rank1] 2026-09-20 19:35:35,229 INFO analysis.intphys2.eval :: config: /data/hyuntak/project/2026/2027_cvpr/vjepa2/configs/analysis/intphys2/bench_intphys2_main_vith.yaml
[rank1] 2026-09-20 19:35:35,229 INFO analysis.intphys2.model :: Loading V-JEPA 2 checkpoint from /data/hyuntak/project/2026/2027_cvpr/vjepa2/checkpoint/models--facebook--vjepa2-vith-fpc64-256/snapshots/b5eac8703e3efdc1547fbb6ddfbeb133dc0bdee5/original/model.pth
[rank2] 2026-09-20 19:35:35,236 INFO analysis.intphys2.eval :: rank 2/8 (ddp=True)
[rank2] 2026-09-20 19:35:35,236 INFO analysis.intphys2.eval :: config: /data/hyuntak/project/2026/2027_cvpr/vjepa2/configs/analysis/intphys2/bench_intphys2_main_vith.yaml
[rank2] 2026-09-20 19:35:35,236 INFO analysis.intphys2.model :: Loading V-JEPA 2 checkpoint from /data/hyuntak/project/2026/2027_cvpr/vjepa2/checkpoint/models--facebook--vjepa2-vith-fpc64-256/snapshots/b5eac8703e3efdc1547fbb6ddfbeb133dc0bdee5/original/model.pth
[rank7] 2026-09-20 19:35:35,282 INFO analysis.intphys2.eval :: rank 7/8 (ddp=True)
[rank7] 2026-09-20 19:35:35,282 INFO analysis.intphys2.eval :: config: /data/hyuntak/project/2026/2027_cvpr/vjepa2/configs/analysis/intphys2/bench_intphys2_main_vith.yaml
[rank7] 2026-09-20 19:35:35,282 INFO analysis.intphys2.model :: Loading V-JEPA 2 checkpoint from /data/hyuntak/project/2026/2027_cvpr/vjepa2/checkpoint/models--facebook--vjepa2-vith-fpc64-256/snapshots/b5eac8703e3efdc1547fbb6ddfbeb133dc0bdee5/original/model.pth
[rank6] 2026-09-20 19:36:25,822 INFO analysis.intphys2.model :: [encoder<-target_encoder] load_state_dict: <All keys matched successfully>
[rank1] 2026-09-20 19:36:25,827 INFO analysis.intphys2.model :: [encoder<-target_encoder] load_state_dict: <All keys matched successfully>
[rank0] 2026-09-20 19:36:25,859 INFO analysis.intphys2.model :: [encoder<-target_encoder] load_state_dict: <All keys matched successfully>
[rank5] 2026-09-20 19:36:25,885 INFO analysis.intphys2.model :: [encoder<-target_encoder] load_state_dict: <All keys matched successfully>
[rank3] 2026-09-20 19:36:25,901 INFO analysis.intphys2.model :: [encoder<-target_encoder] load_state_dict: <All keys matched successfully>
[rank2] 2026-09-20 19:36:26,248 INFO analysis.intphys2.model :: [encoder<-target_encoder] load_state_dict: <All keys matched successfully>
[rank7] 2026-09-20 19:36:26,393 INFO analysis.intphys2.model :: [encoder<-target_encoder] load_state_dict: <All keys matched successfully>
[rank4] 2026-09-20 19:36:26,497 INFO analysis.intphys2.model :: [encoder<-target_encoder] load_state_dict: <All keys matched successfully>
[rank3] 2026-09-20 19:36:41,080 INFO analysis.intphys2.model :: [context_encoder<-encoder] load_state_dict: <All keys matched successfully>
[rank5] 2026-09-20 19:36:41,188 INFO analysis.intphys2.model :: [context_encoder<-encoder] load_state_dict: <All keys matched successfully>
[rank0] 2026-09-20 19:36:41,308 INFO analysis.intphys2.model :: [context_encoder<-encoder] load_state_dict: <All keys matched successfully>
[rank1] 2026-09-20 19:36:41,451 INFO analysis.intphys2.model :: [context_encoder<-encoder] load_state_dict: <All keys matched successfully>
[rank4] 2026-09-20 19:36:41,517 INFO analysis.intphys2.model :: [context_encoder<-encoder] load_state_dict: <All keys matched successfully>
[rank6] 2026-09-20 19:36:41,545 INFO analysis.intphys2.model :: [context_encoder<-encoder] load_state_dict: <All keys matched successfully>
[rank2] 2026-09-20 19:36:41,727 INFO analysis.intphys2.model :: [context_encoder<-encoder] load_state_dict: <All keys matched successfully>
[rank7] 2026-09-20 19:36:41,838 INFO analysis.intphys2.model :: [context_encoder<-encoder] load_state_dict: <All keys matched successfully>
[rank3] 2026-09-20 19:36:41,945 INFO analysis.intphys2.model :: [predictor] load_state_dict: <All keys matched successfully>
[rank5] 2026-09-20 19:36:42,294 INFO analysis.intphys2.model :: [predictor] load_state_dict: <All keys matched successfully>
[rank1] 2026-09-20 19:36:42,324 INFO analysis.intphys2.model :: [predictor] load_state_dict: <All keys matched successfully>
[rank0] 2026-09-20 19:36:42,398 INFO analysis.intphys2.model :: [predictor] load_state_dict: <All keys matched successfully>
[rank6] 2026-09-20 19:36:42,423 INFO analysis.intphys2.model :: [predictor] load_state_dict: <All keys matched successfully>
[rank4] 2026-09-20 19:36:42,472 INFO analysis.intphys2.model :: [predictor] load_state_dict: <All keys matched successfully>
[rank3] 2026-09-20 19:36:42,531 INFO analysis.intphys2.dataset :: IntPhys2 [Main] loaded 1012 videos from /data2/local_datasets/world/Benchmark/IntPhys2/Main/metadata.csv
[rank3] 2026-09-20 19:36:42,532 INFO analysis.intphys2.eval :: intphys2 dataset: 1012 videos
[rank3] 2026-09-20 19:36:42,532 INFO analysis.intphys2.eval :: scoring 127/1012 videos (rank 3/8) across 11 context length(s): [4, 6, 8, 10, 12, 14, 18, 24, 30, 36, 42]  (num_workers=6)
[rank2] 2026-09-20 19:36:42,791 INFO analysis.intphys2.model :: [predictor] load_state_dict: <All keys matched successfully>
[rank7] 2026-09-20 19:36:42,848 INFO analysis.intphys2.model :: [predictor] load_state_dict: <All keys matched successfully>
[rank5] 2026-09-20 19:36:42,980 INFO analysis.intphys2.dataset :: IntPhys2 [Main] loaded 1012 videos from /data2/local_datasets/world/Benchmark/IntPhys2/Main/metadata.csv
[rank5] 2026-09-20 19:36:42,981 INFO analysis.intphys2.eval :: intphys2 dataset: 1012 videos
[rank5] 2026-09-20 19:36:42,981 INFO analysis.intphys2.eval :: scoring 126/1012 videos (rank 5/8) across 11 context length(s): [4, 6, 8, 10, 12, 14, 18, 24, 30, 36, 42]  (num_workers=6)
[rank0] 2026-09-20 19:36:43,186 INFO analysis.intphys2.dataset :: IntPhys2 [Main] loaded 1012 videos from /data2/local_datasets/world/Benchmark/IntPhys2/Main/metadata.csv
[rank0] 2026-09-20 19:36:43,186 INFO analysis.intphys2.eval :: intphys2 dataset: 1012 videos
[rank0] 2026-09-20 19:36:43,187 INFO analysis.intphys2.eval :: scoring 127/1012 videos (rank 0/8) across 11 context length(s): [4, 6, 8, 10, 12, 14, 18, 24, 30, 36, 42]  (num_workers=6)
[rank1] 2026-09-20 19:36:43,303 INFO analysis.intphys2.dataset :: IntPhys2 [Main] loaded 1012 videos from /data2/local_datasets/world/Benchmark/IntPhys2/Main/metadata.csv
[rank1] 2026-09-20 19:36:43,304 INFO analysis.intphys2.eval :: intphys2 dataset: 1012 videos
[rank1] 2026-09-20 19:36:43,304 INFO analysis.intphys2.eval :: scoring 127/1012 videos (rank 1/8) across 11 context length(s): [4, 6, 8, 10, 12, 14, 18, 24, 30, 36, 42]  (num_workers=6)
[rank6] 2026-09-20 19:36:43,485 INFO analysis.intphys2.dataset :: IntPhys2 [Main] loaded 1012 videos from /data2/local_datasets/world/Benchmark/IntPhys2/Main/metadata.csv
[rank6] 2026-09-20 19:36:43,486 INFO analysis.intphys2.eval :: intphys2 dataset: 1012 videos
[rank6] 2026-09-20 19:36:43,487 INFO analysis.intphys2.eval :: scoring 126/1012 videos (rank 6/8) across 11 context length(s): [4, 6, 8, 10, 12, 14, 18, 24, 30, 36, 42]  (num_workers=6)
[rank4] 2026-09-20 19:36:43,502 INFO analysis.intphys2.dataset :: IntPhys2 [Main] loaded 1012 videos from /data2/local_datasets/world/Benchmark/IntPhys2/Main/metadata.csv
[rank4] 2026-09-20 19:36:43,504 INFO analysis.intphys2.eval :: intphys2 dataset: 1012 videos
[rank4] 2026-09-20 19:36:43,505 INFO analysis.intphys2.eval :: scoring 126/1012 videos (rank 4/8) across 11 context length(s): [4, 6, 8, 10, 12, 14, 18, 24, 30, 36, 42]  (num_workers=6)
[rank2] 2026-09-20 19:36:43,680 INFO analysis.intphys2.dataset :: IntPhys2 [Main] loaded 1012 videos from /data2/local_datasets/world/Benchmark/IntPhys2/Main/metadata.csv
[rank2] 2026-09-20 19:36:43,680 INFO analysis.intphys2.eval :: intphys2 dataset: 1012 videos
[rank2] 2026-09-20 19:36:43,681 INFO analysis.intphys2.eval :: scoring 127/1012 videos (rank 2/8) across 11 context length(s): [4, 6, 8, 10, 12, 14, 18, 24, 30, 36, 42]  (num_workers=6)
[rank7] 2026-09-20 19:36:43,726 INFO analysis.intphys2.dataset :: IntPhys2 [Main] loaded 1012 videos from /data2/local_datasets/world/Benchmark/IntPhys2/Main/metadata.csv
[rank7] 2026-09-20 19:36:43,726 INFO analysis.intphys2.eval :: intphys2 dataset: 1012 videos
[rank7] 2026-09-20 19:36:43,727 INFO analysis.intphys2.eval :: scoring 126/1012 videos (rank 7/8) across 11 context length(s): [4, 6, 8, 10, 12, 14, 18, 24, 30, 36, 42]  (num_workers=6)
/data/hyuntak/anaconda3/envs/vjepa2/lib/python3.12/contextlib.py:105: FutureWarning: `torch.backends.cuda.sdp_kernel()` is deprecated. In the future, this context manager will be removed. Please see `torch.nn.attention.sdpa_kernel()` for the new context manager, with updated signature.
  self.gen = func(*args, **kwds)
/data/hyuntak/anaconda3/envs/vjepa2/lib/python3.12/contextlib.py:105: FutureWarning: `torch.backends.cuda.sdp_kernel()` is deprecated. In the future, this context manager will be removed. Please see `torch.nn.attention.sdpa_kernel()` for the new context manager, with updated signature.
  self.gen = func(*args, **kwds)
/data/hyuntak/anaconda3/envs/vjepa2/lib/python3.12/contextlib.py:105: FutureWarning: `torch.backends.cuda.sdp_kernel()` is deprecated. In the future, this context manager will be removed. Please see `torch.nn.attention.sdpa_kernel()` for the new context manager, with updated signature.
  self.gen = func(*args, **kwds)
/data/hyuntak/anaconda3/envs/vjepa2/lib/python3.12/contextlib.py:105: FutureWarning: `torch.backends.cuda.sdp_kernel()` is deprecated. In the future, this context manager will be removed. Please see `torch.nn.attention.sdpa_kernel()` for the new context manager, with updated signature.
  self.gen = func(*args, **kwds)
/data/hyuntak/anaconda3/envs/vjepa2/lib/python3.12/contextlib.py:105: FutureWarning: `torch.backends.cuda.sdp_kernel()` is deprecated. In the future, this context manager will be removed. Please see `torch.nn.attention.sdpa_kernel()` for the new context manager, with updated signature.
  self.gen = func(*args, **kwds)
/data/hyuntak/anaconda3/envs/vjepa2/lib/python3.12/contextlib.py:105: FutureWarning: `torch.backends.cuda.sdp_kernel()` is deprecated. In the future, this context manager will be removed. Please see `torch.nn.attention.sdpa_kernel()` for the new context manager, with updated signature.
  self.gen = func(*args, **kwds)
/data/hyuntak/anaconda3/envs/vjepa2/lib/python3.12/contextlib.py:105: FutureWarning: `torch.backends.cuda.sdp_kernel()` is deprecated. In the future, this context manager will be removed. Please see `torch.nn.attention.sdpa_kernel()` for the new context manager, with updated signature.
  self.gen = func(*args, **kwds)
/data/hyuntak/anaconda3/envs/vjepa2/lib/python3.12/contextlib.py:105: FutureWarning: `torch.backends.cuda.sdp_kernel()` is deprecated. In the future, this context manager will be removed. Please see `torch.nn.attention.sdpa_kernel()` for the new context manager, with updated signature.
  self.gen = func(*args, **kwds)
[rank5] 2026-09-20 19:45:40,731 INFO analysis.intphys2.eval :: [25/126] rate=0.05 v/s elapsed=537.7s ETA=2172.5s
[rank1] 2026-09-20 19:45:48,360 INFO analysis.intphys2.eval :: [25/127] rate=0.05 v/s elapsed=545.1s ETA=2223.8s
[rank4] 2026-09-20 19:45:49,041 INFO analysis.intphys2.eval :: [25/126] rate=0.05 v/s elapsed=545.5s ETA=2204.0s
[rank7] 2026-09-20 19:45:49,799 INFO analysis.intphys2.eval :: [25/126] rate=0.05 v/s elapsed=546.1s ETA=2206.1s
[rank3] 2026-09-20 19:45:50,755 INFO analysis.intphys2.eval :: [25/127] rate=0.05 v/s elapsed=548.2s ETA=2236.7s
[rank6] 2026-09-20 19:45:55,034 INFO analysis.intphys2.eval :: [25/126] rate=0.05 v/s elapsed=551.5s ETA=2228.3s
[rank2] 2026-09-20 19:46:04,929 INFO analysis.intphys2.eval :: [25/127] rate=0.04 v/s elapsed=561.2s ETA=2289.9s
[rank0] 2026-09-20 19:46:09,706 INFO analysis.intphys2.eval :: [25/127] rate=0.04 v/s elapsed=566.5s ETA=2311.4s
[rank1] 2026-09-20 19:54:24,069 INFO analysis.intphys2.eval :: [50/127] rate=0.05 v/s elapsed=1060.8s ETA=1633.6s
[rank3] 2026-09-20 19:54:30,978 INFO analysis.intphys2.eval :: [50/127] rate=0.05 v/s elapsed=1068.4s ETA=1645.4s
[rank2] 2026-09-20 19:54:55,262 INFO analysis.intphys2.eval :: [50/127] rate=0.05 v/s elapsed=1091.6s ETA=1681.0s
[rank0] 2026-09-20 19:55:07,691 INFO analysis.intphys2.eval :: [50/127] rate=0.05 v/s elapsed=1104.5s ETA=1700.9s
[rank5] 2026-09-20 19:55:17,434 INFO analysis.intphys2.eval :: [50/126] rate=0.04 v/s elapsed=1114.5s ETA=1694.0s
[rank7] 2026-09-20 19:55:33,560 INFO analysis.intphys2.eval :: [50/126] rate=0.04 v/s elapsed=1129.8s ETA=1717.3s
[rank4] 2026-09-20 19:55:38,013 INFO analysis.intphys2.eval :: [50/126] rate=0.04 v/s elapsed=1134.5s ETA=1724.5s
[rank6] 2026-09-20 19:55:39,063 INFO analysis.intphys2.eval :: [50/126] rate=0.04 v/s elapsed=1135.6s ETA=1726.1s
[rank1] 2026-09-20 20:03:08,569 INFO analysis.intphys2.eval :: [75/127] rate=0.05 v/s elapsed=1585.3s ETA=1099.1s
[rank3] 2026-09-20 20:03:17,025 INFO analysis.intphys2.eval :: [75/127] rate=0.05 v/s elapsed=1594.5s ETA=1105.5s
[rank2] 2026-09-20 20:03:53,234 INFO analysis.intphys2.eval :: [75/127] rate=0.05 v/s elapsed=1629.6s ETA=1129.8s
[rank0] 2026-09-20 20:04:13,054 INFO analysis.intphys2.eval :: [75/127] rate=0.05 v/s elapsed=1649.9s ETA=1143.9s
[rank5] 2026-09-20 20:04:22,751 INFO analysis.intphys2.eval :: [75/126] rate=0.05 v/s elapsed=1659.8s ETA=1128.6s
[rank7] 2026-09-20 20:04:38,661 INFO analysis.intphys2.eval :: [75/126] rate=0.04 v/s elapsed=1674.9s ETA=1139.0s
[rank6] 2026-09-20 20:04:45,090 INFO analysis.intphys2.eval :: [75/126] rate=0.04 v/s elapsed=1681.6s ETA=1143.5s
[rank4] 2026-09-20 20:04:51,749 INFO analysis.intphys2.eval :: [75/126] rate=0.04 v/s elapsed=1688.2s ETA=1148.0s
[rank1] 2026-09-20 20:12:01,954 INFO analysis.intphys2.eval :: [100/127] rate=0.05 v/s elapsed=2118.7s ETA=572.0s
[rank2] 2026-09-20 20:12:59,768 INFO analysis.intphys2.eval :: [100/127] rate=0.05 v/s elapsed=2176.1s ETA=587.5s
[rank0] 2026-09-20 20:13:28,619 INFO analysis.intphys2.eval :: [100/127] rate=0.05 v/s elapsed=2205.4s ETA=595.5s
[rank5] 2026-09-20 20:13:44,201 INFO analysis.intphys2.eval :: [100/126] rate=0.05 v/s elapsed=2221.2s ETA=577.5s
[rank3] 2026-09-20 20:13:49,407 INFO analysis.intphys2.eval :: [100/127] rate=0.04 v/s elapsed=2226.9s ETA=601.3s
[rank7] 2026-09-20 20:14:02,828 INFO analysis.intphys2.eval :: [100/126] rate=0.04 v/s elapsed=2239.1s ETA=582.2s
[rank6] 2026-09-20 20:14:06,334 INFO analysis.intphys2.eval :: [100/126] rate=0.04 v/s elapsed=2242.8s ETA=583.1s
[rank4] 2026-09-20 20:16:22,004 INFO analysis.intphys2.eval :: [100/126] rate=0.04 v/s elapsed=2378.5s ETA=618.4s
[rank1] 2026-09-20 20:20:38,312 INFO analysis.intphys2.eval :: [125/127] rate=0.05 v/s elapsed=2635.0s ETA=42.2s
[rank2] 2026-09-20 20:21:50,403 INFO analysis.intphys2.eval :: [125/127] rate=0.05 v/s elapsed=2706.7s ETA=43.3s
[rank5] 2026-09-20 20:22:21,076 INFO analysis.intphys2.eval :: [125/126] rate=0.05 v/s elapsed=2738.1s ETA=21.9s
[rank0] 2026-09-20 20:22:25,536 INFO analysis.intphys2.eval :: [125/127] rate=0.05 v/s elapsed=2742.3s ETA=43.9s
[rank6] 2026-09-20 20:22:47,798 INFO analysis.intphys2.eval :: [125/126] rate=0.05 v/s elapsed=2764.3s ETA=22.1s
[rank7] 2026-09-20 20:22:48,741 INFO analysis.intphys2.eval :: [125/126] rate=0.05 v/s elapsed=2765.0s ETA=22.1s
[rank3] 2026-09-20 20:24:11,787 INFO analysis.intphys2.eval :: [125/127] rate=0.04 v/s elapsed=2849.3s ETA=45.6s
[rank4] 2026-09-20 20:26:14,733 INFO analysis.intphys2.eval :: [125/126] rate=0.04 v/s elapsed=2971.2s ETA=23.8s
[rank0] 2026-09-20 20:26:55,969 INFO matplotlib.font_manager :: generated new fontManager
[rank0] 2026-09-20 20:26:57,464 INFO analysis.intphys2.eval :: 
===== IntPhys2 pairwise-surprise summary =====
tag: bench_intphys2_main_vith
split: Main   root: /data2/local_datasets/world/Benchmark/IntPhys2
model.checkpoint: /data/hyuntak/project/2026/2027_cvpr/vjepa2/checkpoint/models--facebook--vjepa2-vith-fpc64-256/snapshots/b5eac8703e3efdc1547fbb6ddfbeb133dc0bdee5/original/model.pth
surprise: window=48 stride=2 C=[4, 6, 8, 10, 12, 14, 18, 24, 30, 36, 42] dist=l1 agg=avg
context_lengths evaluated: [4, 6, 8, 10, 12, 14, 18, 24, 30, 36, 42]
best_context_length (max pairwise): C=24
  [overall (pairwise)]
    pairwise_accuracy=53.75%  (correct=272/506, ties=0)
  [single-video (AUROC)]
    auroc=0.5027  (n_pos=506, n_neg=506)
  breakdowns:
    [condition=continuity|difficulty=Easy|camera=Fixed]
      pairwise_accuracy=33.33%  (correct=2/6, ties=0)
    [condition=continuity|difficulty=Easy|camera=Moving]
      pairwise_accuracy=83.33%  (correct=5/6, ties=0)
    [condition=continuity|difficulty=Hard|camera=Fixed]
      pairwise_accuracy=61.11%  (correct=11/18, ties=0)
    [condition=continuity|difficulty=Hard|camera=Moving]
      pairwise_accuracy=50.00%  (correct=9/18, ties=0)
    [condition=continuity|difficulty=Medium|camera=Fixed]
      pairwise_accuracy=59.09%  (correct=13/22, ties=0)
    [condition=continuity|difficulty=Medium|camera=Moving]
      pairwise_accuracy=66.67%  (correct=16/24, ties=0)
    [condition=continuity|difficulty=Unknown|camera=Fixed]
      pairwise_accuracy=50.00%  (correct=3/6, ties=0)
    [condition=continuity|difficulty=Unknown|camera=Moving]
      pairwise_accuracy=80.00%  (correct=16/20, ties=0)
    [condition=immutability|difficulty=Easy|camera=Fixed]
      pairwise_accuracy=33.33%  (correct=2/6, ties=0)
    [condition=immutability|difficulty=Easy|camera=Moving]
      pairwise_accuracy=66.67%  (correct=4/6, ties=0)
    [condition=immutability|difficulty=Hard|camera=Fixed]
      pairwise_accuracy=44.44%  (correct=8/18, ties=0)
    [condition=immutability|difficulty=Hard|camera=Moving]
      pairwise_accuracy=50.00%  (correct=9/18, ties=0)
    [condition=immutability|difficulty=Medium|camera=Fixed]
      pairwise_accuracy=59.09%  (correct=13/22, ties=0)
    [condition=immutability|difficulty=Medium|camera=Moving]
      pairwise_accuracy=45.83%  (correct=11/24, ties=0)
    [condition=immutability|difficulty=Unknown|camera=Fixed]
      pairwise_accuracy=100.00%  (correct=6/6, ties=0)
    [condition=immutability|difficulty=Unknown|camera=Moving]
      pairwise_accuracy=35.00%  (correct=7/20, ties=0)
    [condition=permanence|difficulty=Easy|camera=Fixed]
      pairwise_accuracy=50.00%  (correct=3/6, ties=0)
    [condition=permanence|difficulty=Easy|camera=Moving]
      pairwise_accuracy=50.00%  (correct=3/6, ties=0)
    [condition=permanence|difficulty=Hard|camera=Fixed]
      pairwise_accuracy=61.11%  (correct=11/18, ties=0)
    [condition=permanence|difficulty=Hard|camera=Moving]
      pairwise_accuracy=55.56%  (correct=10/18, ties=0)
    [condition=permanence|difficulty=Medium|camera=Fixed]
      pairwise_accuracy=63.64%  (correct=14/22, ties=0)
    [condition=permanence|difficulty=Medium|camera=Moving]
      pairwise_accuracy=29.17%  (correct=7/24, ties=0)
    [condition=permanence|difficulty=Unknown|camera=Fixed]
      pairwise_accuracy=33.33%  (correct=2/6, ties=0)
    [condition=permanence|difficulty=Unknown|camera=Moving]
      pairwise_accuracy=55.00%  (correct=11/20, ties=0)
    [condition=solidity|difficulty=Easy|camera=Fixed]
      pairwise_accuracy=50.00%  (correct=3/6, ties=0)
    [condition=solidity|difficulty=Easy|camera=Moving]
      pairwise_accuracy=50.00%  (correct=5/10, ties=0)
    [condition=solidity|difficulty=Hard|camera=Fixed]
      pairwise_accuracy=50.00%  (correct=11/22, ties=0)
    [condition=solidity|difficulty=Hard|camera=Moving]
      pairwise_accuracy=47.37%  (correct=18/38, ties=0)
    [condition=solidity|difficulty=Medium|camera=Fixed]
      pairwise_accuracy=45.83%  (correct=11/24, ties=0)
    [condition=solidity|difficulty=Medium|camera=Moving]
      pairwise_accuracy=60.53%  (correct=23/38, ties=0)
    [condition=solidity|difficulty=Unknown|camera=Moving]
      pairwise_accuracy=62.50%  (correct=5/8, ties=0)
[rank0] 2026-09-20 20:26:57,465 INFO analysis.intphys2.eval :: outputs written to /data/hyuntak/project/2026/2027_cvpr/vjepa2/z_research/Benchmarks/exp_results/intphys2/bench_intphys2_main_vith
[rank0]:[W920 20:26:58.973050171 ProcessGroupNCCL.cpp:1647] Warning: WARNING: destroy_process_group() was not called before program exit, which can leak resources. For more info, please see https://pytorch.org/docs/stable/distributed.html#shutdown (function operator())
exit=0  Sun 20 Sep 2026 08:27:00 PM KST
