job 215213 host vll1 Sun 20 Sep 2026 07:42:23 PM KST
BENCH=grasp intphys1  MODELS=vjepa2 vjepa21 videomae2
--- 스테이징
[19:42:23] 호스트 vll1 | SRC=/data/dataset/world/Benchmarks | LOCAL=/data2/local_datasets/world/Benchmark
/dev/nvme1n1p1  1.9T  1.9T  1.1M 100% /data2
[19:42:23] grasp: 시작
[19:42:23] intphys2: 시작
[19:42:23] intphys1: 시작
/data/hyuntak/project/2026/2027_cvpr/vjepa2/z_research/Benchmarks/stage.sh: line 66: /data2/local_datasets/world/Benchmark/.state/intphys2.failed: No space left on device
[19:42:33] intphys2: 실패 — /data2/local_datasets/world/Benchmark/.state/intphys2.log
/data/hyuntak/project/2026/2027_cvpr/vjepa2/z_research/Benchmarks/stage.sh: line 66: /data2/local_datasets/world/Benchmark/.state/intphys1.failed: No space left on device
[19:42:47] intphys1: 실패 — /data2/local_datasets/world/Benchmark/.state/intphys1.log
/data/hyuntak/project/2026/2027_cvpr/vjepa2/z_research/Benchmarks/stage.sh: line 66: /data2/local_datasets/world/Benchmark/.state/grasp.failed: No space left on device
[19:42:51] grasp: 실패 — /data2/local_datasets/world/Benchmark/.state/grasp.log
[19:42:57] ----- 결과 -----
  grasp     ?       1.1M
  intphys1  ?       0
  intphys2  ?       
[19:42:57] InfLevel 은 tar 가 없다 -> /data/dataset/world/Benchmarks/InfLevel 에서 바로 읽는다 (1.1 GB)
mkdir: cannot create directory ‘/data2/local_datasets/world/Benchmark/ckpt’: No space left on device
ls: cannot access '/data2/local_datasets/world/Benchmark/ckpt': No such file or directory
=== grasp / vjepa2  (19:42:57)  GPU x 8  batch 8
slurmstepd: error: *** JOB 215213 ON vll1 CANCELLED AT 2026-09-20T19:43:41 ***
