[build] job=213434 node=vll5 split=train jobs=32 crf=12 color_tol=1.0  2026-09-15 14:15:17
/dev/sda1       7.0T  7.0T   70G 100% /data2
[1/495] skip P01_04 (이미 검증됨)
[2/495] skip P01_103 (이미 검증됨)
[3/495] skip P01_19 (이미 검증됨)
[4/495] skip P02_01 (이미 검증됨)
[5/495] skip P02_101 (이미 검증됨)
[6/495] skip P01_06 (이미 검증됨)
[7/495] skip P02_06 (이미 검증됨)
[8/495] skip P01_02 (이미 검증됨)
[9/495] skip P02_102 (이미 검증됨)
[10/495] skip P01_10 (이미 검증됨)
[11/495] skip P01_107 (이미 검증됨)
[12/495] skip P01_08 (이미 검증됨)
[13/495] skip P02_03 (이미 검증됨)
[14/495] skip P01_07 (이미 검증됨)
[15/495] skip P02_105 (이미 검증됨)
[16/495] skip P02_104 (이미 검증됨)
[17/495] skip P02_111 (이미 검증됨)
[18/495] skip P01_108 (이미 검증됨)
[19/495] skip P01_03 (이미 검증됨)
[20/495] skip P02_115 (이미 검증됨)
[21/495] skip P01_16 (이미 검증됨)
[22/495] skip P02_118 (이미 검증됨)
[23/495] skip P01_18 (이미 검증됨)
[24/495] skip P01_17 (이미 검증됨)
[25/495] skip P02_121 (이미 검증됨)
[26/495] skip P02_05 (이미 검증됨)
[27/495] skip P02_07 (이미 검증됨)
[28/495] skip P02_122 (이미 검증됨)
[29/495] skip P02_08 (이미 검증됨)
[30/495] skip P02_103 (이미 검증됨)
[31/495] skip P02_108 (이미 검증됨)
[32/495] skip P02_126 (이미 검증됨)
[33/495] skip P01_104 (이미 검증됨)
[34/495] skip P01_106 (이미 검증됨)
[35/495] skip P02_128 (이미 검증됨)
[36/495] skip P02_109 (이미 검증됨)
[37/495] skip P01_109 (이미 검증됨)
[38/495] skip P02_04 (이미 검증됨)
[39/495] skip P01_09 (이미 검증됨)
[40/495] skip P03_02 (이미 검증됨)
[41/495] skip P03_03 (이미 검증됨)
[42/495] skip P02_112 (이미 검증됨)
[43/495] skip P02_02 (이미 검증됨)
[44/495] skip P02_116 (이미 검증됨)
[45/495] skip P02_113 (이미 검증됨)
[46/495] skip P02_114 (이미 검증됨)
[47/495] skip P03_08 (이미 검증됨)
[48/495] skip P02_107 (이미 검증됨)
[49/495] skip P02_119 (이미 검증됨)
[50/495] skip P02_123 (이미 검증됨)
[51/495] skip P01_01 (이미 검증됨)
[52/495] skip P02_124 (이미 검증됨)
[53/495] skip P03_108 (이미 검증됨)
[54/495] skip P03_101 (이미 검증됨)
[55/495] skip P01_05 (이미 검증됨)
[56/495] skip P03_11 (이미 검증됨)
[57/495] skip P03_110 (이미 검증됨)
[58/495] skip P02_132 (이미 검증됨)
[59/495] skip P02_134 (이미 검증됨)
[60/495] skip P02_133 (이미 검증됨)
[61/495] skip P02_131 (이미 검증됨)
[62/495] skip P03_04 (이미 검증됨)
[63/495] skip P02_110 (이미 검증됨)
[64/495] skip P03_111 (이미 검증됨)
[65/495] skip P03_05 (이미 검증됨)
[66/495] skip P03_06 (이미 검증됨)
[67/495] skip P01_102 (이미 검증됨)
[68/495] skip P03_07 (이미 검증됨)
[69/495] skip P03_10 (이미 검증됨)
[70/495] skip P03_09 (이미 검증됨)
[71/495] skip P03_102 (이미 검증됨)
[72/495] skip P02_127 (이미 검증됨)
[73/495] skip P02_10 (이미 검증됨)
[74/495] skip P03_109 (이미 검증됨)
[75/495] skip P03_106 (이미 검증됨)
[76/495] skip P03_107 (이미 검증됨)
[77/495] skip P02_130 (이미 검증됨)
[78/495] skip P02_135 (이미 검증됨)
[79/495] skip P02_11 (이미 검증됨)
[80/495] skip P03_117 (이미 검증됨)
[81/495] skip P03_115 (이미 검증됨)
[82/495] skip P03_118 (이미 검증됨)
[83/495] skip P03_114 (이미 검증됨)
[84/495] skip P03_116 (이미 검증됨)
[85/495] skip P03_122 (이미 검증됨)
[86/495] skip P03_119 (이미 검증됨)
[87/495] skip P03_120 (이미 검증됨)
[88/495] skip P03_123 (이미 검증됨)
[89/495] skip P03_12 (이미 검증됨)
[90/495] skip P03_113 (이미 검증됨)
[91/495] skip P03_121 (이미 검증됨)
[92/495] skip P03_15 (이미 검증됨)
[93/495] skip P03_112 (이미 검증됨)
[94/495] skip P03_13 (이미 검증됨)
[95/495] skip P03_14 (이미 검증됨)
[96/495] skip P03_17 (이미 검증됨)
[97/495] skip P03_19 (이미 검증됨)
[98/495] skip P03_18 (이미 검증됨)
[99/495] skip P03_16 (이미 검증됨)
[100/495] skip P03_20 (이미 검증됨)
[101/495] skip P03_28 (이미 검증됨)
[102/495] skip P03_27 (이미 검증됨)
[103/495] skip P04_02 (이미 검증됨)
[104/495] skip P04_01 (이미 검증됨)
[105/495] skip P04_04 (이미 검증됨)
[106/495] skip P04_06 (이미 검증됨)
[107/495] skip P04_07 (이미 검증됨)
[108/495] skip P04_03 (이미 검증됨)
[109/495] skip P04_08 (이미 검증됨)
[110/495] skip P04_05 (이미 검증됨)
[111/495] skip P04_101 (이미 검증됨)
[112/495] skip P04_10 (이미 검증됨)
[113/495] skip P04_09 (이미 검증됨)
[114/495] skip P04_102 (이미 검증됨)
[115/495] skip P04_106 (이미 검증됨)
[116/495] skip P04_108 (이미 검증됨)
[117/495] skip P04_103 (이미 검증됨)
[118/495] skip P04_11 (이미 검증됨)
[119/495] skip P04_111 (이미 검증됨)
[120/495] skip P04_114 (이미 검증됨)
[121/495] skip P04_113 (이미 검증됨)
[122/495] skip P04_118 (이미 검증됨)
[123/495] skip P04_115 (이미 검증됨)
[124/495] skip P04_116 (이미 검증됨)
[125/495] skip P04_12 (이미 검증됨)
[126/495] skip P04_14 (이미 검증됨)
[127/495] skip P04_13 (이미 검증됨)
[128/495] skip P04_15 (이미 검증됨)
[129/495] skip P04_16 (이미 검증됨)
[130/495] skip P04_18 (이미 검증됨)
[131/495] skip P04_19 (이미 검증됨)
[132/495] skip P04_21 (이미 검증됨)
[133/495] skip P04_22 (이미 검증됨)
[134/495] skip P04_23 (이미 검증됨)
[135/495] skip P05_01 (이미 검증됨)
[136/495] skip P05_04 (이미 검증됨)
[137/495] skip P05_03 (이미 검증됨)
[138/495] skip P05_02 (이미 검증됨)
[139/495] skip P06_03 (이미 검증됨)
[140/495] skip P05_05 (이미 검증됨)
[141/495] skip P05_08 (이미 검증됨)
[142/495] skip P06_02 (이미 검증됨)
[143/495] skip P05_06 (이미 검증됨)
[144/495] skip P06_01 (이미 검증됨)
[145/495] skip P06_05 (이미 검증됨)
[146/495] skip P06_08 (이미 검증됨)
[147/495] skip P06_09 (이미 검증됨)
[148/495] skip P06_101 (이미 검증됨)
[149/495] skip P06_103 (이미 검증됨)
[150/495] skip P06_102 (이미 검증됨)
[151/495] skip P06_07 (이미 검증됨)
[152/495] skip P06_105 (이미 검증됨)
[153/495] skip P06_104 (이미 검증됨)
[154/495] skip P06_106 (이미 검증됨)
[155/495] skip P06_109 (이미 검증됨)
[156/495] skip P06_113 (이미 검증됨)
[157/495] skip P07_01 (이미 검증됨)
[158/495] skip P07_04 (이미 검증됨)
[159/495] skip P07_06 (이미 검증됨)
[160/495] skip P07_02 (이미 검증됨)
[161/495] skip P07_03 (이미 검증됨)
[162/495] skip P07_05 (이미 검증됨)
[163/495] skip P07_10 (이미 검증됨)
[164/495] skip P07_101 (이미 검증됨)
[165/495] skip P07_102 (이미 검증됨)
[166/495] skip P07_08 (이미 검증됨)
[167/495] skip P07_07 (이미 검증됨)
[168/495] skip P07_09 (이미 검증됨)
[169/495] skip P07_110 (이미 검증됨)
[170/495] skip P07_106 (이미 검증됨)
[171/495] skip P07_103 (이미 검증됨)
[172/495] skip P07_107 (이미 검증됨)
[173/495] skip P07_111 (이미 검증됨)
[174/495] skip P07_112 (이미 검증됨)
[175/495] skip P07_11 (이미 검증됨)
[176/495] skip P07_114 (이미 검증됨)
[177/495] skip P07_115 (이미 검증됨)
[178/495] skip P07_113 (이미 검증됨)
[179/495] skip P07_116 (이미 검증됨)
[180/495] skip P07_117 (이미 검증됨)
[181/495] skip P08_03 (이미 검증됨)
[182/495] skip P08_02 (이미 검증됨)
[183/495] skip P08_04 (이미 검증됨)
[184/495] skip P08_01 (이미 검증됨)
[185/495] skip P08_06 (이미 검증됨)
[186/495] skip P08_05 (이미 검증됨)
[187/495] skip P08_07 (이미 검증됨)
[188/495] skip P08_11 (이미 검증됨)
[189/495] skip P08_12 (이미 검증됨)
[190/495] skip P08_13 (이미 검증됨)
[191/495] skip P08_18 (이미 검증됨)
[192/495] skip P08_21 (이미 검증됨)
[193/495] skip P08_19 (이미 검증됨)
[194/495] skip P08_08 (이미 검증됨)
[195/495] skip P08_20 (이미 검증됨)
[196/495] skip P08_22 (이미 검증됨)
[197/495] skip P08_23 (이미 검증됨)
[198/495] skip P08_25 (이미 검증됨)
[199/495] skip P08_27 (이미 검증됨)
[200/495] skip P08_28 (이미 검증됨)
[201/495] skip P08_26 (이미 검증됨)
[202/495] skip P09_03 (이미 검증됨)
[203/495] skip P09_04 (이미 검증됨)
[204/495] skip P09_02 (이미 검증됨)
[205/495] skip P09_01 (이미 검증됨)
[206/495] skip P09_103 (이미 검증됨)
[207/495] skip P09_104 (이미 검증됨)
[208/495] skip P09_06 (이미 검증됨)
[209/495] skip P09_05 (이미 검증됨)
[210/495] skip P10_02 (이미 검증됨)
[211/495] skip P10_04 (이미 검증됨)
[212/495] skip P09_106 (이미 검증됨)
[213/495] skip P11_01 (이미 검증됨)
[214/495] skip P10_01 (이미 검증됨)
[215/495] skip P09_105 (이미 검증됨)
[216/495] skip P11_05 (이미 검증됨)
[217/495] skip P11_06 (이미 검증됨)
[218/495] skip P11_04 (이미 검증됨)
[219/495] skip P11_03 (이미 검증됨)
[220/495] skip P11_02 (이미 검증됨)
[221/495] skip P11_07 (이미 검증됨)
[222/495] skip P11_08 (이미 검증됨)
[223/495] skip P11_10 (이미 검증됨)
[224/495] skip P11_09 (이미 검증됨)
[225/495] skip P11_101 (이미 검증됨)
[226/495] skip P11_102 (이미 검증됨)
[227/495] skip P11_105 (이미 검증됨)
[228/495] skip P11_104 (이미 검증됨)
[229/495] skip P11_107 (이미 검증됨)
[230/495] skip P11_103 (이미 검증됨)
[231/495] skip P11_13 (이미 검증됨)
[232/495] skip P11_11 (이미 검증됨)
[233/495] skip P11_14 (이미 검증됨)
[234/495] skip P11_109 (이미 검증됨)
[235/495] skip P11_16 (이미 검증됨)
[236/495] skip P11_12 (이미 검증됨)
[237/495] skip P12_01 (이미 검증됨)
[238/495] skip P12_02 (이미 검증됨)
[239/495] skip P12_04 (이미 검증됨)
[240/495] skip P11_15 (이미 검증됨)
[241/495] skip P12_06 (이미 검증됨)
[242/495] skip P12_05 (이미 검증됨)
[243/495] skip P12_07 (이미 검증됨)
[244/495] skip P12_104 (이미 검증됨)
[245/495] skip P12_101 (이미 검증됨)
[246/495] skip P12_103 (이미 검증됨)
[247/495] skip P13_04 (이미 검증됨)
[248/495] skip P12_105 (이미 검증됨)
[249/495] skip P13_05 (이미 검증됨)
[250/495] skip P13_07 (이미 검증됨)
[251/495] skip P13_06 (이미 검증됨)
[252/495] skip P13_10 (이미 검증됨)
[253/495] skip P13_08 (이미 검증됨)
[254/495] skip P13_09 (이미 검증됨)
[255/495] skip P14_02 (이미 검증됨)
[256/495] skip P14_03 (이미 검증됨)
[257/495] skip P14_05 (이미 검증됨)
[258/495] skip P14_04 (이미 검증됨)
[259/495] skip P14_01 (이미 검증됨)
[260/495] skip P14_09 (이미 검증됨)
[261/495] skip P15_01 (이미 검증됨)
[262/495] skip P15_02 (이미 검증됨)
[263/495] skip P14_07 (이미 검증됨)
[264/495] skip P15_07 (이미 검증됨)
[265/495] skip P15_03 (이미 검증됨)
[266/495] skip P15_10 (이미 검증됨)
[267/495] skip P15_11 (이미 검증됨)
[268/495] skip P15_13 (이미 검증됨)
[269/495] skip P15_12 (이미 검증됨)
[270/495] skip P15_08 (이미 검증됨)
[271/495] skip P15_09 (이미 검증됨)
[272/495] skip P16_03 (이미 검증됨)
[273/495] skip P16_01 (이미 검증됨)
[274/495] skip P17_03 (이미 검증됨)
[275/495] skip P16_02 (이미 검증됨)
[276/495] skip P17_04 (이미 검증됨)
[277/495] skip P19_01 (이미 검증됨)
[278/495] skip P17_01 (이미 검증됨)
[279/495] skip P19_03 (이미 검증됨)
[280/495] skip P19_04 (이미 검증됨)
[281/495] skip P19_02 (이미 검증됨)
[282/495] skip P20_02 (이미 검증됨)
[283/495] skip P20_03 (이미 검증됨)
[284/495] skip P20_01 (이미 검증됨)
[285/495] skip P21_01 (이미 검증됨)
[286/495] skip P21_04 (이미 검증됨)
[287/495] skip P20_04 (이미 검증됨)
[288/495] skip P22_06 (이미 검증됨)
[289/495] skip P21_03 (이미 검증됨)
[290/495] skip P22_05 (이미 검증됨)
[291/495] skip P22_08 (이미 검증됨)
[292/495] skip P22_07 (이미 검증됨)
[293/495] skip P22_10 (이미 검증됨)
[294/495] skip P22_09 (이미 검증됨)
[295/495] skip P22_103 (이미 검증됨)
[296/495] skip P22_104 (이미 검증됨)
[297/495] skip P22_101 (이미 검증됨)
[298/495] skip P22_102 (이미 검증됨)
[299/495] skip P22_107 (이미 검증됨)
[300/495] skip P22_11 (이미 검증됨)
[301/495] skip P22_110 (이미 검증됨)
[302/495] skip P22_106 (이미 검증됨)
[303/495] skip P22_105 (이미 검증됨)
[304/495] skip P22_108 (이미 검증됨)
[305/495] skip P22_109 (이미 검증됨)
[306/495] skip P22_111 (이미 검증됨)
[307/495] skip P22_112 (이미 검증됨)
[308/495] skip P22_116 (이미 검증됨)
[309/495] skip P22_13 (이미 검증됨)
[310/495] skip P22_115 (이미 검증됨)
[311/495] skip P22_14 (이미 검증됨)
[312/495] skip P22_12 (이미 검증됨)
[313/495] skip P22_113 (이미 검증됨)
[314/495] skip P22_15 (이미 검증됨)
[315/495] skip P22_117 (이미 검증됨)
[316/495] skip P22_16 (이미 검증됨)
[317/495] skip P23_03 (이미 검증됨)
[318/495] skip P23_04 (이미 검증됨)
[319/495] skip P22_17 (이미 검증됨)
[320/495] skip P23_02 (이미 검증됨)
[321/495] skip P23_101 (이미 검증됨)
[322/495] skip P23_01 (이미 검증됨)
[323/495] skip P24_01 (이미 검증됨)
[324/495] skip P24_04 (이미 검증됨)
[325/495] skip P24_02 (이미 검증됨)
[326/495] skip P24_07 (이미 검증됨)
[327/495] skip P24_08 (이미 검증됨)
[328/495] skip P24_03 (이미 검증됨)
[329/495] skip P24_05 (이미 검증됨)
[330/495] skip P24_06 (이미 검증됨)
[331/495] skip P25_02 (이미 검증됨)
[332/495] skip P25_01 (이미 검증됨)
[333/495] skip P25_03 (이미 검증됨)
[334/495] skip P25_05 (이미 검증됨)
[335/495] skip P25_04 (이미 검증됨)
[336/495] skip P25_101 (이미 검증됨)
[337/495] skip P25_103 (이미 검증됨)
[338/495] skip P25_10 (이미 검증됨)
[339/495] skip P25_102 (이미 검증됨)
[340/495] skip P25_09 (이미 검증됨)
[341/495] skip P25_104 (이미 검증됨)
[342/495] skip P25_106 (이미 검증됨)
[343/495] skip P25_107 (이미 검증됨)
[344/495] skip P25_11 (이미 검증됨)
[345/495] skip P26_01 (이미 검증됨)
[346/495] skip P25_12 (이미 검증됨)
[347/495] skip P26_04 (이미 검증됨)
[348/495] skip P26_02 (이미 검증됨)
[349/495] skip P26_03 (이미 검증됨)
[350/495] skip P26_06 (이미 검증됨)
[351/495] skip P26_05 (이미 검증됨)
[352/495] skip P26_08 (이미 검증됨)
[353/495] skip P26_07 (이미 검증됨)
[354/495] skip P26_09 (이미 검증됨)
[355/495] skip P26_10 (이미 검증됨)
[356/495] skip P26_102 (이미 검증됨)
[357/495] skip P26_101 (이미 검증됨)
[358/495] skip P26_103 (이미 검증됨)
[359/495] skip P26_106 (이미 검증됨)
[360/495] skip P26_104 (이미 검증됨)
[361/495] skip P26_105 (이미 검증됨)
[362/495] skip P26_107 (이미 검증됨)
[363/495] skip P26_110 (이미 검증됨)
[364/495] skip P26_111 (이미 검증됨)
[365/495] skip P26_109 (이미 검증됨)
[366/495] skip P26_108 (이미 검증됨)
[367/495] skip P26_11 (이미 검증됨)
[368/495] skip P26_115 (이미 검증됨)
[369/495] skip P26_112 (이미 검증됨)
[370/495] skip P26_114 (이미 검증됨)
[371/495] skip P26_113 (이미 검증됨)
[372/495] skip P26_117 (이미 검증됨)
[373/495] skip P26_118 (이미 검증됨)
[374/495] skip P26_116 (이미 검증됨)
[375/495] skip P26_119 (이미 검증됨)
[376/495] skip P26_12 (이미 검증됨)
[377/495] skip P26_124 (이미 검증됨)
[378/495] skip P26_14 (이미 검증됨)
[379/495] skip P26_13 (이미 검증됨)
[380/495] skip P26_15 (이미 검증됨)
[381/495] skip P26_17 (이미 검증됨)
[382/495] skip P26_16 (이미 검증됨)
[383/495] skip P26_18 (이미 검증됨)
[384/495] skip P26_19 (이미 검증됨)
[385/495] skip P26_21 (이미 검증됨)
[386/495] skip P26_20 (이미 검증됨)
[387/495] skip P26_22 (이미 검증됨)
[388/495] skip P26_24 (이미 검증됨)
[389/495] skip P26_26 (이미 검증됨)
[390/495] skip P26_23 (이미 검증됨)
[391/495] skip P26_25 (이미 검증됨)
[392/495] skip P26_27 (이미 검증됨)
[393/495] skip P27_01 (이미 검증됨)
[394/495] skip P26_29 (이미 검증됨)
[395/495] skip P26_28 (이미 검증됨)
[396/495] skip P27_03 (이미 검증됨)
[397/495] skip P27_02 (이미 검증됨)
[398/495] skip P27_04 (이미 검증됨)
[399/495] skip P27_06 (이미 검증됨)
[400/495] skip P27_07 (이미 검증됨)
[401/495] skip P27_101 (이미 검증됨)
[402/495] skip P27_103 (이미 검증됨)
[403/495] skip P28_01 (이미 검증됨)
[404/495] skip P28_04 (이미 검증됨)
[405/495] skip P28_03 (이미 검증됨)
[406/495] skip P28_02 (이미 검증됨)
[407/495] skip P28_08 (이미 검증됨)
[408/495] skip P28_05 (이미 검증됨)
[409/495] skip P28_07 (이미 검증됨)
[410/495] skip P28_06 (이미 검증됨)
[411/495] skip P28_10 (이미 검증됨)
[412/495] skip P28_09 (이미 검증됨)
[413/495] skip P28_106 (이미 검증됨)
[414/495] skip P28_109 (이미 검증됨)
[415/495] skip P28_108 (이미 검증됨)
[416/495] skip P28_110 (이미 검증됨)
[417/495] skip P28_11 (이미 검증됨)
[418/495] skip P28_111 (이미 검증됨)
[419/495] skip P28_112 (이미 검증됨)
[420/495] skip P28_13 (이미 검증됨)
[421/495] skip P28_12 (이미 검증됨)
[422/495] skip P29_01 (이미 검증됨)
[423/495] skip P29_02 (이미 검증됨)
[424/495] skip P28_14 (이미 검증됨)
[425/495] skip P29_03 (이미 검증됨)
[426/495] skip P29_04 (이미 검증됨)
[427/495] skip P30_02 (이미 검증됨)
[428/495] skip P30_01 (이미 검증됨)
[429/495] skip P30_03 (이미 검증됨)
[430/495] skip P30_04 (이미 검증됨)
[431/495] skip P30_06 (이미 검증됨)
[432/495] skip P30_10 (이미 검증됨)
[433/495] skip P30_05 (이미 검증됨)
[434/495] skip P30_101 (이미 검증됨)
[435/495] skip P30_103 (이미 검증됨)
[436/495] skip P30_104 (이미 검증됨)
[437/495] skip P30_107 (이미 검증됨)
[438/495] skip P30_108 (이미 검증됨)
[439/495] skip P30_110 (이미 검증됨)
[440/495] skip P30_109 (이미 검증됨)
[441/495] skip P30_11 (이미 검증됨)
[442/495] skip P30_111 (이미 검증됨)
[443/495] skip P30_112 (이미 검증됨)
[444/495] skip P30_113 (이미 검증됨)
[445/495] skip P30_114 (이미 검증됨)
[446/495] skip P31_01 (이미 검증됨)
[447/495] skip P31_02 (이미 검증됨)
[448/495] skip P31_03 (이미 검증됨)
[449/495] skip P31_04 (이미 검증됨)
[450/495] skip P31_06 (이미 검증됨)
[451/495] skip P31_05 (이미 검증됨)
[452/495] skip P31_07 (이미 검증됨)
[453/495] skip P31_08 (이미 검증됨)
[454/495] skip P31_09 (이미 검증됨)
[455/495] skip P31_13 (이미 검증됨)
[456/495] skip P31_14 (이미 검증됨)
[457/495] skip P35_101 (이미 검증됨)
[458/495] skip P35_103 (이미 검증됨)
[459/495] skip P35_105 (이미 검증됨)
[460/495] skip P35_107 (이미 검증됨)
[461/495] skip P35_109 (이미 검증됨)
[462/495] skip P37_101 (이미 검증됨)
[463/495] skip P37_102 (이미 검증됨)
[464/495] skip P37_103 (이미 검증됨)
[465/495 1.7m] ok   P28_107 frames 2443/2443 fps 50.00 filled 0 color [0.142, 0.163, 0.074] mad 2.476 96.6s
[466/495 2.0m] ok   P04_20 frames 5523/5523 fps 59.94 filled 0 color [0.12, 0.202, -0.207] mad 2.645 118.2s
[467/495 2.3m] ok   P06_110 frames 3816/3816 fps 50.00 filled 0 color [0.441, 0.137, 0.313] mad 2.469 135.9s
[468/495 2.9m] ok   P04_17 frames 8858/8858 fps 59.94 filled 0 color [0.244, 0.196, 0.227] mad 2.55 170.1s
[469/495 7.5m] ok   P06_107 frames 14564/14564 fps 50.00 filled 0 color [0.135, 0.11, -0.069] mad 2.365 448.1s
[470/495 11.3m] ok   P04_117 frames 16754/16754 fps 50.00 filled 0 color [0.302, 0.21, 0.238] mad 2.84 674.3s
[471/495 18.1m] ok   P28_102 frames 20829/20829 fps 50.00 filled 0 color [-0.239, 0.165, -0.275] mad 2.734 1084.4s
[472/495 19.2m] ok   P04_112 frames 24561/24561 fps 50.00 filled 0 color [0.251, 0.135, 0.325] mad 2.551 1149.5s
[473/495 25.3m] ok   P28_113 frames 26891/26891 fps 50.00 filled 0 color [0.462, 0.101, 0.259] mad 2.472 1513.8s
[474/495 26.3m] ok   P28_105 frames 28587/28587 fps 50.00 filled 0 color [0.264, 0.261, 0.363] mad 2.469 1576.0s
[475/495 27.7m] ok   P04_104 frames 34235/34235 fps 50.00 filled 0 color [0.139, 0.122, 0.118] mad 2.716 1659.5s
[476/495 30.0m] ok   P04_110 frames 36118/36118 fps 50.00 filled 0 color [0.569, 0.175, 0.369] mad 2.864 1797.3s
[477/495 30.6m] ok   P02_120 frames 36921/36921 fps 50.00 filled 0 color [-0.182, 0.297, 0.504] mad 2.676 1833.1s
[478/495 32.0m] ok   P06_108 frames 36435/36435 fps 50.00 filled 0 color [0.157, 0.191, -0.03] mad 2.563 1919.8s
[479/495 32.2m] ok   P28_104 frames 35967/35967 fps 50.00 filled 0 color [0.563, 0.015, -0.147] mad 2.678 1927.0s
[480/495 32.4m] ok   P28_101 frames 35885/35885 fps 50.00 filled 0 color [0.377, 0.174, 0.281] mad 2.641 1938.7s
[481/495 34.5m] ok   P04_119 frames 42551/42551 fps 50.00 filled 0 color [0.279, 0.117, 0.255] mad 2.496 2067.6s
[482/495 36.8m] ok   P08_24 frames 34394/34394 fps 59.94 filled 0 color [0.168, 0.188, 0.187] mad 2.445 2203.1s
[483/495 36.9m] ok   P04_120 frames 41731/41731 fps 50.00 filled 0 color [0.289, 0.139, 0.242] mad 2.462 2208.3s
[484/495 39.9m] ok   P04_109 frames 49027/49027 fps 50.00 filled 0 color [0.128, 0.122, 0.191] mad 2.743 2390.2s
[485/495 41.0m] FAIL P27_105 frames 48888/48888 fps 50.00 filled 0 color [0.688, 0.019, 0.869] mad 3.301 2458.7s  ['color diff [0.688, 0.019, 0.869] mad 3.301']
[486/495 42.8m] ok   P27_104 frames 52665/52665 fps 50.00 filled 0 color [0.731, 0.106, 0.552] mad 2.555 2567.5s
[487/495 43.1m] ok   P02_129 frames 55667/55667 fps 50.00 filled 0 color [0.12, 0.15, 0.446] mad 2.418 2585.8s
[hevc @ 0x5630a8320340] CABAC_MAX_BIN : 7
[hevc @ 0x5630a8320340] The cu_qp_delta 1094995529 is outside the valid range [-26, 25].
[488/495 53.7m] ok   P04_107 frames 74186/74186 fps 50.00 filled 0 color [0.331, 0.215, 0.274] mad 2.544 3219.8s
[489/495 59.0m] ok   P04_121 frames 84661/84661 fps 50.00 filled 0 color [0.082, 0.295, 0.061] mad 2.67 3538.3s
[hevc @ 0x5630a8278d40] The cu_qp_delta -110 is outside the valid range [-26, 25].
[490/495 63.0m] ok   P02_09 frames 131858/131858 fps 59.94 filled 0 color [0.049, 0.242, -0.046] mad 2.433 3775.8s
[491/495 65.3m] FAIL P28_103 frames 91258/91258 fps 50.00 filled 0 color [0.062, 0.154, 0.153] mad 3.101 3916.7s  ['color diff [0.062, 0.154, 0.153] mad 3.101']
[492/495 69.1m] ok   P01_105 frames 106018/106018 fps 50.00 filled 0 color [0.575, 0.153, 0.471] mad 2.588 4144.6s
[493/495 92.9m] ok   P35_108 frames 150754/150754 fps 50.00 filled 0 color [0.045, 0.11, 0.49] mad 2.565 5569.7s
[494/495 100.6m] ok   P35_104 frames 167522/167522 fps 50.00 filled 0 color [0.148, 0.108, 0.262] mad 2.497 6035.2s
[495/495 106.5m] ok   P23_102 frames 178476/178476 fps 50.00 filled 0 color [0.315, 0.011, 0.335] mad 2.458 6388.8s
끝: ok 493 / 495  실패 ['P27_105', 'P28_103']  (106.5 분)
