[build] job=213090 node=vll5 split=train jobs=40 crf=15 color_tol=1.0  2026-09-15 02:25:08
/dev/sda1       7.0T  7.0T   64G 100% /data2
[1/495 0.5m] ok   P02_05 frames 1112/1112 fps 59.94 filled 0 color [0.666, 0.235, -0.189] mad 2.742 29.6s
[2/495 1.9m] ok   P02_103 frames 6108/6108 fps 50.00 filled 0 color [0.183, 0.149, 0.393] mad 2.632 110.7s
[3/495 1.9m] FAIL P02_10 frames 2922/2922 fps 59.94 filled 0 color [0.42, 0.312, 0.683] mad 3.01 112.3s  ['color diff [0.42, 0.312, 0.683] mad 3.01']
[4/495 1.9m] ok   P02_107 frames 6073/6073 fps 50.00 filled 0 color [0.445, 0.0, -0.02] mad 2.7 112.5s
[5/495 2.4m] ok   P02_08 frames 4014/4014 fps 59.94 filled 0 color [0.181, 0.131, 0.314] mad 2.479 143.2s
[6/495 2.8m] ok   P01_107 frames 5972/5972 fps 50.00 filled 0 color [0.427, 0.124, 0.649] mad 2.54 168.0s
[7/495 2.9m] FAIL P02_11 frames 3242/3242 fps 59.94 filled 0 color [0.019, 0.481, 0.637] mad 3.142 144.3s  ['color diff [0.019, 0.481, 0.637] mad 3.142']
[8/495 3.3m] ok   P02_111 frames 2629/2629 fps 50.00 filled 0 color [0.316, 0.15, 0.254] mad 2.838 85.4s
[9/495 3.8m] ok   P01_108 frames 6995/6995 fps 50.00 filled 0 color [0.422, 0.074, 0.482] mad 2.607 227.3s
[10/495 3.8m] ok   P02_114 frames 1785/1785 fps 50.00 filled 0 color [0.365, 0.19, 0.446] mad 2.56 59.8s
[11/495 3.8m] ok   P02_02 frames 12410/12410 fps 59.94 filled 0 color [0.159, 0.061, 0.158] mad 2.44 229.4s
[12/495 4.9m] ok   P01_08 frames 5932/5932 fps 59.94 filled 0 color [0.331, 0.081, 0.119] mad 2.289 293.3s
[13/495 5.0m] ok   P02_07 frames 6508/6508 fps 59.94 filled 0 color [0.222, 0.122, 0.389] mad 2.437 299.0s
[14/495 5.2m] ok   P02_102 frames 11354/11354 fps 50.00 filled 0 color [0.438, 0.157, 0.591] mad 2.649 310.5s
[15/495 5.2m] ok   P02_116 frames 3419/3419 fps 50.00 filled 0 color [0.302, 0.222, 0.617] mad 2.419 116.6s
[16/495 5.3m] ok   P01_04 frames 6308/6308 fps 59.94 filled 0 color [0.29, 0.09, 0.237] mad 1.937 319.5s
[17/495 5.4m] ok   P01_103 frames 8901/8901 fps 50.00 filled 0 color [0.406, 0.194, 0.522] mad 2.924 320.8s
[18/495 5.5m] ok   P02_101 frames 12186/12186 fps 50.00 filled 0 color [0.293, 0.106, 0.387] mad 2.312 327.3s
[19/495 5.8m] ok   P01_03 frames 7124/7124 fps 59.94 filled 0 color [0.258, 0.174, 0.164] mad 1.756 348.9s
[20/495 5.9m] ok   P02_115 frames 5325/5325 fps 50.00 filled 0 color [0.47, 0.175, 0.501] mad 2.711 180.9s
[21/495 6.0m] ok   P01_10 frames 8334/8334 fps 59.94 filled 0 color [0.216, 0.164, 0.319] mad 2.429 359.8s
[22/495 6.1m] ok   P02_127 frames 1317/1317 fps 50.00 filled 0 color [0.284, 0.055, -0.111] mad 2.34 47.5s
[23/495 6.5m] ok   P02_119 frames 4599/4599 fps 50.00 filled 0 color [0.342, 0.184, 0.542] mad 2.939 161.1s
[24/495 7.1m] ok   P02_110 frames 8962/8962 fps 50.00 filled 0 color [0.186, 0.24, 0.491] mad 2.526 315.7s
[25/495 7.5m] ok   P01_07 frames 9674/9674 fps 59.94 filled 0 color [0.3, 0.206, 0.287] mad 2.513 446.8s
[26/495 7.7m] ok   P01_16 frames 10467/10467 fps 59.94 filled 0 color [0.346, 0.143, 0.448] mad 2.08 461.9s
[27/495 7.7m] ok   P01_104 frames 12282/12282 fps 50.00 filled 0 color [0.2, 0.061, 0.268] mad 2.937 464.5s
[28/495 7.9m] ok   P02_134 frames 1346/1346 fps 50.00 filled 0 color [0.105, -0.004, 0.101] mad 1.723 50.2s
[29/495 8.9m] ok   P02_133 frames 4022/4022 fps 50.00 filled 0 color [0.523, 0.11, 0.358] mad 2.445 145.4s
[30/495 9.3m] ok   P01_102 frames 13746/13746 fps 50.00 filled 0 color [0.523, 0.066, 0.698] mad 2.868 555.0s
[31/495 9.4m] ok   P02_128 frames 6762/6762 fps 50.00 filled 0 color [0.28, 0.148, 0.384] mad 2.512 239.2s
[32/495 9.7m] ok   P02_126 frames 7436/7436 fps 50.00 filled 0 color [0.552, 0.137, 0.267] mad 2.687 262.5s
[33/495 10.5m] ok   P03_03 frames 4255/4255 fps 59.94 filled 0 color [0.149, 0.139, 0.194] mad 2.186 165.6s
[34/495 10.6m] ok   P02_01 frames 13965/13965 fps 59.94 filled 0 color [0.454, 0.19, 0.542] mad 2.554 632.8s
[35/495 10.8m] ok   P03_08 frames 1764/1764 fps 59.94 filled 0 color [0.107, 0.001, 0.017] mad 1.975 68.1s
[36/495 11.0m] ok   P02_105 frames 20519/20519 fps 50.00 filled 0 color [0.351, 0.214, 0.328] mad 2.515 659.4s
[37/495 12.1m] ok   P02_124 frames 11592/11592 fps 50.00 filled 0 color [0.345, 0.21, 0.488] mad 2.94 412.2s
[38/495 13.3m] ok   P02_132 frames 11354/11354 fps 50.00 filled 0 color [0.422, 0.129, 0.525] mad 2.457 427.5s
[39/495 13.5m] ok   P03_07 frames 6426/6426 fps 59.94 filled 0 color [0.35, 0.142, 0.567] mad 2.3 244.3s
[40/495 13.5m] ok   P03_06 frames 6541/6541 fps 59.94 filled 0 color [0.247, 0.257, 0.495] mad 1.991 255.8s
[41/495 14.4m] ok   P03_10 frames 6160/6160 fps 59.94 filled 0 color [0.314, 0.249, 0.475] mad 2.166 230.8s
[42/495 14.8m] ok   P03_108 frames 2136/2136 fps 50.00 filled 0 color [0.412, 0.144, 0.089] mad 2.483 76.9s
[43/495 14.8m] ok   P03_106 frames 4451/4451 fps 50.00 filled 0 color [0.524, 0.189, 0.217] mad 2.871 162.5s
[44/495 15.4m] ok   P03_110 frames 905/905 fps 50.00 filled 0 color [0.43, 0.106, 0.305] mad 2.425 33.1s
[45/495 15.6m] ok   P02_135 frames 13059/13059 fps 50.00 filled 0 color [0.412, 0.265, 0.443] mad 2.7 491.5s
[46/495 15.7m] ok   P02_113 frames 22435/22435 fps 50.00 filled 0 color [0.1, 0.145, 0.696] mad 2.548 797.8s
[47/495 16.2m] ok   P03_102 frames 8440/8440 fps 50.00 filled 0 color [0.373, 0.158, 0.141] mad 2.522 309.9s
[48/495 16.3m] ok   P02_104 frames 28359/28359 fps 50.00 filled 0 color [0.365, 0.139, 0.523] mad 2.952 975.7s
[49/495 16.4m] ok   P03_11 frames 3155/3155 fps 59.94 filled 0 color [0.282, 0.268, 0.57] mad 2.426 121.7s
[50/495 16.5m] ok   P03_114 frames 1382/1382 fps 50.00 filled 0 color [0.422, 0.17, 0.281] mad 2.217 50.3s
[51/495 16.9m] ok   P03_115 frames 1111/1111 fps 50.00 filled 0 color [0.066, 0.089, 0.029] mad 2.138 42.2s
[52/495 17.0m] ok   P02_121 frames 19656/19656 fps 50.00 filled 0 color [0.441, 0.306, 0.437] mad 2.899 724.5s
[53/495 17.1m] ok   P03_111 frames 3716/3716 fps 50.00 filled 0 color [0.189, 0.162, 0.127] mad 2.405 135.0s
[54/495 17.2m] ok   P03_05 frames 13446/13446 fps 59.94 filled 0 color [0.537, 0.215, 0.227] mad 2.49 496.8s
[55/495 17.8m] ok   P03_12 frames 1293/1293 fps 59.94 filled 0 color [0.496, 0.229, 0.218] mad 2.139 51.1s
[56/495 18.0m] ok   P03_116 frames 2865/2865 fps 50.00 filled 0 color [0.296, 0.245, 0.138] mad 2.419 103.1s
[57/495 18.3m] ok   P02_04 frames 25318/25318 fps 59.94 filled 0 color [0.369, 0.164, 0.302] mad 2.596 1097.0s
[58/495 19.0m] ok   P03_122 frames 1906/1906 fps 50.00 filled 0 color [0.117, 0.121, 0.122] mad 2.18 69.3s
[59/495 20.3m] ok   P03_113 frames 7416/7416 fps 50.00 filled 0 color [0.353, 0.205, 0.371] mad 2.689 278.5s
[60/495 20.3m] ok   P03_118 frames 6306/6306 fps 50.00 filled 0 color [0.2, 0.17, 0.081] mad 2.418 226.4s
[61/495 20.4m] ok   P03_13 frames 3355/3355 fps 59.94 filled 0 color [0.323, 0.286, 0.276] mad 2.21 124.3s
[62/495 20.7m] ok   P03_15 frames 628/628 fps 59.94 filled 0 color [0.195, 0.229, 0.577] mad 2.257 24.0s
[63/495 21.2m] ok   P03_107 frames 12724/12724 fps 50.00 filled 0 color [0.58, 0.1, 0.39] mad 1.892 476.6s
[64/495 21.2m] ok   P01_06 frames 29504/29504 fps 59.94 filled 0 color [0.294, 0.107, 0.157] mad 2.242 1272.6s
[65/495 21.6m] ok   P03_18 frames 1452/1452 fps 59.94 filled 0 color [-0.165, 0.16, -0.027] mad 2.203 56.4s
[66/495 22.2m] ok   P01_02 frames 30098/30098 fps 59.94 filled 0 color [0.294, 0.319, 0.156] mad 2.516 1329.1s
[67/495 22.3m] ok   P01_19 frames 28650/28650 fps 59.94 filled 0 color [0.356, 0.148, 0.063] mad 2.408 1337.8s
[68/495 24.0m] ok   P03_02 frames 25571/25571 fps 59.94 filled 0 color [0.228, 0.076, 0.268] mad 2.104 980.0s
[69/495 24.4m] ok   P01_106 frames 36169/36169 fps 50.00 filled 0 color [0.301, 0.077, 0.477] mad 2.91 1464.8s
[70/495 25.4m] ok   P03_28 frames 5127/5127 fps 59.94 filled 0 color [0.171, 0.09, 0.231] mad 2.281 192.0s
[71/495 25.4m] ok   P03_27 frames 5823/5823 fps 59.94 filled 0 color [0.136, 0.051, 0.172] mad 2.161 229.1s
[72/495 25.9m] ok   P03_17 frames 8922/8922 fps 59.94 filled 0 color [0.312, 0.193, 0.408] mad 2.326 333.6s
[73/495 26.8m] FAIL P02_120 frames 36921/36921 fps 50.00 filled 0 color [-0.087, 0.359, 0.787] mad 3.375 1378.9s  ['color diff [-0.087, 0.359, 0.787] mad 3.375']
[74/495 27.3m] ok   P02_131 frames 33745/33745 fps 50.00 filled 0 color [0.335, 0.103, 0.083] mad 2.499 1278.2s
[75/495 27.9m] ok   P03_123 frames 15957/15957 fps 50.00 filled 0 color [0.289, 0.272, 0.258] mad 2.573 593.2s
[76/495 28.1m] ok   P02_122 frames 38365/38365 fps 50.00 filled 0 color [0.194, 0.192, 0.271] mad 2.412 1389.3s
[77/495 28.2m] ok   P02_118 frames 38823/38823 fps 50.00 filled 0 color [0.374, 0.093, 0.376] mad 2.809 1461.6s
[78/495 28.7m] ok   P03_121 frames 19417/19417 fps 50.00 filled 0 color [0.119, 0.282, 0.255] mad 2.663 688.9s
[79/495 28.9m] ok   P03_14 frames 15589/15589 fps 59.94 filled 0 color [0.239, 0.072, 0.388] mad 2.231 596.5s
[80/495 29.2m] ok   P02_109 frames 45629/45629 fps 50.00 filled 0 color [0.387, 0.176, 0.249] mad 2.712 1749.3s
[81/495 30.3m] ok   P03_16 frames 16285/16285 fps 59.94 filled 0 color [0.439, 0.31, 0.498] mad 2.279 599.7s
[82/495 30.3m] ok   P03_112 frames 25398/25398 fps 50.00 filled 0 color [0.369, 0.27, 0.518] mad 2.754 898.7s
[83/495 30.4m] ok   P04_08 frames 4956/4956 fps 59.94 filled 0 color [0.018, 0.188, 0.322] mad 2.409 186.9s
[84/495 31.0m] ok   P04_103 frames 3361/3361 fps 50.00 filled 0 color [0.094, 0.003, 0.091] mad 2.18 127.3s
[85/495 31.6m] ok   P04_07 frames 7370/7370 fps 59.94 filled 0 color [0.091, 0.171, 0.049] mad 2.27 288.5s
[86/495 33.3m] ok   P04_102 frames 7766/7766 fps 50.00 filled 0 color [0.369, 0.213, 0.111] mad 2.525 278.6s
[87/495 34.7m] ok   P03_20 frames 21615/21615 fps 59.94 filled 0 color [-0.09, 0.123, 0.159] mad 2.1 810.5s
[88/495 35.1m] ok   P03_09 frames 37525/37525 fps 59.94 filled 0 color [-0.042, 0.179, 0.183] mad 2.043 1474.9s
[89/495 35.8m] ok   P04_108 frames 8982/8982 fps 50.00 filled 0 color [0.383, 0.065, 0.135] mad 2.877 324.5s
[90/495 36.2m] ok   P03_101 frames 42648/42648 fps 50.00 filled 0 color [0.431, 0.114, 0.279] mad 2.454 1520.2s
[91/495 37.8m] FAIL P04_106 frames 12665/12665 fps 50.00 filled 0 color [0.357, 0.13, 0.236] mad 3.019 451.8s  ['color diff [0.357, 0.13, 0.236] mad 3.019']
[92/495 38.0m] ok   P03_119 frames 33619/33619 fps 50.00 filled 0 color [0.364, 0.111, 0.284] mad 2.451 1268.4s
[93/495 38.6m] ok   P02_130 frames 54173/54173 fps 50.00 filled 0 color [0.337, 0.08, 0.343] mad 2.724 1960.7s
[94/495 39.0m] ok   P03_117 frames 36143/36143 fps 50.00 filled 0 color [0.007, 0.204, 0.421] mad 2.672 1352.0s
[95/495 39.5m] FAIL P02_129 frames 55667/55667 fps 50.00 filled 0 color [0.254, 0.177, 0.612] mad 3.014 2020.3s  ['color diff [0.254, 0.177, 0.612] mad 3.014']
[96/495 39.5m] ok   P02_112 frames 59131/59131 fps 50.00 filled 0 color [0.132, 0.144, 0.294] mad 2.613 2259.8s
[97/495 39.6m] FAIL P04_111 frames 7754/7754 fps 50.00 filled 0 color [0.631, 0.171, 0.548] mad 3.337 295.5s  ['color diff [0.631, 0.171, 0.548] mad 3.337']
[98/495 40.9m] FAIL P04_11 frames 14467/14467 fps 59.94 filled 0 color [0.238, 0.208, 0.328] mad 3.057 559.1s  ['color diff [0.238, 0.208, 0.328] mad 3.057']
[99/495 41.0m] ok   P04_114 frames 8002/8002 fps 50.00 filled 0 color [0.193, 0.164, 0.141] mad 2.857 286.8s
[100/495 41.2m] ok   P03_120 frames 40734/40734 fps 50.00 filled 0 color [0.422, 0.171, 0.38] mad 2.824 1448.2s
[101/495 41.5m] ok   P02_108 frames 64582/64582 fps 50.00 filled 0 color [0.396, 0.161, 0.459] mad 2.794 2491.1s
[102/495 41.7m] ok   P03_19 frames 32988/32988 fps 59.94 filled 0 color [0.065, 0.08, 0.356] mad 2.202 1228.6s
[103/495 42.5m] ok   P04_15 frames 1490/1490 fps 59.94 filled 0 color [0.372, 0.165, 0.272] mad 2.932 56.9s
[104/495 43.6m] ok   P04_118 frames 7430/7430 fps 50.00 filled 0 color [0.292, 0.121, 0.243] mad 2.962 277.5s
[105/495 44.4m] ok   P04_09 frames 24658/24658 fps 59.94 filled 0 color [0.206, 0.15, 0.201] mad 2.674 989.7s
[106/495 44.6m] ok   P02_06 frames 62071/62071 fps 59.94 filled 0 color [0.405, 0.151, 0.315] mad 2.474 2674.1s
[107/495 44.6m] ok   P04_14 frames 5257/5257 fps 59.94 filled 0 color [0.242, 0.047, 0.346] mad 1.807 204.0s
[108/495 44.7m] ok   P01_17 frames 69117/69117 fps 59.94 filled 0 color [0.16, 0.024, 0.219] mad 2.364 2679.8s
[109/495 45.0m] ok   P04_19 frames 930/930 fps 59.94 filled 0 color [0.268, 0.186, 0.23] mad 2.757 35.5s
[110/495 45.4m] ok   P04_115 frames 12915/12915 fps 50.00 filled 0 color [0.115, 0.207, 0.03] mad 2.711 456.3s
[111/495 45.5m] ok   P04_101 frames 27474/27474 fps 50.00 filled 0 color [0.228, 0.232, 0.074] mad 2.919 1041.8s
[hevc @ 0x556179f0f340] CABAC_MAX_BIN : 7
[hevc @ 0x556179f0f340] The cu_qp_delta 1094995529 is outside the valid range [-26, 25].
[112/495 46.1m] ok   P04_12 frames 9628/9628 fps 59.94 filled 0 color [0.096, 0.065, 0.077] mad 2.399 390.4s
[113/495 47.1m] ok   P01_05 frames 76242/76242 fps 59.94 filled 0 color [0.276, 0.215, 0.181] mad 2.224 2827.6s
[114/495 47.8m] ok   P03_109 frames 56703/56703 fps 50.00 filled 0 color [0.316, 0.124, 0.379] mad 2.6 2059.8s
[115/495 48.0m] FAIL P04_20 frames 5523/5523 fps 59.94 filled 0 color [0.291, 0.216, -0.061] mad 3.346 206.2s  ['color diff [0.291, 0.216, -0.061] mad 3.346']
[116/495 48.0m] FAIL P04_17 frames 8858/8858 fps 59.94 filled 0 color [0.262, 0.237, 0.378] mad 3.2 333.7s  ['color diff [0.262, 0.237, 0.378] mad 3.2']
[117/495 48.4m] ok   P02_03 frames 75055/75055 fps 59.94 filled 0 color [0.201, 0.18, 0.188] mad 2.743 2905.2s
[118/495 48.5m] FAIL P04_117 frames 16754/16754 fps 50.00 filled 0 color [0.506, 0.223, 0.359] mad 3.554 593.0s  ['color diff [0.506, 0.223, 0.359] mad 3.554']
[119/495 48.5m] ok   P04_18 frames 7480/7480 fps 59.94 filled 0 color [0.437, 0.159, 0.158] mad 2.932 294.3s
[120/495 49.0m] ok   P06_02 frames 836/836 fps 59.94 filled 0 color [0.382, 0.146, 0.217] mad 2.485 32.6s
[121/495 49.2m] ok   P02_123 frames 69917/69917 fps 50.00 filled 0 color [0.5, 0.25, 0.76] mad 2.703 2641.6s
[122/495 49.6m] FAIL P04_104 frames 34235/34235 fps 50.00 filled 0 color [0.26, 0.123, 0.224] mad 3.411 1224.4s  ['color diff [0.26, 0.123, 0.224] mad 3.411']
[123/495 49.6m] ok   P04_16 frames 13009/13009 fps 59.94 filled 0 color [0.244, 0.14, 0.332] mad 2.846 475.8s
[124/495 50.2m] FAIL P04_112 frames 24561/24561 fps 50.00 filled 0 color [0.435, 0.108, 0.478] mad 3.168 907.6s  ['color diff [0.435, 0.108, 0.478] mad 3.168']
[125/495 50.8m] ok   P06_08 frames 1838/1838 fps 59.94 filled 0 color [0.131, 0.172, 0.052] mad 2.511 72.4s
[126/495 51.1m] ok   P04_22 frames 10272/10272 fps 59.94 filled 0 color [0.17, 0.087, 0.649] mad 2.177 387.1s
[127/495 52.1m] ok   P04_21 frames 11817/11817 fps 59.94 filled 0 color [0.181, 0.173, 0.469] mad 2.208 448.4s
[128/495 52.4m] ok   P06_01 frames 5421/5421 fps 59.94 filled 0 color [0.342, 0.129, 0.312] mad 2.593 235.5s
[129/495 52.7m] ok   P04_13 frames 18837/18837 fps 59.94 filled 0 color [0.413, 0.143, 0.37] mad 2.836 704.9s
[hevc @ 0x556179e67d40] The cu_qp_delta -110 is outside the valid range [-26, 25].
[130/495 53.8m] ok   P04_03 frames 48061/48061 fps 59.94 filled 0 color [0.197, 0.233, 0.135] mad 2.291 1762.4s
[131/495 53.9m] ok   P05_05 frames 9331/9331 fps 59.94 filled 0 color [0.288, 0.205, 0.411] mad 2.168 361.2s
[132/495 54.5m] FAIL P04_110 frames 36118/36118 fps 50.00 filled 0 color [0.755, 0.19, 0.483] mad 3.533 1272.3s  ['color diff [0.755, 0.19, 0.483] mad 3.533']
[133/495 55.6m] ok   P04_116 frames 28682/28682 fps 50.00 filled 0 color [0.571, 0.25, 0.543] mad 2.879 1056.9s
[134/495 55.7m] ok   P06_109 frames 1921/1921 fps 50.00 filled 0 color [0.323, 0.203, 0.294] mad 2.364 70.3s
[135/495 55.8m] ok   P06_105 frames 5387/5387 fps 50.00 filled 0 color [0.408, 0.255, 0.512] mad 2.844 205.7s
[136/495 56.1m] ok   P04_06 frames 47248/47248 fps 59.94 filled 0 color [0.39, 0.223, 0.581] mad 2.542 1809.1s
[137/495 56.8m] ok   P06_104 frames 7621/7621 fps 50.00 filled 0 color [0.311, 0.098, 0.346] mad 2.46 284.0s
[138/495 57.8m] ok   P06_106 frames 8628/8628 fps 50.00 filled 0 color [0.445, 0.127, 0.632] mad 2.702 306.8s
[139/495 58.0m] FAIL P06_110 frames 3816/3816 fps 50.00 filled 0 color [0.623, 0.187, 0.429] mad 3.02 145.1s  ['color diff [0.623, 0.187, 0.429] mad 3.02']
[140/495 58.5m] ok   P05_02 frames 20287/20287 fps 59.94 filled 0 color [0.321, 0.178, 0.291] mad 2.282 778.9s
[141/495 58.9m] ok   P05_01 frames 21924/21924 fps 59.94 filled 0 color [0.402, 0.145, 0.26] mad 2.16 809.1s
[142/495 60.1m] ok   P04_04 frames 51437/51437 fps 59.94 filled 0 color [0.371, 0.22, 0.468] mad 2.604 2083.8s
[143/495 60.5m] ok   P07_01 frames 6541/6541 fps 59.94 filled 0 color [0.435, 0.17, 0.35] mad 2.006 282.6s
[144/495 60.7m] ok   P05_06 frames 18638/18638 fps 59.94 filled 0 color [0.284, 0.122, 0.262] mad 2.082 762.8s
[145/495 61.1m] ok   P07_02 frames 6707/6707 fps 59.94 filled 0 color [0.397, 0.14, 0.088] mad 1.989 300.4s
[146/495 61.2m] FAIL P04_109 frames 49027/49027 fps 50.00 filled 0 color [0.305, 0.122, 0.268] mad 3.391 1807.2s  ['color diff [0.305, 0.122, 0.268] mad 3.391']
[147/495 61.5m] ok   P01_01 frames 99029/99029 fps 59.94 filled 0 color [0.052, 0.11, 0.158] mad 2.057 3688.4s
[148/495 62.0m] ok   P05_04 frames 23282/23282 fps 59.94 filled 0 color [0.372, 0.215, 0.3] mad 2.269 892.6s
[149/495 62.3m] FAIL P06_107 frames 14564/14564 fps 50.00 filled 0 color [0.232, 0.117, -0.053] mad 3.027 510.1s  ['color diff [0.232, 0.117, -0.053] mad 3.027']
[150/495 62.5m] ok   P07_106 frames 810/810 fps 50.00 filled 0 color [0.244, 0.179, 0.156] mad 2.548 29.0s
[151/495 62.9m] ok   P07_103 frames 2465/2465 fps 50.00 filled 0 color [0.057, 0.033, -0.007] mad 1.558 87.5s
[152/495 64.5m] ok   P07_06 frames 8446/8446 fps 59.94 filled 0 color [0.515, 0.113, 0.101] mad 2.154 359.3s
[153/495 64.6m] FAIL P04_119 frames 42551/42551 fps 50.00 filled 0 color [0.452, 0.116, 0.367] mad 3.082 1506.2s  ['color diff [0.452, 0.116, 0.367] mad 3.082']
[154/495 64.8m] ok   P06_113 frames 15467/15467 fps 50.00 filled 0 color [0.389, 0.163, 0.452] mad 2.94 548.8s
[155/495 65.0m] ok   P04_01 frames 69216/69216 fps 59.94 filled 0 color [0.219, 0.151, 0.408] mad 2.207 2562.6s
[156/495 65.2m] FAIL P01_105 frames 106018/106018 fps 50.00 filled 0 color [0.761, 0.173, 0.528] mad 3.113 3908.8s  ['color diff [0.761, 0.173, 0.528] mad 3.113']
[157/495 65.4m] FAIL P04_120 frames 41731/41731 fps 50.00 filled 0 color [0.46, 0.154, 0.405] mad 3.04 1543.3s  ['color diff [0.46, 0.154, 0.405] mad 3.04']
[158/495 66.6m] ok   P07_05 frames 12561/12561 fps 59.94 filled 0 color [0.57, 0.05, 0.136] mad 1.251 513.0s
[159/495 67.3m] ok   P07_112 frames 4367/4367 fps 50.00 filled 0 color [0.3, 0.098, -0.075] mad 2.416 163.8s
[160/495 67.4m] ok   P07_102 frames 10260/10260 fps 50.00 filled 0 color [0.345, 0.164, 0.565] mad 2.54 377.1s
[161/495 67.6m] ok   P07_107 frames 8798/8798 fps 50.00 filled 0 color [0.478, 0.126, 0.579] mad 2.571 318.0s
[162/495 67.6m] ok   P07_03 frames 15748/15748 fps 59.94 filled 0 color [0.501, 0.166, 0.139] mad 2.03 647.2s
[163/495 68.2m] ok   P07_116 frames 4337/4337 fps 50.00 filled 0 color [0.619, 0.12, 0.645] mad 2.603 168.4s
[164/495 68.5m] ok   P07_08 frames 10372/10372 fps 59.94 filled 0 color [0.274, 0.247, 0.373] mad 2.359 502.2s
[165/495 68.5m] ok   P07_111 frames 6505/6505 fps 50.00 filled 0 color [0.504, 0.004, 0.342] mad 2.687 239.4s
[166/495 69.3m] ok   P04_10 frames 68436/68436 fps 59.94 filled 0 color [0.363, 0.133, 0.391] mad 2.816 2466.8s
[167/495 69.6m] ok   P08_07 frames 1439/1439 fps 59.94 filled 0 color [0.042, 0.249, 0.249] mad 2.396 67.1s
[168/495 70.4m] ok   P03_04 frames 100144/100144 fps 59.94 filled 0 color [0.45, 0.237, 0.534] mad 2.757 3745.7s
[169/495 70.5m] ok   P04_113 frames 59123/59123 fps 50.00 filled 0 color [0.398, 0.178, 0.145] mad 2.659 2077.8s
[170/495 70.7m] ok   P07_110 frames 13013/13013 fps 50.00 filled 0 color [0.268, 0.184, 0.358] mad 2.55 468.3s
[171/495 70.8m] ok   P07_114 frames 9242/9242 fps 50.00 filled 0 color [0.236, 0.023, 0.0] mad 2.665 349.2s
[172/495 71.4m] ok   P08_13 frames 1449/1449 fps 59.94 filled 0 color [-0.063, 0.243, 0.427] mad 2.282 56.8s
[173/495 71.5m] ok   P07_115 frames 10620/10620 fps 50.00 filled 0 color [0.496, 0.06, 0.45] mad 2.786 380.5s
[174/495 71.5m] ok   P08_02 frames 6439/6439 fps 59.94 filled 0 color [0.193, 0.272, 0.262] mad 2.865 245.8s
[175/495 71.7m] ok   P08_12 frames 2022/2022 fps 59.94 filled 0 color [0.33, 0.079, 0.475] mad 1.992 81.9s
[176/495 72.2m] ok   P07_11 frames 13382/13382 fps 59.94 filled 0 color [0.227, 0.264, 0.299] mad 2.336 583.5s
[177/495 72.3m] ok   P06_102 frames 36661/36661 fps 50.00 filled 0 color [0.226, 0.186, 0.538] mad 2.847 1293.4s
[178/495 73.3m] ok   P08_25 frames 1296/1296 fps 59.94 filled 0 color [0.217, 0.237, 0.128] mad 2.732 56.7s
[179/495 73.4m] ok   P08_03 frames 8989/8989 fps 59.94 filled 0 color [0.023, 0.18, 0.242] mad 2.582 351.2s
[180/495 73.7m] ok   P07_07 frames 19865/19865 fps 59.94 filled 0 color [0.749, 0.271, 0.485] mad 2.309 889.9s
[181/495 74.8m] ok   P04_02 frames 86170/86170 fps 59.94 filled 0 color [0.241, 0.231, 0.299] mad 2.471 3044.2s
[182/495 75.0m] FAIL P06_108 frames 36435/36435 fps 50.00 filled 0 color [0.308, 0.194, 0.076] mad 3.194 1268.9s  ['color diff [0.308, 0.194, 0.076] mad 3.194']
[183/495 75.1m] ok   P08_08 frames 8651/8651 fps 59.94 filled 0 color [0.319, 0.163, 0.439] mad 2.418 352.1s
[184/495 75.1m] ok   P08_28 frames 2045/2045 fps 59.94 filled 0 color [-0.035, 0.092, 0.205] mad 2.353 83.6s
[185/495 75.3m] ok   P09_01 frames 853/853 fps 59.94 filled 0 color [0.201, 0.184, 0.02] mad 2.481 32.4s
[186/495 75.6m] ok   P07_101 frames 24055/24055 fps 50.00 filled 0 color [0.154, 0.05, 0.262] mad 2.038 871.2s
[187/495 75.8m] FAIL P04_107 frames 74186/74186 fps 50.00 filled 0 color [0.545, 0.239, 0.431] mad 3.15 2727.1s  ['color diff [0.545, 0.239, 0.431] mad 3.15']
[188/495 75.8m] ok   P08_04 frames 12301/12301 fps 59.94 filled 0 color [0.157, 0.172, 0.728] mad 2.556 492.5s
[189/495 76.2m] ok   P08_19 frames 8247/8247 fps 59.94 filled 0 color [-0.043, 0.215, 0.408] mad 2.524 322.1s
[190/495 76.4m] ok   P06_03 frames 41123/41123 fps 59.94 filled 0 color [0.262, 0.153, 0.445] mad 2.458 1674.8s
[191/495 76.5m] ok   P07_09 frames 20369/20369 fps 59.94 filled 0 color [0.5, 0.271, 0.072] mad 2.495 959.0s
[192/495 76.8m] ok   P06_103 frames 41982/41982 fps 50.00 filled 0 color [0.549, 0.141, 0.695] mad 2.866 1539.4s
[193/495 76.9m] ok   P08_22 frames 7748/7748 fps 59.94 filled 0 color [-0.08, 0.236, 0.367] mad 2.591 319.1s
[194/495 77.3m] ok   P08_11 frames 11715/11715 fps 59.94 filled 0 color [0.161, 0.189, 0.112] mad 2.537 461.8s
[195/495 77.4m] ok   P07_117 frames 18691/18691 fps 50.00 filled 0 color [0.593, 0.093, 0.437] mad 2.695 650.7s
[196/495 78.9m] ok   P11_02 frames 2163/2163 fps 59.94 filled 0 color [0.153, 0.145, 0.077] mad 2.761 88.3s
[197/495 79.1m] ok   P09_04 frames 6124/6124 fps 59.94 filled 0 color [0.223, 0.059, 0.268] mad 2.671 235.2s
[198/495 79.5m] ok   P08_20 frames 12436/12436 fps 59.94 filled 0 color [0.155, 0.175, 0.356] mad 2.645 485.1s
[199/495 80.2m] ok   P07_113 frames 26221/26221 fps 50.00 filled 0 color [0.604, 0.103, 0.478] mad 2.658 923.0s
[200/495 80.4m] ok   P09_105 frames 6690/6690 fps 50.00 filled 0 color [0.515, 0.142, 0.339] mad 2.664 249.3s
[201/495 80.7m] ok   P09_03 frames 8766/8766 fps 59.94 filled 0 color [0.052, 0.149, 0.03] mad 2.14 332.4s
[202/495 81.0m] ok   P09_106 frames 7468/7468 fps 50.00 filled 0 color [0.275, 0.096, 0.267] mad 2.411 276.7s
[203/495 81.3m] ok   P08_27 frames 11157/11157 fps 59.94 filled 0 color [0.286, 0.173, 0.183] mad 2.473 469.1s
[204/495 81.5m] FAIL P02_09 frames 131858/131858 fps 59.94 filled 0 color [0.195, 0.242, 0.127] mad 3.018 4887.2s  ['color diff [0.195, 0.242, 0.127] mad 3.018']
[205/495 81.5m] ok   P11_07 frames 1590/1590 fps 59.94 filled 0 color [0.212, 0.093, 0.359] mad 1.969 68.9s
[206/495 81.8m] ok   P11_06 frames 2301/2301 fps 59.94 filled 0 color [0.521, 0.117, 0.399] mad 2.06 94.8s
[207/495 82.2m] ok   P11_10 frames 1280/1280 fps 59.94 filled 0 color [0.463, 0.264, 0.329] mad 2.452 54.7s
[208/495 83.1m] ok   P11_08 frames 3582/3582 fps 59.94 filled 0 color [0.296, 0.28, 0.081] mad 2.55 148.6s
[209/495 83.3m] ok   P04_23 frames 59859/59859 fps 59.94 filled 0 color [0.117, 0.197, 0.418] mad 2.332 2300.1s
[210/495 84.4m] ok   P11_03 frames 8186/8186 fps 59.94 filled 0 color [0.324, 0.219, 0.182] mad 2.317 328.6s
[211/495 85.3m] ok   P11_01 frames 10886/10886 fps 59.94 filled 0 color [0.309, 0.058, 0.344] mad 1.857 480.8s
[212/495 86.4m] ok   P09_05 frames 16045/16045 fps 59.94 filled 0 color [0.415, 0.101, 0.038] mad 2.427 663.6s
[213/495 87.0m] ok   P05_03 frames 61928/61928 fps 59.94 filled 0 color [0.443, 0.153, 0.382] mad 2.138 2457.4s
[214/495 87.1m] ok   P11_101 frames 9204/9204 fps 50.00 filled 0 color [0.198, 0.043, 0.236] mad 1.882 338.2s
[215/495 87.3m] ok   P11_107 frames 6286/6286 fps 50.00 filled 0 color [0.684, 0.063, 0.789] mad 2.685 238.9s
[216/495 88.0m] ok   P11_11 frames 3976/3976 fps 59.94 filled 0 color [0.487, 0.14, 0.524] mad 2.444 162.2s
[217/495 88.1m] ok   P06_07 frames 63651/63651 fps 59.94 filled 0 color [0.507, 0.184, 0.172] mad 2.541 2335.1s
[218/495 88.2m] ok   P11_14 frames 1646/1646 fps 59.94 filled 0 color [0.327, 0.092, 0.361] mad 2.003 67.1s
[h264 @ 0x56518f40a180] cabac decode of qscale diff failed at 12 21
[h264 @ 0x56518f40a180] error while decoding MB 12 21, bytestream 272690
[219/495 88.4m] ok   P11_12 frames 2999/2999 fps 59.94 filled 0 color [0.284, 0.064, 0.162] mad 2.035 124.4s
[220/495 88.6m] ok   P11_103 frames 11343/11343 fps 50.00 filled 0 color [0.409, 0.112, 0.362] mad 2.235 409.5s
[221/495 88.7m] ok   P08_06 frames 29169/29169 fps 59.94 filled 0 color [0.143, 0.261, 0.391] mad 2.713 1215.1s
[222/495 89.4m] ok   P08_26 frames 24530/24530 fps 59.94 filled 0 color [0.12, 0.181, 0.101] mad 2.661 965.0s
[223/495 89.5m] ok   P11_13 frames 3784/3784 fps 59.94 filled 0 color [0.127, 0.091, 0.331] mad 2.012 147.0s
[224/495 89.6m] ok   P09_02 frames 22159/22159 fps 59.94 filled 0 color [0.16, 0.227, 0.501] mad 2.252 873.8s
[225/495 90.9m] ok   P11_109 frames 10689/10689 fps 50.00 filled 0 color [0.591, 0.159, 0.049] mad 2.396 388.3s
[226/495 91.0m] ok   P08_18 frames 29949/29949 fps 59.94 filled 0 color [0.223, 0.164, 0.175] mad 2.602 1215.4s
[227/495 91.5m] ok   P11_04 frames 17308/17308 fps 59.94 filled 0 color [0.23, 0.187, 0.341] mad 2.533 743.7s
[228/495 91.8m] ok   P09_06 frames 24211/24211 fps 59.94 filled 0 color [0.128, 0.195, 0.246] mad 2.545 969.7s
[229/495 91.8m] ok   P12_05 frames 3618/3618 fps 59.94 filled 0 color [0.16, 0.186, 0.22] mad 2.134 189.7s
[230/495 92.1m] ok   P09_104 frames 27693/27693 fps 50.00 filled 0 color [0.237, 0.174, 0.304] mad 2.605 976.8s
[231/495 92.1m] ok   P11_102 frames 17176/17176 fps 50.00 filled 0 color [0.381, 0.205, 0.528] mad 2.264 636.9s
[232/495 92.2m] ok   P08_01 frames 36890/36890 fps 59.94 filled 0 color [0.066, 0.277, 0.195] mad 2.751 1492.2s
[233/495 92.5m] FAIL P04_121 frames 84661/84661 fps 50.00 filled 0 color [0.318, 0.318, 0.188] mad 3.338 3096.2s  ['color diff [0.318, 0.318, 0.188] mad 3.338']
[234/495 92.8m] ok   P11_105 frames 16683/16683 fps 50.00 filled 0 color [0.638, 0.114, 0.599] mad 2.714 577.6s
[235/495 93.7m] ok   P07_04 frames 49463/49463 fps 59.94 filled 0 color [0.49, 0.118, 0.183] mad 2.223 2153.4s
[236/495 95.2m] ok   P14_02 frames 1935/1935 fps 59.94 filled 0 color [0.537, 0.207, 0.449] mad 1.955 87.3s
[237/495 95.2m] ok   P05_08 frames 76758/76758 fps 59.94 filled 0 color [0.443, 0.162, 0.22] mad 2.301 2832.1s
[238/495 95.4m] ok   P11_09 frames 20812/20812 fps 59.94 filled 0 color [0.268, 0.148, 0.37] mad 2.252 862.8s
[239/495 96.0m] ok   P14_03 frames 1199/1199 fps 59.94 filled 0 color [0.327, 0.099, 0.173] mad 1.8 50.0s
[240/495 96.7m] FAIL P08_24 frames 34394/34394 fps 59.94 filled 0 color [0.249, 0.193, 0.343] mad 3.009 1471.6s  ['color diff [0.249, 0.193, 0.343] mad 3.009']
[241/495 96.9m] ok   P13_06 frames 6677/6677 fps 59.94 filled 0 color [0.335, 0.22, 0.271] mad 2.081 306.3s
[242/495 97.2m] ok   P06_09 frames 80605/80605 fps 59.94 filled 0 color [0.362, 0.07, 0.201] mad 2.534 2853.0s
[243/495 97.3m] ok   P14_01 frames 6252/6252 fps 59.94 filled 0 color [0.344, 0.173, 0.371] mad 2.235 269.4s
[244/495 97.9m] ok   P12_01 frames 24679/24679 fps 59.94 filled 0 color [0.315, 0.232, 0.233] mad 1.841 588.9s
[245/495 98.4m] ok   P09_103 frames 37180/37180 fps 50.00 filled 0 color [0.52, 0.117, 0.664] mad 2.933 1359.4s
[246/495 98.4m] ok   P14_05 frames 4265/4265 fps 59.94 filled 0 color [0.399, 0.203, 0.437] mad 2.088 183.0s
[247/495 98.5m] ok   P12_06 frames 10193/10193 fps 59.94 filled 0 color [0.251, 0.105, 0.313] mad 1.941 588.5s
[248/495 98.7m] ok   P15_01 frames 2810/2810 fps 59.94 filled 0 color [0.37, 0.268, 0.185] mad 2.487 107.7s
[249/495 99.3m] ok   P13_07 frames 9720/9720 fps 59.94 filled 0 color [0.389, 0.23, 0.244] mad 2.227 433.9s
[250/495 99.8m] ok   P15_11 frames 1649/1649 fps 59.94 filled 0 color [0.344, 0.113, 0.414] mad 2.455 67.4s
[251/495 99.9m] ok   P14_07 frames 5411/5411 fps 59.94 filled 0 color [0.355, 0.111, 0.377] mad 2.489 232.4s
[252/495 100.4m] ok   P13_10 frames 10587/10587 fps 59.94 filled 0 color [0.395, 0.11, 0.323] mad 2.19 474.3s
[253/495 100.5m] ok   P12_105 frames 15981/15981 fps 50.00 filled 0 color [0.593, 0.192, 0.522] mad 2.418 567.9s
[254/495 101.1m] ok   P14_04 frames 8439/8439 fps 59.94 filled 0 color [0.416, 0.076, 0.352] mad 1.699 349.2s
[255/495 101.1m] ok   P06_05 frames 86569/86569 fps 59.94 filled 0 color [0.396, 0.309, 0.295] mad 2.758 3123.8s
[256/495 101.4m] ok   P04_05 frames 123997/123997 fps 59.94 filled 0 color [0.378, 0.227, 0.577] mad 2.545 4556.6s
[257/495 101.7m] ok   P15_12 frames 3679/3679 fps 59.94 filled 0 color [0.354, 0.13, 0.148] mad 2.541 140.8s
[258/495 102.5m] ok   P13_04 frames 14871/14871 fps 59.94 filled 0 color [0.264, 0.187, 0.092] mad 2.048 664.2s
[259/495 102.8m] ok   P16_02 frames 3339/3339 fps 59.94 filled 0 color [0.349, 0.204, 0.394] mad 2.381 139.7s
[260/495 104.4m] ok   P11_16 frames 21211/21211 fps 59.94 filled 0 color [0.235, 0.164, 0.097] mad 2.396 985.7s
[261/495 105.6m] ok   P19_02 frames 4406/4406 fps 59.94 filled 0 color [0.199, 0.148, 0.485] mad 2.381 185.2s
[262/495 106.0m] ok   P15_07 frames 12416/12416 fps 59.94 filled 0 color [0.273, 0.233, 0.295] mad 2.399 482.4s
[263/495 106.4m] ok   P15_10 frames 11838/11838 fps 59.94 filled 0 color [0.228, 0.052, 0.302] mad 2.396 475.6s
[264/495 106.7m] ok   P14_09 frames 15180/15180 fps 59.94 filled 0 color [0.516, 0.107, 0.378] mad 2.007 597.8s
[265/495 106.8m] ok   P17_01 frames 7492/7492 fps 47.95 filled 0 color [0.24, 0.152, 0.359] mad 2.33 345.7s
[266/495 106.9m] ok   P06_101 frames 92955/92955 fps 50.00 filled 0 color [0.68, 0.098, 0.605] mad 2.562 3401.4s
[267/495 107.6m] ok   P11_15 frames 29405/29405 fps 59.94 filled 0 color [0.556, 0.085, 0.172] mad 2.436 1217.7s
[268/495 107.8m] ok   P11_104 frames 43086/43086 fps 50.00 filled 0 color [0.547, 0.112, 0.697] mad 2.503 1538.6s
[269/495 108.3m] ok   P12_103 frames 32046/32046 fps 50.00 filled 0 color [0.664, 0.205, 0.804] mad 2.55 1123.4s
[270/495 108.4m] ok   P19_03 frames 8168/8168 fps 59.94 filled 0 color [0.325, 0.092, 0.6] mad 2.147 334.9s
[271/495 109.4m] ok   P16_03 frames 12779/12779 fps 59.94 filled 0 color [0.433, 0.092, 0.283] mad 2.318 535.3s
[272/495 109.4m] ok   P13_05 frames 23845/23845 fps 59.94 filled 0 color [0.328, 0.192, 0.408] mad 2.109 1060.8s
[273/495 110.0m] ok   P15_03 frames 19796/19796 fps 59.94 filled 0 color [0.537, 0.243, 0.485] mad 2.393 767.3s
[274/495 113.7m] ok   P10_01 frames 54705/54705 fps 59.94 filled 0 color [0.38, 0.134, 0.196] mad 1.846 2234.2s
[275/495 114.0m] ok   P15_09 frames 23154/23154 fps 59.94 filled 0 color [0.358, 0.201, 0.09] mad 2.555 932.7s
[276/495 114.7m] ok   P13_09 frames 32425/32425 fps 59.94 filled 0 color [0.346, 0.09, 0.324] mad 2.074 1351.2s
[277/495 116.6m] ok   P01_109 frames 185402/185402 fps 50.00 filled 0 color [0.728, 0.19, 0.712] mad 2.961 6995.2s
[278/495 116.7m] ok   P20_03 frames 12771/12771 fps 59.94 filled 0 color [0.399, 0.134, 0.505] mad 2.09 614.9s
[279/495 118.9m] ok   P22_105 frames 3447/3447 fps 50.00 filled 0 color [0.443, 0.096, 0.286] mad 2.486 132.4s
[280/495 120.5m] ok   P12_02 frames 111125/111125 fps 59.94 filled 0 color [0.378, 0.142, 0.285] mad 2.167 1934.1s
[281/495 120.6m] ok   P10_02 frames 73288/73288 fps 59.94 filled 0 color [0.252, 0.208, 0.276] mad 2.258 2626.5s
[282/495 121.1m] ok   P22_102 frames 11508/11508 fps 50.00 filled 0 color [0.659, 0.249, 0.796] mad 2.631 423.8s
[283/495 121.9m] ok   P15_08 frames 33121/33121 fps 59.94 filled 0 color [0.177, 0.189, 0.208] mad 2.573 1409.2s
[284/495 122.9m] ok   P08_21 frames 84321/84321 fps 59.94 filled 0 color [0.244, 0.128, 0.07] mad 2.566 3081.6s
[285/495 123.1m] ok   P12_04 frames 114621/114621 fps 59.94 filled 0 color [0.325, 0.129, 0.332] mad 2.284 2078.0s
[286/495 124.5m] ok   P12_07 frames 47028/47028 fps 59.94 filled 0 color [0.213, 0.184, 0.09] mad 1.818 2108.2s
[287/495 125.5m] ok   P22_101 frames 18344/18344 fps 50.00 filled 0 color [0.505, 0.129, 0.108] mad 2.503 706.1s
[288/495 125.8m] ok   P08_23 frames 91755/91755 fps 59.94 filled 0 color [0.331, 0.265, 0.577] mad 2.959 3241.7s
[289/495 126.0m] ok   P15_02 frames 41670/41670 fps 59.94 filled 0 color [0.395, 0.288, 0.359] mad 2.633 1729.7s
[290/495 126.2m] ok   P12_104 frames 56840/56840 fps 50.00 filled 0 color [0.533, 0.256, 0.464] mad 2.68 2119.5s
[291/495 126.6m] ok   P20_02 frames 25666/25666 fps 59.94 filled 0 color [0.415, 0.078, 0.382] mad 2.77 1238.1s
[292/495 127.2m] ok   P22_108 frames 10859/10859 fps 50.00 filled 0 color [0.444, 0.179, 0.451] mad 2.777 398.9s
[293/495 129.4m] ok   P22_06 frames 26650/26650 fps 59.94 filled 0 color [-0.008, 0.118, 0.089] mad 2.172 1267.2s
[294/495 130.0m] ok   P22_09 frames 25584/25584 fps 59.94 filled 0 color [0.367, 0.15, 0.246] mad 2.384 1234.5s
[295/495 130.1m] ok   P08_05 frames 105120/105120 fps 59.94 filled 0 color [0.236, 0.154, 0.388] mad 2.621 3715.8s
[296/495 130.5m] ok   P01_09 frames 214049/214049 fps 59.94 filled 0 color [0.226, 0.12, 0.139] mad 2.102 7830.8s
[297/495 133.4m] ok   P17_04 frames 51024/51024 fps 47.95 filled 0 color [0.292, 0.089, 0.364] mad 1.968 1922.5s
[298/495 134.6m] ok   P22_106 frames 25587/25587 fps 50.00 filled 0 color [0.526, 0.117, 0.672] mad 2.681 943.9s
[299/495 134.7m] ok   P19_01 frames 46793/46793 fps 59.94 filled 0 color [0.515, 0.219, 0.7] mad 2.488 1982.9s
[300/495 135.2m] ok   P17_03 frames 46866/46866 fps 47.95 filled 0 color [0.239, 0.207, 0.462] mad 2.0 2044.7s
[301/495 135.5m] ok   P22_110 frames 20267/20267 fps 50.00 filled 0 color [0.286, 0.107, 0.503] mad 2.719 756.5s
[302/495 135.9m] ok   P07_10 frames 123498/123498 fps 59.94 filled 0 color [0.292, 0.114, 0.243] mad 1.969 4511.9s
[303/495 136.3m] ok   P21_03 frames 35123/35123 fps 59.94 filled 0 color [0.428, 0.233, 0.331] mad 2.555 1764.5s
[304/495 136.5m] ok   P22_104 frames 31567/31567 fps 50.00 filled 0 color [0.491, 0.05, 0.608] mad 2.484 1193.3s
[305/495 136.7m] ok   P22_112 frames 19711/19711 fps 50.00 filled 0 color [0.112, 0.058, 0.196] mad 2.645 732.8s
[306/495 136.8m] ok   P21_04 frames 34121/34121 fps 59.94 filled 0 color [0.394, 0.121, 0.304] mad 2.566 1752.8s
[307/495 137.0m] ok   P23_01 frames 5505/5505 fps 59.94 filled 0 color [0.163, 0.146, 0.28] mad 1.867 215.4s
[308/495 137.2m] ok   P10_04 frames 100695/100695 fps 29.97 filled 0 color [0.349, 0.152, 0.361] mad 2.344 3621.5s
[309/495 138.0m] ok   P22_11 frames 25595/25595 fps 59.94 filled 0 color [0.335, 0.172, 0.361] mad 2.165 963.4s
[310/495 138.1m] ok   P22_107 frames 29051/29051 fps 50.00 filled 0 color [0.342, 0.109, 0.469] mad 2.645 1060.3s
[311/495 138.8m] ok   P22_103 frames 39692/39692 fps 50.00 filled 0 color [0.153, 0.112, 0.528] mad 2.697 1445.4s
[312/495 140.1m] ok   P21_01 frames 41535/41535 fps 59.94 filled 0 color [0.255, 0.127, 0.399] mad 2.26 1998.7s
[313/495 140.2m] ok   P15_13 frames 57723/57723 fps 59.94 filled 0 color [0.377, 0.09, 0.202] mad 2.194 2425.4s
[314/495 140.5m] ok   P22_116 frames 24807/24807 fps 50.00 filled 0 color [0.361, 0.224, 0.554] mad 2.804 868.6s
[315/495 140.8m] ok   P22_115 frames 24706/24706 fps 50.00 filled 0 color [0.29, 0.168, 0.342] mad 2.8 900.2s
[316/495 140.8m] ok   P01_18 frames 221338/221338 fps 59.94 filled 0 color [0.467, 0.202, 0.36] mad 2.233 8448.0s
[317/495 143.7m] ok   P11_05 frames 109176/109176 fps 59.94 filled 0 color [0.474, 0.153, 0.326] mad 2.477 3849.7s
[318/495 143.9m] ok   P16_01 frames 74510/74510 fps 59.94 filled 0 color [0.435, 0.085, 0.43] mad 2.403 2643.9s
[319/495 144.1m] ok   P25_01 frames 6900/6900 fps 59.94 filled 0 color [0.39, 0.16, 0.273] mad 2.473 320.0s
[320/495 145.8m] ok   P22_113 frames 34116/34116 fps 50.00 filled 0 color [0.456, 0.211, 0.393] mad 2.733 1219.2s
[321/495 146.0m] ok   P22_13 frames 29995/29995 fps 59.94 filled 0 color [0.235, 0.176, 0.386] mad 2.092 1125.6s
[322/495 147.1m] ok   P19_04 frames 54792/54792 fps 59.94 filled 0 color [0.242, 0.131, 0.295] mad 1.986 2561.6s
[323/495 148.6m] ok   P25_03 frames 10890/10890 fps 59.94 filled 0 color [0.256, 0.212, 0.555] mad 2.486 503.3s
[324/495 149.6m] ok   P23_03 frames 21814/21814 fps 59.94 filled 0 color [0.185, 0.17, 0.332] mad 2.389 893.4s
[325/495 151.0m] ok   P12_101 frames 102293/102293 fps 50.00 filled 0 color [0.609, 0.05, 0.273] mad 2.569 3694.1s
[326/495 151.1m] ok   P22_08 frames 55214/55214 fps 59.94 filled 0 color [0.32, 0.19, 0.076] mad 2.312 2500.0s
[327/495 152.3m] ok   P25_02 frames 15202/15202 fps 59.94 filled 0 color [0.606, 0.19, 0.341] mad 2.552 728.9s
[328/495 152.4m] ok   P22_10 frames 57647/57647 fps 59.94 filled 0 color [0.37, 0.143, 0.158] mad 2.323 2540.8s
[329/495 152.7m] ok   P22_12 frames 41092/41092 fps 59.94 filled 0 color [0.103, 0.136, 0.12] mad 2.155 1568.0s
[330/495 153.8m] ok   P22_15 frames 36504/36504 fps 59.94 filled 0 color [0.28, 0.203, 0.241] mad 2.271 1427.4s
[331/495 154.3m] ok   P22_05 frames 74088/74088 fps 59.94 filled 0 color [0.19, 0.111, 0.188] mad 2.471 2788.0s
[332/495 154.5m] ok   P26_01 frames 4778/4778 fps 59.94 filled 0 color [0.335, 0.087, 0.231] mad 2.02 207.1s
[333/495 155.2m] ok   P22_117 frames 48591/48591 fps 50.00 filled 0 color [0.358, 0.139, 0.55] mad 2.553 1743.3s
[334/495 155.3m] ok   P25_12 frames 5757/5757 fps 59.94 filled 0 color [0.132, 0.086, 0.175] mad 1.859 254.3s
[335/495 155.4m] ok   P26_06 frames 1635/1635 fps 59.94 filled 0 color [0.35, 0.133, 0.279] mad 1.554 68.0s
[336/495 155.5m] ok   P26_07 frames 1461/1461 fps 59.94 filled 0 color [0.451, 0.177, 0.311] mad 1.533 59.2s
[337/495 155.6m] ok   P26_05 frames 2724/2724 fps 59.94 filled 0 color [0.279, 0.127, 0.335] mad 1.605 106.8s
[338/495 155.8m] ok   P20_01 frames 82625/82625 fps 59.94 filled 0 color [0.436, 0.159, 0.511] mad 2.42 3012.1s
[339/495 156.7m] ok   P22_14 frames 42166/42166 fps 59.94 filled 0 color [0.315, 0.131, 0.285] mad 2.238 1635.3s
[340/495 157.3m] ok   P26_08 frames 3098/3098 fps 59.94 filled 0 color [0.207, 0.136, 0.223] mad 1.549 125.2s
[341/495 157.6m] ok   P25_101 frames 21793/21793 fps 50.00 filled 0 color [0.463, 0.124, 0.534] mad 2.426 817.8s
[342/495 158.5m] ok   P26_04 frames 8719/8719 fps 59.94 filled 0 color [0.275, 0.191, 0.304] mad 1.707 344.2s
[343/495 158.7m] ok   P26_101 frames 5011/5011 fps 50.00 filled 0 color [0.552, 0.042, 0.599] mad 1.627 190.7s
[344/495 159.1m] ok   P25_102 frames 24889/24889 fps 50.00 filled 0 color [0.488, 0.199, 0.456] mad 2.284 897.9s
[345/495 159.9m] ok   P26_109 frames 1291/1291 fps 50.00 filled 0 color [0.501, 0.067, 0.467] mad 1.772 47.5s
[346/495 160.2m] ok   P24_03 frames 29343/29343 fps 59.94 filled 0 color [0.18, 0.139, 0.008] mad 2.208 1409.7s
[347/495 160.3m] ok   P26_106 frames 4424/4424 fps 50.00 filled 0 color [0.433, 0.182, 0.596] mad 2.314 162.6s
[348/495 160.3m] ok   P26_09 frames 7322/7322 fps 59.94 filled 0 color [0.206, 0.094, 0.343] mad 1.442 304.2s
[349/495 161.0m] ok   P26_102 frames 9098/9098 fps 50.00 filled 0 color [0.456, -0.006, 0.451] mad 1.427 327.7s
[350/495 161.1m] ok   P26_10 frames 8036/8036 fps 59.94 filled 0 color [0.459, 0.165, 0.248] mad 1.938 340.0s
[351/495 161.2m] ok   P25_10 frames 22455/22455 fps 59.94 filled 0 color [0.414, 0.111, 0.192] mad 2.286 1052.3s
[352/495 161.4m] ok   P24_04 frames 29599/29599 fps 59.94 filled 0 color [0.376, 0.267, 0.216] mad 2.453 1476.9s
[353/495 161.6m] ok   P25_103 frames 24772/24772 fps 50.00 filled 0 color [0.419, 0.147, 0.625] mad 2.485 948.5s
[354/495 162.9m] ok   P26_114 frames 2877/2877 fps 50.00 filled 0 color [0.402, 0.174, 0.583] mad 2.181 109.8s
[355/495 163.1m] ok   P26_113 frames 3444/3444 fps 50.00 filled 0 color [0.461, 0.066, 0.595] mad 1.808 125.4s
[356/495 163.4m] ok   P26_107 frames 8180/8180 fps 50.00 filled 0 color [0.453, 0.142, 0.545] mad 2.076 296.9s
[357/495 163.6m] ok   P26_11 frames 5883/5883 fps 59.94 filled 0 color [0.226, 0.2, 0.304] mad 2.134 225.2s
[358/495 164.2m] ok   P26_12 frames 1118/1118 fps 59.94 filled 0 color [0.215, 0.234, -0.085] mad 2.232 47.6s
[359/495 164.8m] ok   P26_03 frames 18731/18731 fps 59.94 filled 0 color [0.185, 0.134, 0.051] mad 2.005 745.8s
[360/495 164.8m] ok   P26_108 frames 9786/9786 fps 50.00 filled 0 color [0.476, 0.187, 0.587] mad 2.104 370.4s
[361/495 165.5m] ok   P24_06 frames 33944/33944 fps 59.94 filled 0 color [0.333, 0.211, 0.595] mad 2.406 1695.9s
[362/495 165.5m] ok   P26_111 frames 8611/8611 fps 50.00 filled 0 color [0.487, 0.147, 0.645] mad 2.244 313.1s
[363/495 165.6m] ok   P25_11 frames 22680/22680 fps 59.94 filled 0 color [0.3, 0.237, 0.211] mad 2.017 958.9s
[364/495 166.1m] ok   P26_14 frames 1944/1944 fps 59.94 filled 0 color [0.236, 0.168, 0.378] mad 1.853 77.6s
[365/495 166.3m] ok   P26_15 frames 2144/2144 fps 59.94 filled 0 color [0.219, 0.116, 0.358] mad 1.966 89.4s
[366/495 167.6m] ok   P26_116 frames 10013/10013 fps 50.00 filled 0 color [0.646, 0.141, 0.583] mad 2.008 372.5s
[367/495 167.7m] ok   P26_115 frames 10321/10321 fps 50.00 filled 0 color [0.558, 0.152, 0.698] mad 2.392 389.7s
[368/495 167.9m] ok   P26_20 frames 2248/2248 fps 59.94 filled 0 color [0.201, 0.054, 0.155] mad 1.98 94.7s
[369/495 168.1m] ok   P26_16 frames 3901/3901 fps 59.94 filled 0 color [0.326, 0.15, 0.335] mad 2.027 157.4s
[370/495 168.2m] ok   P26_17 frames 3980/3980 fps 59.94 filled 0 color [0.101, 0.265, 0.342] mad 2.162 160.6s
[371/495 168.3m] ok   P25_04 frames 35618/35618 fps 59.94 filled 0 color [0.28, 0.135, 0.109] mad 1.967 1672.2s
[372/495 168.5m] ok   P26_110 frames 13237/13237 fps 50.00 filled 0 color [0.583, 0.169, 0.59] mad 2.306 498.2s
[373/495 168.9m] ok   P26_13 frames 7386/7386 fps 59.94 filled 0 color [0.125, 0.162, 0.318] mad 2.003 282.1s
[374/495 169.8m] ok   P26_27 frames 1678/1678 fps 59.94 filled 0 color [0.37, 0.179, 0.395] mad 2.391 78.0s
[375/495 169.8m] ok   P26_25 frames 2358/2358 fps 59.94 filled 0 color [0.252, 0.093, 0.274] mad 2.203 100.5s
[376/495 170.3m] ok   P22_111 frames 77401/77401 fps 50.00 filled 0 color [0.426, 0.133, 0.728] mad 2.574 2831.2s
[377/495 170.6m] ok   P26_02 frames 27854/27854 fps 59.94 filled 0 color [0.507, 0.182, 0.475] mad 2.147 1099.4s
[378/495 170.7m] ok   P26_24 frames 3502/3502 fps 59.94 filled 0 color [0.104, 0.146, 0.243] mad 2.296 154.4s
[379/495 170.7m] ok   P25_104 frames 40506/40506 fps 50.00 filled 0 color [0.494, 0.047, 0.386] mad 2.171 1484.1s
[380/495 171.4m] ok   P26_26 frames 4218/4218 fps 59.94 filled 0 color [0.325, 0.211, 0.168] mad 2.217 182.6s
[381/495 171.7m] ok   P26_23 frames 5128/5128 fps 59.94 filled 0 color [0.231, 0.198, 0.029] mad 2.346 230.4s
[382/495 172.1m] ok   P26_29 frames 3325/3325 fps 59.94 filled 0 color [0.389, 0.103, 0.361] mad 2.066 136.5s
[383/495 172.5m] ok   P26_105 frames 24508/24508 fps 50.00 filled 0 color [0.345, 0.134, 0.417] mad 2.017 908.6s
[384/495 172.6m] ok   P26_112 frames 19875/19875 fps 50.00 filled 0 color [0.467, 0.037, 0.527] mad 2.33 736.2s
[385/495 173.0m] ok   P24_01 frames 43471/43471 fps 59.94 filled 0 color [0.393, 0.289, 0.263] mad 2.374 2200.2s
[386/495 173.5m] ok   P26_103 frames 29973/29973 fps 50.00 filled 0 color [0.354, 0.125, 0.56] mad 2.112 1059.6s
[387/495 173.8m] ok   P26_22 frames 8404/8404 fps 59.94 filled 0 color [0.222, 0.117, 0.066] mad 2.113 368.1s
[388/495 174.3m] ok   P26_28 frames 7911/7911 fps 59.94 filled 0 color [0.128, 0.148, 0.317] mad 2.096 324.2s
[389/495 174.6m] ok   P27_03 frames 5874/5874 fps 59.94 filled 0 color [0.312, 0.159, 0.41] mad 2.182 237.4s
[390/495 175.4m] ok   P26_118 frames 20708/20708 fps 50.00 filled 0 color [0.551, 0.075, 0.542] mad 2.141 751.8s
[391/495 176.7m] ok   P24_02 frames 48675/48675 fps 59.94 filled 0 color [0.163, 0.153, 0.112] mad 2.122 2413.4s
[392/495 176.8m] ok   P26_104 frames 34501/34501 fps 50.00 filled 0 color [0.441, 0.082, 0.442] mad 1.82 1204.7s
[393/495 178.0m] ok   P27_02 frames 10871/10871 fps 59.94 filled 0 color [0.234, 0.126, 0.35] mad 2.365 463.5s
[394/495 178.4m] ok   P22_17 frames 78155/78155 fps 59.94 filled 0 color [0.333, 0.161, 0.317] mad 2.211 2875.3s
[395/495 180.3m] ok   P22_109 frames 100440/100440 fps 50.00 filled 0 color [0.41, 0.2, 0.677] mad 2.702 3554.0s
[396/495 181.1m] ok   P28_10 frames 3654/3654 fps 59.94 filled 0 color [0.417, 0.12, 0.108] mad 2.297 161.8s
[397/495 181.3m] ok   P24_07 frames 54634/54634 fps 59.94 filled 0 color [0.175, 0.165, 0.21] mad 2.292 2599.8s
[398/495 181.7m] ok   P25_09 frames 52525/52525 fps 59.94 filled 0 color [0.427, 0.093, 0.265] mad 2.42 2453.9s
[399/495 181.8m] ok   P27_01 frames 16912/16912 fps 59.94 filled 0 color [0.452, 0.218, 0.299] mad 2.519 716.2s
[400/495 182.2m] ok   P22_16 frames 87612/87612 fps 59.94 filled 0 color [0.139, 0.052, 0.023] mad 2.177 3126.9s
[401/495 182.6m] ok   P28_07 frames 7840/7840 fps 59.94 filled 0 color [0.166, 0.045, 0.06] mad 2.079 355.1s
[402/495 183.0m] ok   P26_119 frames 34734/34734 fps 50.00 filled 0 color [0.76, 0.184, 0.993] mad 2.24 1191.3s
[403/495 183.0m] ok   P26_117 frames 35623/35623 fps 50.00 filled 0 color [0.376, 0.161, 0.524] mad 2.187 1284.4s
[404/495 183.3m] ok   P13_08 frames 147758/147758 fps 59.94 filled 0 color [0.428, 0.204, 0.262] mad 2.039 5468.6s
[405/495 183.4m] ok   P26_18 frames 26861/26861 fps 59.94 filled 0 color [0.444, 0.214, 0.256] mad 1.876 1071.4s
[406/495 184.3m] FAIL P28_107 frames 2443/2443 fps 50.00 filled 0 color [0.243, 0.188, 0.2] mad 3.086 99.6s  ['color diff [0.243, 0.188, 0.2] mad 3.086']
[407/495 185.2m] ok   P26_19 frames 28291/28291 fps 59.94 filled 0 color [0.346, 0.169, 0.343] mad 1.815 1146.9s
[408/495 185.9m] ok   P26_124 frames 38712/38712 fps 50.00 filled 0 color [0.491, 0.093, 0.54] mad 2.185 1337.1s
[409/495 186.6m] ok   P27_04 frames 19853/19853 fps 59.94 filled 0 color [0.283, 0.058, 0.311] mad 2.31 957.6s
[410/495 186.8m] ok   P26_21 frames 27900/27900 fps 59.94 filled 0 color [0.425, 0.094, 0.049] mad 2.294 1152.4s
[411/495 187.1m] ok   P23_101 frames 87305/87305 fps 50.00 filled 0 color [0.35, 0.081, 0.561] mad 2.438 3100.1s
[412/495 187.5m] ok   P28_110 frames 6783/6783 fps 50.00 filled 0 color [0.426, -0.001, 0.061] mad 2.555 243.3s
[413/495 187.7m] ok   P28_12 frames 1621/1621 fps 59.94 filled 0 color [0.162, 0.239, 0.289] mad 2.689 60.6s
[414/495 188.3m] ok   P20_04 frames 134930/134930 fps 59.94 filled 0 color [0.245, 0.209, 0.345] mad 2.275 4895.3s
[415/495 188.5m] ok   P28_106 frames 9894/9894 fps 50.00 filled 0 color [0.153, 0.236, 0.381] mad 2.734 374.0s
[416/495 188.8m] ok   P28_01 frames 20321/20321 fps 59.94 filled 0 color [0.383, 0.174, 0.395] mad 2.54 946.3s
[417/495 189.9m] ok   P28_109 frames 10802/10802 fps 50.00 filled 0 color [0.455, 0.148, 0.275] mad 2.887 410.5s
[418/495 190.0m] ok   P22_07 frames 130705/130705 fps 59.94 filled 0 color [0.118, 0.173, 0.266] mad 2.314 4896.0s
[419/495 192.2m] ok   P28_08 frames 20193/20193 fps 59.94 filled 0 color [0.114, 0.243, 0.123] mad 2.656 927.9s
[420/495 192.5m] ok   P30_01 frames 4488/4488 fps 59.94 filled 0 color [0.358, 0.065, 0.058] mad 2.272 221.9s
[421/495 193.0m] ok   P28_13 frames 8984/8984 fps 59.94 filled 0 color [0.206, 0.168, -0.018] mad 2.673 368.3s
[422/495 194.1m] FAIL P28_102 frames 20829/20829 fps 50.00 filled 0 color [-0.159, 0.164, -0.106] mad 3.497 777.0s  ['color diff [-0.159, 0.164, -0.106] mad 3.497']
[423/495 194.3m] ok   P25_05 frames 89414/89414 fps 59.94 filled 0 color [0.326, 0.087, 0.171] mad 2.187 3208.5s
[424/495 194.4m] ok   P23_02 frames 99993/99993 fps 59.94 filled 0 color [0.292, 0.108, 0.317] mad 1.958 3584.7s
[425/495 195.0m] ok   P28_04 frames 27159/27159 fps 59.94 filled 0 color [0.241, 0.22, 0.427] mad 2.851 1238.9s
[426/495 195.0m] ok   P25_106 frames 80991/80991 fps 50.00 filled 0 color [0.502, -0.033, 0.177] mad 2.578 2874.3s
[427/495 195.1m] ok   P24_08 frames 90681/90681 fps 59.94 filled 0 color [0.298, 0.223, 0.38] mad 2.595 3418.4s
[428/495 195.6m] ok   P28_108 frames 20665/20665 fps 50.00 filled 0 color [0.406, 0.2, 0.471] mad 2.991 753.7s
[429/495 195.8m] ok   P28_112 frames 17878/17878 fps 50.00 filled 0 color [0.482, 0.18, 0.808] mad 2.802 633.9s
[430/495 195.9m] ok   P28_02 frames 30351/30351 fps 59.94 filled 0 color [0.153, 0.221, 0.013] mad 2.61 1345.7s
[431/495 195.9m] ok   P29_02 frames 11602/11602 fps 59.94 filled 0 color [0.396, 0.164, 0.302] mad 2.227 497.4s
[432/495 196.8m] ok   P29_04 frames 10766/10766 fps 59.94 filled 0 color [0.364, 0.041, 0.195] mad 2.346 500.0s
[433/495 196.9m] ok   P24_05 frames 95957/95957 fps 59.94 filled 0 color [0.458, 0.278, 0.367] mad 2.714 3595.1s
[434/495 197.5m] ok   P28_05 frames 31394/31394 fps 59.94 filled 0 color [0.343, 0.19, 0.198] mad 2.887 1373.5s
[435/495 198.2m] ok   P28_11 frames 19676/19676 fps 59.94 filled 0 color [0.216, 0.225, 0.154] mad 2.735 895.2s
[436/495 199.0m] ok   P28_14 frames 16717/16717 fps 59.94 filled 0 color [0.063, 0.131, 0.013] mad 2.897 712.2s
[437/495 199.2m] ok   P30_112 frames 4045/4045 fps 50.00 filled 0 color [0.395, 0.075, 0.887] mad 2.835 143.9s
[438/495 199.4m] FAIL P28_105 frames 28587/28587 fps 50.00 filled 0 color [0.447, 0.329, 0.547] mad 3.03 1059.6s  ['color diff [0.447, 0.329, 0.547] mad 3.03']
[439/495 199.5m] ok   P30_02 frames 14249/14249 fps 59.94 filled 0 color [0.401, 0.121, 0.198] mad 2.509 577.3s
[440/495 199.8m] ok   P30_103 frames 9218/9218 fps 50.00 filled 0 color [0.523, 0.087, 0.279] mad 2.411 326.0s
[441/495 201.1m] ok   P30_114 frames 6116/6116 fps 50.00 filled 0 color [0.379, 0.137, 0.665] mad 2.423 221.6s
[442/495 201.2m] FAIL P28_101 frames 35885/35885 fps 50.00 filled 0 color [0.52, 0.213, 0.465] mad 3.304 1256.8s  ['color diff [0.52, 0.213, 0.465] mad 3.304']
[443/495 201.5m] FAIL P28_113 frames 26891/26891 fps 50.00 filled 0 color [0.621, 0.109, 0.415] mad 3.071 932.0s  ['color diff [0.621, 0.109, 0.415] mad 3.071']
[444/495 202.6m] FAIL P27_105 frames 48888/48888 fps 50.00 filled 0 color [0.801, 0.045, 1.136] mad 4.112 1800.3s  ['color diff [0.801, 0.045, 1.136] mad 4.112']
[445/495 202.9m] ok   P28_09 frames 29914/29914 fps 59.94 filled 0 color [0.088, 0.168, 0.361] mad 2.777 1492.4s
[446/495 203.5m] FAIL P27_104 frames 52665/52665 fps 50.00 filled 0 color [0.927, 0.12, 0.719] mad 3.115 1864.4s  ['color diff [0.927, 0.12, 0.719] mad 3.115']
[447/495 203.5m] ok   P30_110 frames 13005/13005 fps 50.00 filled 0 color [0.665, 0.163, 0.43] mad 2.699 458.5s
[448/495 203.7m] ok   P31_04 frames 5788/5788 fps 59.94 filled 0 color [0.163, 0.15, 0.122] mad 2.494 253.9s
[449/495 204.4m] FAIL P28_104 frames 35967/35967 fps 50.00 filled 0 color [0.706, 0.011, -0.054] mad 3.374 1362.0s  ['color diff [0.706, 0.011, -0.054] mad 3.374']
[450/495 204.6m] ok   P30_104 frames 15877/15877 fps 50.00 filled 0 color [0.767, 0.118, 0.377] mad 2.306 575.7s
[h264 @ 0x55a8f3280580] Invalid NAL unit size (-366219444 > 28865).
[h264 @ 0x55a8f3280580] Error splitting the input into NAL units.
Error while decoding stream #0:0: Invalid data found when processing input
[h264 @ 0x55a8f324cb40] Invalid NAL unit size (1772672833 > 156303).
[h264 @ 0x55a8f324cb40] Error splitting the input into NAL units.
Error while decoding stream #0:0: Invalid data found when processing input
[h264 @ 0x55e9aed97600] cabac decode of qscale diff failed at 95 36
[h264 @ 0x55e9aed97600] error while decoding MB 95 36, bytestream 3151
[h264 @ 0x55e9aec77440] Invalid NAL unit size (-1267814085 > 19370).
[h264 @ 0x55e9aec77440] Error splitting the input into NAL units.
Error while decoding stream #0:0: Invalid data found when processing input
[451/495 207.8m] ok   P28_111 frames 38205/38205 fps 50.00 filled 0 color [0.7, 0.106, 0.471] mad 2.884 1409.2s
[452/495 207.9m] ok   P30_109 frames 20908/20908 fps 50.00 filled 0 color [0.55, 0.178, 0.679] mad 2.534 742.1s
[453/495 208.0m] ok   P30_113 frames 18332/18332 fps 50.00 filled 0 color [0.23, 0.044, 0.342] mad 2.019 662.0s
[454/495 208.2m] ok   P31_06 frames 11235/11235 fps 59.94 filled 0 color [0.187, 0.242, 0.264] mad 2.428 502.5s
[455/495 208.2m] ok   P31_02 frames 12504/12504 fps 59.94 filled 0 color [0.088, 0.045, 0.062] mad 2.047 553.2s
[456/495 210.7m] ok   P30_03 frames 31241/31241 fps 59.94 filled 0 color [0.35, 0.184, 0.329] mad 2.318 1246.5s
[457/495 210.8m] ok   P31_03 frames 16447/16447 fps 59.94 filled 0 color [0.269, 0.116, 0.235] mad 2.348 698.3s
[458/495 210.8m] ok   P28_03 frames 46903/46903 fps 59.94 filled 0 color [0.17, 0.157, 0.295] mad 2.405 2221.5s
[459/495 211.3m] ok   P28_06 frames 44596/44596 fps 59.94 filled 0 color [0.236, 0.102, 0.059] mad 2.432 2153.9s
[460/495 211.4m] ok   P30_11 frames 20656/20656 fps 59.94 filled 0 color [0.145, 0.059, 0.074] mad 2.148 938.0s
[461/495 212.1m] ok   P30_06 frames 24057/24057 fps 59.94 filled 0 color [0.233, 0.072, 0.296] mad 2.232 1147.9s
[462/495 212.4m] ok   P31_07 frames 15123/15123 fps 59.94 filled 0 color [0.373, 0.158, 0.15] mad 2.243 675.0s
[463/495 212.4m] ok   P30_101 frames 31432/31432 fps 50.00 filled 0 color [0.375, 0.206, 0.512] mad 2.571 1089.8s
[464/495 212.6m] ok   P30_108 frames 28765/28765 fps 50.00 filled 0 color [0.381, 0.091, 0.544] mad 2.398 1049.0s
[465/495 213.2m] ok   P31_09 frames 15279/15279 fps 59.94 filled 0 color [0.264, 0.012, 0.183] mad 2.133 705.3s
[466/495 213.3m] ok   P27_101 frames 68010/68010 fps 50.00 filled 0 color [0.423, -0.009, 0.125] mad 2.901 2492.6s
[467/495 213.9m] ok   P25_107 frames 110648/110648 fps 50.00 filled 0 color [0.26, 0.16, 0.421] mad 2.623 3917.3s
[468/495 215.0m] ok   P23_04 frames 134710/134710 fps 59.94 filled 0 color [0.315, 0.143, 0.492] mad 2.13 4792.1s
[469/495 215.2m] ok   P27_06 frames 53908/53908 fps 59.94 filled 0 color [0.106, 0.15, 0.418] mad 2.374 2670.6s
[470/495 215.2m] ok   P35_101 frames 19413/19413 fps 50.00 filled 0 color [0.361, 0.141, 0.646] mad 2.843 701.0s
[471/495 217.4m] ok   P31_14 frames 18793/18793 fps 59.94 filled 0 color [0.514, 0.115, 0.362] mad 2.159 869.3s
[472/495 217.9m] ok   P27_07 frames 57184/57184 fps 59.94 filled 0 color [0.466, 0.286, 0.544] mad 2.532 2793.7s
[473/495 218.4m] ok   P31_01 frames 28493/28493 fps 59.94 filled 0 color [0.119, 0.146, 0.036] mad 2.342 1213.7s
[474/495 218.9m] ok   P31_05 frames 28974/28974 fps 59.94 filled 0 color [0.025, 0.31, 0.024] mad 2.511 1164.3s
[475/495 219.4m] ok   P37_103 frames 19756/19756 fps 50.00 filled 0 color [0.435, 0.179, 0.7] mad 2.85 672.3s
[476/495 222.1m] ok   P30_04 frames 42560/42560 fps 59.94 filled 0 color [0.118, 0.157, 0.295] mad 2.314 1792.1s
[477/495 225.9m] ok   P37_102 frames 34131/34131 fps 50.00 filled 0 color [0.535, 0.123, 0.479] mad 2.69 1061.8s
[478/495 226.5m] ok   P30_10 frames 47506/47506 fps 59.94 filled 0 color [0.262, 0.126, 0.322] mad 2.512 1941.7s
[479/495 229.1m] ok   P31_13 frames 39457/39457 fps 59.94 filled 0 color [0.176, 0.146, -0.059] mad 2.142 1586.5s
[480/495 231.5m] FAIL P28_103 frames 91258/91258 fps 50.00 filled 0 color [0.166, 0.189, 0.297] mad 3.965 3011.2s  ['color diff [0.166, 0.189, 0.297] mad 3.965']
[481/495 233.0m] ok   P31_08 frames 50226/50226 fps 59.94 filled 0 color [0.247, 0.123, -0.051] mad 2.46 1903.0s
[482/495 234.3m] ok   P35_109 frames 56474/56474 fps 50.00 filled 0 color [0.56, 0.075, 0.677] mad 2.79 1583.3s
[483/495 234.8m] FAIL P23_102 frames 178476/178476 fps 50.00 filled 0 color [0.436, -0.01, 0.49] mad 3.031 5935.0s  ['color diff [0.436, -0.01, 0.49] mad 3.031']
[h264 @ 0x55a2f2a09680] Invalid NAL unit size (-366219444 > 28865).
[h264 @ 0x55a2f2a09680] Error splitting the input into NAL units.
[h264 @ 0x55a2f21d1b00] Invalid NAL unit size (1772672833 > 156303).
[h264 @ 0x55a2f21d1b00] Error splitting the input into NAL units.
[484/495 236.6m] ok   P27_103 frames 122428/122428 fps 50.00 filled 0 color [0.712, 0.095, 0.487] mad 2.762 3872.7s
[h264 @ 0x55a2f2a09680] Invalid NAL unit size (-366219444 > 28865).
[h264 @ 0x55a2f2a09680] Error splitting the input into NAL units.
[h264 @ 0x55a2f21d1b00] Invalid NAL unit size (1772672833 > 156303).
[h264 @ 0x55a2f21d1b00] Error splitting the input into NAL units.
[h264 @ 0x55a2f2a09680] Invalid NAL unit size (-366219444 > 28865).
[h264 @ 0x55a2f2a09680] Error splitting the input into NAL units.
[h264 @ 0x55a2f21d1b00] Invalid NAL unit size (1772672833 > 156303).
[h264 @ 0x55a2f21d1b00] Error splitting the input into NAL units.
[485/495 238.1m] ok   P35_103 frames 75624/75624 fps 50.00 filled 0 color [0.607, 0.143, 0.773] mad 2.827 2070.5s
[486/495 238.3m] ok   P30_111 frames 92013/92013 fps 50.00 filled 0 color [0.539, 0.033, 0.045] mad 2.052 2539.4s
[487/495 240.2m] ok   P35_107 frames 82022/82022 fps 50.00 filled 0 color [0.443, 0.157, 0.572] mad 2.694 2139.0s
[488/495 241.9m] ok   P37_101 frames 84073/84073 fps 50.00 filled 0 color [0.521, 0.17, 0.565] mad 2.398 2034.8s
[489/495 242.3m] ok   P29_03 frames 124355/124355 fps 59.94 filled 0 color [0.488, 0.119, 0.251] mad 2.222 3238.0s
[490/495 245.0m] ok   P29_01 frames 80947/80947 fps 59.94 filled 46 color [0.24, 0.148, 0.211] mad 2.327 922.4s
[491/495 245.7m] ok   P35_105 frames 107413/107413 fps 50.00 filled 0 color [0.144, 0.2, 0.637] mad 2.882 2480.2s
[492/495 250.6m] ok   P30_107 frames 149708/149708 fps 50.00 filled 0 color [0.42, 0.037, 0.584] mad 2.505 3334.6s
[493/495 255.3m] FAIL P35_108 frames 150754/150754 fps 50.00 filled 0 color [0.149, 0.09, 0.741] mad 3.123 2853.0s  ['color diff [0.149, 0.09, 0.741] mad 3.123']
[494/495 257.3m] FAIL P35_104 frames 167522/167522 fps 50.00 filled 0 color [0.245, 0.101, 0.425] mad 3.044 3216.0s  ['color diff [0.245, 0.101, 0.425] mad 3.044']
[h264 @ 0x55a2f30fa1c0] Invalid NAL unit 0, skipping.
[h264 @ 0x55a2f219bcc0] Invalid NAL unit size (-1267814085 > 19370).
[h264 @ 0x55a2f219bcc0] Error splitting the input into NAL units.
[h264 @ 0x55a2f30fa1c0] cabac decode of qscale diff failed at 95 36
[h264 @ 0x55a2f30fa1c0] error while decoding MB 95 36, bytestream 3151
[h264 @ 0x55a2f30fa1c0] Invalid NAL unit 21, skipping.
[h264 @ 0x55a2f219bcc0] Invalid NAL unit size (-1267814085 > 19370).
[h264 @ 0x55a2f219bcc0] Error splitting the input into NAL units.
[h264 @ 0x55a2f30fa1c0] cabac decode of qscale diff failed at 95 36
[h264 @ 0x55a2f30fa1c0] error while decoding MB 95 36, bytestream 3151
[495/495 279.7m] ok   P30_05 frames 195523/195523 fps 59.94 filled 50 color [0.214, 0.204, 0.132] mad 2.34 1448.9s
끝: ok 459 / 495  실패 ['P02_10', 'P02_11', 'P02_120', 'P04_106', 'P02_129', 'P04_111', 'P04_11', 'P04_20', 'P04_17', 'P04_117', 'P04_104', 'P04_112', 'P04_110', 'P06_110', 'P04_109', 'P06_107', 'P04_119', 'P01_105', 'P04_120', 'P06_108', 'P04_107', 'P02_09', 'P04_121', 'P08_24', 'P28_107', 'P28_102', 'P28_105', 'P28_101', 'P28_113', 'P27_105', 'P27_104', 'P28_104', 'P28_103', 'P23_102', 'P35_108', 'P35_104']  (279.8 분)
